D/MoPub   (28945): Loading ad from: http://ads.mopub.com/m/ad?id=d7701c27bdb14a4bb515ec59c2a14392&nsv=3.7.0&dn=samsung%2CGT-N7100%2Ct03gxx&bundle=com.cleanmaster.mguard&z=%2B0700&o=p&w=720&h=1280&sc_a=2.0&mcc=452&mnc=02&iso=vn&cn=VN%20VINAPHONE&ct=2&av=5.10.8&udid=mp_tmpl_advertising_id&dnt=mp_tmpl_do_not_track
E/rcmdlog (28945): is screen locked false
E/rcmdlog (28945): is screen locked false
D/rcmdlog (28945): is picks ad
D/MoPub   (28945): Unable to obtain Google AdvertisingIdClient.Info via reflection.
E/rcmdlog (28945): is fb ad
D/PicasaUploaderSyncManager( 1782): battery info: false
E/rcmdlog (28945): fb ad load index:0
E/rcmdlog (28945): fb ad load index:1
E/rcmdlog (28945): fb ad load index:2
E/rcmdlog (28945): fb ad load time :22
D/UsbDeviceManager( 2379): handleMessage -> MSG_UPDATE_STATE connected = 0,configured = 0
D/UsbDeviceManager( 2379): updateUsbNotification : mConnected = false, mConfigured = false, mCurrentFunctions = mtp,adb
D/dalvikvm(25332): GC_CONCURRENT freed 78K, 32% free 12348K/17980K, paused 3ms+8ms, total 42ms
W/Settings(28945): Setting android_id has moved from android.provider.Settings.System to android.provider.Settings.Secure, returning read-only value.
D/STATUSBAR-StatusBarManagerService( 2379): sendNotification(3) - 17041089
D/LightsService( 2379): [api] [SvcLED] turnOff:: id = 4 (uid: 1000 pid: 2379) 
D/LightsService( 2379): [SvcLED] setSvcLedStateLocked:: SvcLEDState : 0x0 -> 0x0 | SvcLED(id=4) set Off
D/LightsService( 2379): [SvcLED] Lux failed to be updated in 700ms. -> handleForcedSvcLEDTasK
D/LightsService( 2379): [SvcLED]  setSvcLedLightLocked :: Current SvcLED(id=3) maintains its priority right
D/UsbDeviceManager( 2379): updateUsbNotification : cancel id = 17041089, title = Được kết nối như thiết bị media
D/UsbDeviceManager( 2379): sending intent : ACTION_USB_STATE : connected = false, configured = false, functions = mtp,adb
I/dalvikvm( 1798): Could not find method android.app.ActivityManager.isLowRamDevice, referenced from method com.google.android.apps.chrome.icing.IcingProvider.isSvelteDeviceV19
W/dalvikvm( 1798): VFY: unable to resolve virtual method 151: Landroid/app/ActivityManager;.isLowRamDevice ()Z
D/dalvikvm( 1798): VFY: replacing opcode 0x6e at 0x0009
D/rcmdlog (28945): on picks load success results:10
E/rcmdlog (28945): show pick: 0 total:10
D/dalvikvm( 1798): DexOpt: couldn't find static field Landroid/support/v4/app/d;.common_ic_googleplayservices
W/dalvikvm( 1798): VFY: unable to resolve static field 480 (common_ic_googleplayservices) in Landroid/support/v4/app/d;
D/dalvikvm( 1798): VFY: replacing opcode 0x60 at 0x0051
I/dalvikvm( 1798): Could not find method android.app.Notification$Builder.setLocalOnly, referenced from method com.google.android.gms.common.e.a
W/dalvikvm( 1798): VFY: unable to resolve virtual method 324: Landroid/app/Notification$Builder;.setLocalOnly (Z)Landroid/app/Notification$Builder;
D/dalvikvm( 1798): VFY: replacing opcode 0x6e at 0x018f
I/dalvikvm( 1798): Could not find method android.app.AppOpsManager.checkPackage, referenced from method com.google.android.gms.common.e.a
W/dalvikvm( 1798): VFY: unable to resolve virtual method 186: Landroid/app/AppOpsManager;.checkPackage (ILjava/lang/String;)V
D/dalvikvm( 1798): VFY: replacing opcode 0x6e at 0x0011
I/dalvikvm( 1798): Could not find method android.content.pm.PackageManager.getPackageInstaller, referenced from method com.google.android.gms.common.e.a
W/dalvikvm( 1798): VFY: unable to resolve virtual method 649: Landroid/content/pm/PackageManager;.getPackageInstaller ()Landroid/content/pm/PackageInstaller;
D/dalvikvm( 1798): VFY: replacing opcode 0x6e at 0x000b
D/dalvikvm( 1798): DexOpt: couldn't find static field Landroid/support/v4/app/d;.common_full_open_on_phone
I/dalvikvm( 1798): DexOpt: unable to optimize static field ref 0x01df at 0x85 in Lcom/google/android/gms/common/e;.a
D/rcmdlog (28945): update picks view state:false
D/dalvikvm( 2379): GC_EXPLICIT freed 1320K, 21% free 48531K/61168K, paused 4ms+13ms, total 173ms
V/MediaScanner(25332): processDirectory :  /storage/emulated/0
D/dalvikvm( 1798): DexOpt: couldn't find field Landroid/content/pm/PackageInfo;.splitNames
W/dalvikvm( 1798): VFY: unable to resolve instance field 69
D/dalvikvm( 1798): VFY: replacing opcode 0x54 at 0x000c
D/dalvikvm( 1798): DexOpt: couldn't find field Landroid/content/pm/PackageInfo;.splitNames
I/dalvikvm( 1798): DexOpt: unable to optimize instance field ref 0x0045 at 0x11 in Lorg/chromium/base/BuildInfo;.hasLanguageApkSplits
D/dalvikvm( 1798): DexOpt: couldn't find field Landroid/content/pm/PackageInfo;.splitNames
I/dalvikvm( 1798): DexOpt: unable to optimize instance field ref 0x0045 at 0x16 in Lorg/chromium/base/BuildInfo;.hasLanguageApkSplits
D/FacebookAdsSDK(28945): {APPVERS=5.10.8, TEMPLATE_ID=200, SDK=android, IDFA=d0496180-ace7-4b95-b6d0-440a70db1e61, BUNDLE=com.cleanmaster.mguard, MAKE=samsung, SDK_CAPABILITY=[3,4,5,7,11], CARRIER=VN VINAPHONE, DENSITY=2.0, REQUEST_TYPE=0, NUM_ADS_REQUESTED=1, PLACEMENT_TYPE=native, SDK_VERSION=4.1.2, ATTRIBUTION_ID=a64ca3db-fe3d-4fbe-8c3e-1ce07f30ac68, VIEWABLE=1, SCHEMA=json, ADAPTERS=AN, OS=Android, APPBUILD=51082472, OSVERS=4.3, PLACEMENT_ID=500847713340465_859852634106636, LOCALE=vi_VN, MODEL=GT-N7100, IDFA_FLAG=1, SCREEN_WIDTH=360, COPPA=false, SCREEN_HEIGHT=640, APPNAME=Clean Master, CLIENT_EVENTS=}
D/FacebookAdsSDK(28945): Facebook Ads SDK req start delay=206ms
D/dalvikvm( 1798): DexOpt: couldn't find field Landroid/content/pm/PackageInfo;.splitNames
W/dalvikvm( 1798): VFY: unable to resolve instance field 69
D/dalvikvm( 1798): VFY: replacing opcode 0x54 at 0x0011
D/dalvikvm( 1798): DexOpt: couldn't find field Landroid/content/pm/PackageInfo;.splitNames
I/dalvikvm( 1798): DexOpt: unable to optimize instance field ref 0x0045 at 0x16 in Lorg/chromium/base/library_loader/LibraryLoader;.getLibraryApkPath
D/dalvikvm( 1798): DexOpt: couldn't find field Landroid/content/pm/PackageInfo;.splitNames
I/dalvikvm( 1798): DexOpt: unable to optimize instance field ref 0x0045 at 0x1b in Lorg/chromium/base/library_loader/LibraryLoader;.getLibraryApkPath
D/dalvikvm( 1798): DexOpt: couldn't find field Landroid/content/pm/ApplicationInfo;.splitSourceDirs
I/dalvikvm( 1798): DexOpt: unable to optimize instance field ref 0x003b at 0x25 in Lorg/chromium/base/library_loader/LibraryLoader;.getLibraryApkPath
I/GCoreUlr( 2757): Starting service, intent=Intent { act=com.google.android.location.reporting.ACTION_UPDATE_WORLD cmp=com.google.android.gms/com.google.android.location.reporting.service.DispatchingService (has extras) }, extras=Bundle[{receiverAction=android.intent.action.ACTION_POWER_DISCONNECTED}]
I/GCoreUlr( 2757): DispatchingService.onCreate()
D/FacebookAdsSDK(28945): {APPVERS=5.10.8, TEMPLATE_ID=200, SDK=android, IDFA=d0496180-ace7-4b95-b6d0-440a70db1e61, BUNDLE=com.cleanmaster.mguard, MAKE=samsung, SDK_CAPABILITY=[3,4,5,7,11], CARRIER=VN VINAPHONE, DENSITY=2.0, REQUEST_TYPE=0, NUM_ADS_REQUESTED=1, PLACEMENT_TYPE=native, SDK_VERSION=4.1.2, ATTRIBUTION_ID=a64ca3db-fe3d-4fbe-8c3e-1ce07f30ac68, VIEWABLE=1, SCHEMA=json, ADAPTERS=AN, OS=Android, APPBUILD=51082472, OSVERS=4.3, PLACEMENT_ID=500847713340465_859852670773299, LOCALE=vi_VN, MODEL=GT-N7100, IDFA_FLAG=1, SCREEN_WIDTH=360, COPPA=false, SCREEN_HEIGHT=640, APPNAME=Clean Master, CLIENT_EVENTS=}
I/iu.Environment( 2451): update battery state; isPlugged? false*
D/FacebookAdsSDK(28945): Facebook Ads SDK req start delay=255ms
D/MediaScanner(25332): Skipping:
D/MediaScanner(25332): 7klwibgf7fvntblfd7(7Budiwrd7dblb7
D/NPS_WSSNPS( 1507): [] KIES_WSSERVICE_STOP : false
D/MediaScanner(25332): Skipping:
D/MediaScanner(25332): 7klwibgf7fvntblfd7(7Budiwrd7dblbk7
D/AndroidRuntime( 1733): Shutting down VM
D/MediaScanner(25332): Skipping:
D/MediaScanner(25332): 7klwibgf7fvntblfd7(75ebcf7
D/dalvikvm( 1733): GC_CONCURRENT freed 94K, 12% free 719K/816K, paused 0ms+0ms, total 4ms
E/SELinux ( 1824): Function: selinux_android_load_priority [0], There is no sepolicy file 
E/SELinux ( 1824):  
E/SELinux ( 1824): Function: selinux_android_load_priority , loading version is VE=SEPF_GT-N7100_4.3_0046
E/SELinux ( 1824):  
E/SELinux ( 1824):  
E/SELinux ( 1824): selinux_android_seapp_context_reload: seapp_contexts file is loaded from /data/security/spota/seapp_contexts
D/dalvikvm( 2757): GC_CONCURRENT freed 742K, 16% free 12292K/14604K, paused 4ms+4ms, total 52ms
D/dalvikvm( 2757): WAIT_FOR_CONCURRENT_GC blocked 42ms
D/FacebookAdsSDK(28945): {APPVERS=5.10.8, TEMPLATE_ID=200, SDK=android, IDFA=d0496180-ace7-4b95-b6d0-440a70db1e61, BUNDLE=com.cleanmaster.mguard, MAKE=samsung, SDK_CAPABILITY=[3,4,5,7,11], CARRIER=VN VINAPHONE, DENSITY=2.0, REQUEST_TYPE=0, NUM_ADS_REQUESTED=1, PLACEMENT_TYPE=native, SDK_VERSION=4.1.2, ATTRIBUTION_ID=a64ca3db-fe3d-4fbe-8c3e-1ce07f30ac68, VIEWABLE=1, SCHEMA=json, ADAPTERS=AN, OS=Android, APPBUILD=51082472, OSVERS=4.3, PLACEMENT_ID=500847713340465_859852860773280, LOCALE=vi_VN, MODEL=GT-N7100, IDFA_FLAG=1, SCREEN_WIDTH=360, COPPA=false, SCREEN_HEIGHT=640, APPNAME=Clean Master, CLIENT_EVENTS=}
D/dalvikvm( 1950): GC_EXPLICIT freed 43K, 13% free 9889K/11288K, paused 1ms+2ms, total 32ms
D/FacebookAdsSDK(28945): Facebook Ads SDK req start delay=321ms
D/dalvikvm( 1950): GC_EXPLICIT freed <1K, 13% free 9889K/11288K, paused 1ms+2ms, total 22ms
D/STATUSBAR-IconMerger( 2645): checkOverflow(288), More:false, Req:false Child:3
I/iu.UploadsManager( 2451): num queued entries: 0
D/dalvikvm( 1950): GC_EXPLICIT freed <1K, 13% free 9889K/11288K, paused 2ms+2ms, total 21ms
E/MTPRx   ( 1824): In MtpReceiverandroid.hardware.usb.action.USB_STATE
E/MTPRx   ( 1824): check value of boot_completed is1
E/MTPRx   ( 1824): check booting is completed_sys.boot_completed
E/MTPRx   ( 1824): Sd-Card path/storage/extSdCard
E/MTPRx   ( 1824): Status for mount/Unmount :removed
E/MTPRx   ( 1824): SDcard is not available
E/MTPRx   ( 1824): The value of first_boot is  1
E/MTPRx   ( 1824): [ 662] The value of first_boot is  1NORMAL SEQUENCE 
I/iu.UploadsManager( 2451): num updated entries: 0
W/MTPRx   ( 1824): value of connected isfalse
W/MTPRx   ( 1824): value of configured isfalse
W/MTPRx   ( 1824): value of mtpEnabled istrue
W/MTPRx   ( 1824): value of ptpEnabled isfalse
E/MTPRx   ( 1824): Received USB_STATE with sdCardLaunch = 0
W/MTPRx   ( 1824): value of usb30DelayTime is 10
E/MTPRx   ( 1824): configured is false
D/TMSERVER/TMNetworkReceiver( 1534): TMNetworkReceiver.TMNetworkReceiver() Enter 1 main
D/TMSERVER/TMNetworkReceiver( 1534): TMNetworkReceiver.StartTMHandler - enter
D/TMSERVER/TMNetworkReceiver( 1534): TMNetworkReceiver.StartTMHandler - exit
D/TMSERVER/TMNetworkReceiver( 1534): TMNetworkReceiver.onReceive() Enter
D/TMSERVER/TMNetworkReceiver( 1534): TMNetworkReceiver.onReceive() Action android.hardware.usb.action.USB_STATE
D/TMSERVER/TMNetworkReceiver( 1534): TMNetworkReceiver.onReceive() on USB - connected:false, configured :false, isUsbCableConnected = false
D/TMSERVER/TMNetworkReceiver( 1534): TMNetworkReceiver.onReceive() USB NOT CONNECTED
D/TMSERVER/TMNetworkReceiver( 1534): TMNetworkReceiver.onReceive() Exit 
D/TMSERVER/TMLogRemovalReceiver( 1534): TMLogRemovalReceiver.onReceive() Enter isCalled =true
D/TMSERVER/TMLogRemovalReceiver( 1534): TMLogRemovalReceiver.onReceive() Exit
I/iu.SyncManager( 2451): NEXT; no task
I/GCoreUlr( 2757): WorldUpdater received intent Intent { act=com.google.android.location.reporting.ACTION_UPDATE_WORLD cmp=com.google.android.gms/com.google.android.location.reporting.service.DispatchingService (has extras) } with receiverAction android.intent.action.ACTION_POWER_DISCONNECTED
D/Kies    ( 1945): __dr_Sigchld_handler entered
D/Kies    ( 1945): dr_Sigchld_handler spid : 1733
D/Kies    ( 1945): sending intent finished.
D/Kies    ( 1945): KIES_WSSERVICE_STOP sending intent result = 1.
D/Kies    ( 1945): intent start
D/Kies    ( 1945): pid init
D/Kies    ( 1945): execretrun init
D/Kies    ( 1945): fork success
D/Kies    ( 1945): child pid = 1841.
D/Kies    ( 1945): child get
D/Kies    ( 1945): process kill start
D/Kies    ( 1841): fork success
D/Kies    ( 1841): child pid = 0.
D/Kies    ( 1841): child get
D/Kies    ( 1841): execute sh.
D/AT_Distributor( 1969): Send Msg [UART > ATD] 1 bytes <>
I/GCoreUlr( 2757): Dropping 2 PersistentPref keys; [account#-15#, account#-3#, account#10#, account#6#]
D/STATUSBAR-NetworkController( 2645): refreshSignalCluster: data=0 bt=false
D/STATUSBAR-IconMerger( 2645): checkOverflow(288), More:false, Req:false Child:3
I/FacebookAdsSDK(28945): Facebook Ads SDK req complete 639ms 
I/FacebookAdsSDK(28945): AdProvider completed in 642ms
E/rcmdlog (28945): fb ad load success,notify data change
D/rcmdlog (28945): fb ad load state:true
E/rcmdlog (28945): the app life is:401118
E/rcmdlog (28945): screen not running
D/rcmdlog (28945): returning new fb ad
E/rcmdlog (28945): the app life is:401118
E/rcmdlog (28945): screen ad onLoaded task:Type_Battery_Connect adTitle:Chữa trị bệnh trĩ an toàn
E/zyb libadimgcache(28945): ScreenSaverAdManager getnew ad and next cache the images sourcePlace:3
V/ThinDownloadManager(28945): Download initiated for 1
V/ThinDownloadManager(28945): Download initiated for 2
I/FacebookAdsSDK(28945): Facebook Ads SDK req complete 666ms 
I/FacebookAdsSDK(28945): AdProvider completed in 676ms
E/rcmdlog (28945): fb ad load success,add data to cache
V/UsbDeviceManager( 2379): USB UEVENT: {USB_STATE=DISCONNECTED, SUBSYSTEM=android_usb, DEVPATH=/devices/virtual/android_usb/android0, SEQNUM=65926, ACTION=change}
I/FacebookAdsSDK(28945): Facebook Ads SDK req complete 707ms 
I/FacebookAdsSDK(28945): AdProvider completed in 758ms
E/rcmdlog (28945): fb ad load success,add data to cache
D/dalvikvm(28945): GC_CONCURRENT freed 1209K, 31% free 14632K/20984K, paused 11ms+16ms, total 70ms
D/AndroidRuntime( 1841): 
D/AndroidRuntime( 1841): >>>>>> AndroidRuntime START com.android.internal.os.RuntimeInit <<<<<<
D/AndroidRuntime( 1841): CheckJNI is OFF
D/AndroidRuntime( 1841): setted country_code = VIETNAM
D/AndroidRuntime( 1841): setted countryiso_code = VN
D/AndroidRuntime( 1841): setted sales_code = XXV
D/AndroidRuntime( 1841): readGMSProperty: start
D/AndroidRuntime( 1841): readGMSProperty: already setted!!
D/AndroidRuntime( 1841): readGMSProperty: end
D/AndroidRuntime( 1841): addProductProperty: start
D/dalvikvm( 1841): Trying to load lib libjavacore.so 0x0
D/dalvikvm( 1841): Added shared lib libjavacore.so 0x0
I/GCoreUlr( 2757): WorldUpdater:android.intent.action.ACTION_POWER_DISCONNECTED: Ensuring that reporting is stopped because of reasons: {account#-3#=[InactiveReason{mVersionCode=0, mIdentifier=6, mName='ReportingNotEnabled'}, InactiveReason{mVersionCode=0, mIdentifier=14, mName='HistoryNotEnabled'}], account#10#=[InactiveReason{mVersionCode=0, mIdentifier=6, mName='ReportingNotEnabled'}, InactiveReason{mVersionCode=0, mIdentifier=14, mName='HistoryNotEnabled'}], account#-15#=[InactiveReason{mVersionCode=0, mIdentifier=6, mName='ReportingNotEnabled'}, InactiveReason{mVersionCode=0, mIdentifier=14, mName='HistoryNotEnabled'}], account#6#=[InactiveReason{mVersionCode=0, mIdentifier=6, mName='ReportingNotEnabled'}, InactiveReason{mVersionCode=0, mIdentifier=14, mName='HistoryNotEnabled'}, InactiveReason{mVersionCode=0, mIdentifier=7, mName='DasherPolicy'}]}
D/dalvikvm( 1841): Trying to load lib libnativehelper.so 0x0
D/dalvikvm( 1841): Added shared lib libnativehelper.so 0x0
I/GCoreUlr( 2757): Unbound from all location providers
D/LocationManagerService( 2379): getLastLocation: Request[ACCURACY_FINE gps requested=0 fastest=0 num=1]
D/MoPub   (28945): Failed to retrieve GPS location: access appears to be disabled.
D/LocationManagerService( 2379): getLastLocation: Request[POWER_LOW network requested=0 fastest=0 num=1]
D/MoPub   (28945): Failed to retrieve network location: access appears to be disabled.
D/MoPub   (28945): Native ad request failed.
D/MoPub   (28945): com.mopub.network.MoPubNetworkError: No ads found for ad unit.
D/MoPub   (28945): 	at com.mopub.network.AdRequest.a(AdRequest.java:135)
D/MoPub   (28945): 	at com.mopub.volley.NetworkDispatcher.run(NetworkDispatcher.java:123)
E/rcmdlog (28945): Mopub native load errorServer returned empty response.
E/rcmdlog (28945): screen ad has showed
I/GCoreUlr( 2757): DispatchingService.onDestroy()
I/GCoreUlr( 2757): Stopping handler for UlrDispSvcFast
I/GCoreUlr( 2757): Unbound from all location providers
V/ThinDownloadManager(28945): Response code obtained for downloaded Id 2 : httpResponse Code 200
D/ThinDownloadManager(28945): cleanupDestination() deleting /data/data/com.cleanmaster.mguard/cache/libadimgcache_ad_cache/f59d6b7fc6f885c9bc94b40e982396c0_temp
V/ThinDownloadManager(28945): Content Length: 0 for Download Id 2
W/KInfoc  (28945): The data section count is not equal! table:cm_charge_ads_download, count in format:6, count in data:7.
D/dalvikvm( 1841): Note: class Landroid/app/ActivityManagerNative; has 176 unimplemented (abstract) methods
D/AndroidRuntime( 1841): Calling main entry com.android.commands.am.Am
D/AndroidRuntime( 1841): Shutting down VM
D/dalvikvm( 1841): GC_CONCURRENT freed 94K, 12% free 719K/816K, paused 1ms+0ms, total 3ms
D/BatteryService( 2379): update start
D/BatteryService( 2379): level:63, scale:100, status:3, health:2, present:true, voltage: 3728, temperature: 306, technology: Li-ion, AC powered:false, USB powered:false, Wireless powered:false, icon:17303540, invalid charger:0, online:1, charge type:0, current avg:0
D/BatteryService( 2379): Sending ACTION_BATTERY_CHANGED.
D/STATUSBAR-BatteryController( 2645): onReceive() - ACTION_BATTERY_CHANGED
D/STATUSBAR-BatteryController( 2645): onReceive() - BATTERY_STATUS_DISCHARGING: tw_stat_sys_battery
D/STATUSBAR-PhoneStatusBar( 2645):  mBrightnessEnablebySettings = true mBrightnessEnablebyBattery = true mBrightnessEnablebyDisableFlag = true
D/STATUSBAR-IconMerger( 2645): checkOverflow(288), More:false, Req:false Child:3
D/Kies    ( 1945): __dr_Sigchld_handler entered
D/Kies    ( 1945): dr_Sigchld_handler spid : 1841
D/Kies    ( 1945): sending intent finished.
D/Kies    ( 1945): KIES_APP_STOP sending intent result = 1.
D/SSRMv2:Monitor( 2379): SIOP:: AP = 330 (read only)
D/UsbDeviceManager( 2379): handleMessage -> MSG_UPDATE_STATE connected = 0,configured = 0
D/UsbDeviceManager( 2379): updateUsbNotification : mConnected = false, mConfigured = false, mCurrentFunctions = mtp,adb
E/MTPRx   ( 1824): In MtpReceiverandroid.hardware.usb.action.USB_STATE
E/MTPRx   ( 1824): check value of boot_completed is1
E/MTPRx   ( 1824): check booting is completed_sys.boot_completed
E/MTPRx   ( 1824): Sd-Card path/storage/extSdCard
E/MTPRx   ( 1824): Status for mount/Unmount :removed
E/MTPRx   ( 1824): SDcard is not available
E/MTPRx   ( 1824): The value of first_boot is  1
E/MTPRx   ( 1824): [ 662] The value of first_boot is  1NORMAL SEQUENCE 
W/MTPRx   ( 1824): value of connected isfalse
W/MTPRx   ( 1824): value of configured isfalse
W/MTPRx   ( 1824): value of mtpEnabled istrue
W/MTPRx   ( 1824): value of ptpEnabled isfalse
E/MTPRx   ( 1824): Received USB_STATE with sdCardLaunch = 0
W/MTPRx   ( 1824): value of usb30DelayTime is 10
E/MTPRx   ( 1824): configured is false
D/UsbDeviceManager( 2379): sending intent : ACTION_USB_STATE : connected = false, configured = false, functions = mtp,adb
D/TMSERVER/TMNetworkReceiver( 1534): TMNetworkReceiver.TMNetworkReceiver() Enter 1 main
D/TMSERVER/TMNetworkReceiver( 1534): TMNetworkReceiver.StartTMHandler - enter
D/TMSERVER/TMNetworkReceiver( 1534): TMNetworkReceiver.StartTMHandler - exit
D/TMSERVER/TMNetworkReceiver( 1534): TMNetworkReceiver.onReceive() Enter
D/TMSERVER/TMNetworkReceiver( 1534): TMNetworkReceiver.onReceive() Action android.hardware.usb.action.USB_STATE
D/TMSERVER/TMNetworkReceiver( 1534): TMNetworkReceiver.onReceive() on USB - connected:false, configured :false, isUsbCableConnected = false
D/TMSERVER/TMNetworkReceiver( 1534): TMNetworkReceiver.onReceive() USB NOT CONNECTED
D/TMSERVER/TMNetworkReceiver( 1534): TMNetworkReceiver.onReceive() Exit 
D/TMSERVER/TMLogRemovalReceiver( 1534): TMLogRemovalReceiver.onReceive() Enter isCalled =true
D/TMSERVER/TMLogRemovalReceiver( 1534): TMLogRemovalReceiver.onReceive() Exit
D/dalvikvm( 4107): GC_CONCURRENT freed 384K, 21% free 10372K/13020K, paused 1ms+1ms, total 14ms
D/dalvikvm(25332): GC_CONCURRENT freed 2676K, 23% free 14000K/18036K, paused 2ms+10ms, total 36ms
D/dalvikvm(25332): GC_CONCURRENT freed 2575K, 30% free 12754K/18036K, paused 2ms+5ms, total 30ms
D/MediaScanner(25332): Skipping:
D/MediaScanner(25332): 7klwibgf7fvntblfd7(7DCRV75lpnvaubrtk7
D/MediaScanner(25332): Skipping:
D/MediaScanner(25332): 7klwibgf7fvntblfd7(75lpnvaubrtk7
D/MediaScanner(25332): Skipping:
D/MediaScanner(25332): 7klwibgf7fvntblfd7(7cwv5ebcfawws5wicb7
V/MediaScanner(25332): processDirectory :  /storage/extSdCard
W/MediaScanner(25332): Error opening directory, reason : Permission denied.
W/MediaScanner(25332): 7klwibgf7fxlKdCbid7
I/SPenGesture( 2379): Second media scan
V/MediaScanner(25332):  prescan time: 797ms (DB items: 4304)
V/MediaScanner(25332):     scan time: 2378ms (Caching mode: true), (makeEntry time: 1867ms ~78%),  (parsing time: 0ms ~0%),  (bitmapDecoding time: 0ms ~0%), (exifExtracting time : 0ms ~0%), (bulkInserter time : 0ms ~0%)
V/MediaScanner(25332): postscan time: 2ms (bulkDeleter : 0)
V/MediaScanner(25332):    total time: 3177ms
V/MediaScanner(25332): checked files: 2993  directories : 480  (I: 0, U: 0)
D/MediaScannerService(25332): !@done scanning volume external
E/CscFactoryReceiver( 2787): onReceive android.intent.action.MEDIA_SCANNER_FINISHED
D/CscFactoryReceiver( 2787): Media DB Scanner finished.
D/CscFactoryReceiver( 2787): start service to Set Ringtone
D/CscFactoryReceiver( 2787): start service to Set Notification
D/CscFactoryReceiver( 2787): start service to Set Alarmtone
D/CscUpdateService( 2787): onStart
E/CscUpdateService( 2787): costomer file is exists : it has been preconfiged.
D/CscUpdateService( 2787): only ringtone update
E/CscParser( 2787): update(): xml file exist
D/CscUpdateService( 2787): onStart
E/CscUpdateService( 2787): costomer file is exists : it has been preconfiged.
D/CscUpdateService( 2787): only notification update
D/CscUpdateService( 2787): onStart
E/CscUpdateService( 2787): costomer file is exists : it has been preconfiged.
D/CscUpdateService( 2787): only alarmtone update
E/CscParser( 2787): update(): xml file exist
D/FactoryTestApp( 1567): [FactoryTestBroadcastReceiver$onReceive] onReceive action=android.intent.action.MEDIA_SCANNER_FINISHED
I/FactoryTestApp( 1567): [FactoryTestBroadcastReceiver$onReceive] Intent.ACTION_MEDIA_SCANNER_FINISHED
I/FactoryTestApp( 1567): [ModuleCommon$isFactoryMode] mProductModel:GT-N7100
D/FactoryTestApp( 1567): [Support$Values.getString] id=FACTORY_MODE, value=/efs/FactoryApp/factorymode
D/FactoryTestApp( 1567): [Support$Kernel.read] path=/efs/FactoryApp/factorymode, value=ON
I/FactoryTestApp( 1567): [ModuleCommon$readFactoryMode] mode: ON
W/CSCSettings( 2787): Setting Ringtones (type) : 1
D/CscParser( 2787): RingTone: null
W/CSCSettings( 2787): 1. Tag_Str: null
E/CscParser( 2787): update(): xml file exist
W/CSCSettings( 2787): Setting Ringtones (type) : 2
D/CscParser( 2787): MessageTone: null
W/CSCSettings( 2787): 1. Tag_Str: null
W/CSCSettings( 2787): Setting Ringtones (type) : 4
D/CscParser( 2787): AlarmTone: null
W/CSCSettings( 2787): 1. Tag_Str: null
D/FactoryTestApp( 1567): [Support$Values.getString] id=FACTORY_MODE, value=/efs/FactoryApp/factorymode
D/FactoryTestApp( 1567): [Support$Kernel.read] path=/efs/FactoryApp/factorymode, value=ON
I/FactoryTestApp( 1567): [ModuleCommon$readFactoryMode] mode: ON
I/FactoryTestApp( 1567): [FactoryTestBroadcastReceiver$ACTION_MEDIA_SCANNER_FINISHED] Not ATT MODEL 
D/FactoryTestApp( 1567): [Support$Values.getBoolean] id=FACTORY_TEST_APO, value=true
I/FactoryTestApp( 1567): [ModuleCommon$isFactoryMode] mProductModel:GT-N7100
D/FactoryTestApp( 1567): [Support$Values.getString] id=FACTORY_MODE, value=/efs/FactoryApp/factorymode
D/FactoryTestApp( 1567): [Support$Kernel.read] path=/efs/FactoryApp/factorymode, value=ON
I/FactoryTestApp( 1567): [ModuleCommon$readFactoryMode] mode: ON
D/FactoryTestApp( 1567): [Support$Values.getString] id=FACTORY_MODE, value=/efs/FactoryApp/factorymode
D/FactoryTestApp( 1567): [Support$Kernel.read] path=/efs/FactoryApp/factorymode, value=ON
I/FactoryTestApp( 1567): [ModuleCommon$readFactoryMode] mode: ON
I/FactoryTestApp( 1567): [FactoryTestBroadcastReceiver$USER MODE] Intent.ACTION_MEDIA_SCANNER_FINISHED
I/FactoryTestApp( 1567): [ModuleCommon$getCommunicationMode] getCommunicationMode:gsm
I/FactoryTestApp( 1567): [FactoryTestBroadcastReceiver$startDummyFtClientForBootCompleted] start DummyFtClient service for APO
I/FactoryTestApp( 1567): [ModuleCommon$getBootCompleted] result : true
I/FactoryTestApp( 1567): [ModuleCommon$isFactoryMode] mProductModel:GT-N7100
D/FactoryTestApp( 1567): [Support$Values.getString] id=FACTORY_MODE, value=/efs/FactoryApp/factorymode
D/FactoryTestApp( 1567): [Support$Kernel.read] path=/efs/FactoryApp/factorymode, value=ON
I/FactoryTestApp( 1567): [ModuleCommon$readFactoryMode] mode: ON
D/FactoryTestApp( 1567): [Support$Values.getString] id=FACTORY_MODE, value=/efs/FactoryApp/factorymode
D/FactoryTestApp( 1567): [Support$Kernel.read] path=/efs/FactoryApp/factorymode, value=ON
I/FactoryTestApp( 1567): [ModuleCommon$readFactoryMode] mode: ON
D/FactoryTestApp( 1567): [Support$Values.getBoolean] id=SUPPORT_BOOST_MEDIASCAN, value=true
I/FactoryTestApp( 1567): [FactoryTestBroadcastReceiver$wake lock] SUPPORT_BOOST_MEDIASCAN
I/FactoryTestApp( 1567): [ModuleCommon$isFactorySim] isFactorySim == false
I/FactoryTestApp( 1567): [ModuleCommon$isFactorySim] isFactorySim=falseby Keystring
I/FactoryTestApp( 1567): [ModuleCommon$isFactoryMode] mProductModel:GT-N7100
D/FactoryTestApp( 1567): [Support$Values.getString] id=FACTORY_MODE, value=/efs/FactoryApp/factorymode
D/FactoryTestApp( 1567): [Support$Kernel.read] path=/efs/FactoryApp/factorymode, value=ON
I/FactoryTestApp( 1567): [ModuleCommon$readFactoryMode] mode: ON
D/FactoryTestApp( 1567): [Support$Values.getString] id=FACTORY_MODE, value=/efs/FactoryApp/factorymode
D/dalvikvm( 1567): GC_CONCURRENT freed 491K, 22% free 10294K/13124K, paused 1ms+1ms, total 12ms
D/dalvikvm( 1567): WAIT_FOR_CONCURRENT_GC blocked 4ms
D/FactoryTestApp( 1567): [Support$Kernel.read] path=/efs/FactoryApp/factorymode, value=ON
I/FactoryTestApp( 1567): [ModuleCommon$readFactoryMode] mode: ON
I/FactoryTestApp( 1567): [ModuleCommon$connectedJIG] ...
D/FactoryTestApp( 1567): [Support$Values.getString] id=ANYWAY_JIG_CABLE_TYPE, value=ANYWAY_JIG
I/FactoryTestApp( 1567): [ModuleCommon$connectedJIG] cable_type = ANYWAY_JIG
D/FactoryTestApp( 1567): [Support$Values.getString] id=ANYWAY_JIG, value=/sys/class/sec/switch/adc
D/FactoryTestApp( 1567): [Support$Values.getString] id=ANYWAY_JIG, value=/sys/class/sec/switch/adc
D/FactoryTestApp( 1567): [Support$Kernel.read] path=/sys/class/sec/switch/adc, value=1f
I/FactoryTestApp( 1567): [ModuleCommon$connectedJIG] value = 1f, JIG_ON = 1C
I/FactoryTestApp( 1567): [ModuleCommon$15 Test Ready flag] set
D/FactoryTestApp( 1567): [Support$Values.getBoolean] id=NEED_PRELOAD_INSTALL, value=false
I/FactoryTestApp( 1567): [ModuleCommon$isFactoryMode] mProductModel:GT-N7100
D/FactoryTestApp( 1567): [Support$Values.getString] id=FACTORY_MODE, value=/efs/FactoryApp/factorymode
D/FactoryTestApp( 1567): [Support$Kernel.read] path=/efs/FactoryApp/factorymode, value=ON
I/FactoryTestApp( 1567): [ModuleCommon$readFactoryMode] mode: ON
D/FactoryTestApp( 1567): [Support$Values.getString] id=FACTORY_MODE, value=/efs/FactoryApp/factorymode
D/FactoryTestApp( 1567): [Support$Kernel.read] path=/efs/FactoryApp/factorymode, value=ON
I/FactoryTestApp( 1567): [ModuleCommon$readFactoryMode] mode: ON
I/FactoryTestApp( 1567): [ModuleCommon$getBinaryType] type=user
I/FactoryTestApp( 1567): [ModuleCommon$isFirstBoot] before : false
D/FactoryTestApp( 1567): [Support$Values.getString] id=DEVICE_TYPE, value=phone
D/FactoryTestApp( 1567): [DummyFtClient$onCreate] Create DummyFtClient service
I/FactoryTestApp( 1567): [ModuleCommon$getCommunicationMode] getCommunicationMode:gsm
D/FactoryTestApp( 1567): [DummyFtClient$onStartCommand] ...
D/FactoryTestApp( 1567): [DummyFtClient$sendBootCompletedAndFinish] ...
I/FactoryTestApp( 1567): [ModuleCommon$getCommunicationMode] getCommunicationMode:gsm
D/FactoryTestApp( 1567): [IPCWriterToSecPhoneService$ResponseWriter] Create IPCWriterToSecPhoneService
I/FactoryTestApp( 1567): [IPCWriterToSecPhoneService$connectToSecPhoneService]  
D/GalleryCacheReady(25842): Receive action.ACTION_MEDIA_SCANNER_FINISHED
E/SELinux ( 1871): Function: selinux_android_load_priority [0], There is no sepolicy file 
E/SELinux ( 1871):  
E/SELinux ( 1871): Function: selinux_android_load_priority , loading version is VE=SEPF_GT-N7100_4.3_0046
E/SELinux ( 1871):  
E/SELinux ( 1871):  
E/SELinux ( 1871): selinux_android_seapp_context_reload: seapp_contexts file is loaded from /data/security/spota/seapp_contexts
D/ContentApp(25332): startScan() is called.
D/GalleryCacheReady(25842): GalleryCacheReady start
D/MusicLifecycle(25404): com.google.android.music.store.MediaStoreImportService$Receiver generated event: Broadcast received with context android.app.ReceiverRestrictedContext@42941310 and intent Intent { act=android.intent.action.MEDIA_SCANNER_FINISHED dat=file:///storage/emulated/0 flg=0x10 cmp=com.google.android.music/.store.MediaStoreImportService$Receiver }
D/ContentApp(25332): startScan() is end.
D/MusicLifecycle(25404): com.google.android.music.store.MediaStoreImportService generated event: Service created
D/dalvikvm(25842): GC_CONCURRENT freed 531K, 19% free 10355K/12728K, paused 1ms+1ms, total 27ms
I/FactoryTestApp( 1567): [IPCWriterToSecPhoneService$onServiceConnected] connected done
D/FactoryTestApp( 1567): [IPCWriterToSecPhoneService$write] Send Response Message to SecPhone
D/FactoryTestApp( 1567): [IPCWriterToSecPhoneService$write] Response [B@42a1ad28
I/FactoryTestApp( 1567): [ModuleCommon$setBootCompleted] set
D/FactoryTestApp( 1567): [IPCWriterToSecPhoneService$handleMessage] Send BOOT COMPLETED done
D/AT_Distributor( 1969): Send Msg [RIL > ATD] 19 bytes <BOOTING COMPLETED(\r)(\n)>
D/AT_Distributor( 1969): SetAtdStatus(), 1_10_4
D/AT_Distributor( 1969): SetAtdStatus(), 1_10_4
D/AT_Distributor( 1969): Send Msg [ATD > UART] 19 bytes <BOOTING COMPLETED(\r)(\n)>
D/Gallery_Performance(25842): UpdateQueueThread End spent time[106   msec ]
D/dalvikvm(25842): GC_CONCURRENT freed 475K, 19% free 10355K/12728K, paused 2ms+1ms, total 22ms
I/MediaStoreImporter(25404): Update: incremental Added music: 0 Updated music: 0 Deleted music: 0 Created playlists: 0 Updated playlists: 0 Deleted playlists: 0 Inserted playlist items: 0 Deleted playlist items: 0 Removed orphaned playlist items: 0
D/MusicLifecycle(25404): com.google.android.music.wear.WearBroadcastReceiver generated event: Broadcast received with context android.app.ReceiverRestrictedContext@42941310 and intent Intent { act=com.google.android.music.IMPORT_COMPLETE flg=0x10 cmp=com.google.android.music/.wear.WearBroadcastReceiver }
D/dalvikvm(25332): GC_CONCURRENT freed 3021K, 42% free 10574K/18036K, paused 1ms+4ms, total 39ms
D/MusicLifecycle(25404): com.google.android.music.store.MediaStoreImportService generated event: Service destroyed
D/WearableService(22826): callingUid 10021, callindPid: 22826
D/MusicLifecycle(25404): com.google.android.music.wear.WearMetadataSyncService generated event: Service created
D/MusicLifecycle(25404): com.google.android.music.wear.WearMetadataSyncService generated event: Service started with intent Intent { cmp=com.google.android.music/.wear.WearMetadataSyncService }
E/GmsUtils(25404): Failed to connect to Google API client: ConnectionResult{statusCode=API_UNAVAILABLE, resolution=null}
E/GmsUtils(25404): Failed to connect to Google API client: ConnectionResult{statusCode=API_UNAVAILABLE, resolution=null}
D/MusicLifecycle(25404): com.google.android.music.wear.WearMetadataSyncService generated event: Service destroyed
D/dalvikvm( 2379): GC_EXPLICIT freed 1225K, 21% free 48539K/61168K, paused 3ms+14ms, total 156ms
D/dalvikvm(25842): GC_CONCURRENT freed 358K, 19% free 10392K/12728K, paused 2ms+2ms, total 18ms
V/ThinDownloadManager(28945): Response code obtained for downloaded Id 1 : httpResponse Code 200
D/ThinDownloadManager(28945): cleanupDestination() deleting /data/data/com.cleanmaster.mguard/cache/libadimgcache_ad_cache/82b78283872542b93e15ee3beef250ab_temp
V/ThinDownloadManager(28945): Content Length: 0 for Download Id 1
E/zyb libadimgcache(28945): Jason addAdInfo2List  sourcePlace :3  info title :Chữa trị bệnh trĩ an toàn
D/ThinDownloadManager(28945): cleanupDestination() deleting /data/data/com.cleanmaster.mguard/cache/libadimgcache_ad_cache/f59d6b7fc6f885c9bc94b40e982396c0_temp
W/KInfoc  (28945): The data section count is not equal! table:cm_charge_ads_download, count in format:6, count in data:7.
E/zyb libadimgcache(28945): ScreenSaverAdManager addAdInfo2List ----- adListCacher.showededIndex is :-1  adListCacher.updatedIndex:0  title is :Chữa trị bệnh trĩ an toàn  sourcePlace:3
E/zyb libadimgcache(28945): ScreenSaverAdManager getAD->onDownloadSuccess and notifyChange2UI
E/rcmdlog (28945): 场景不匹配 不需要动态插入
W/KInfoc  (28945): The data section count is not equal! table:cm_charge_ads_request, count in format:7, count in data:8.
D/ThinDownloadManager(28945): cleanupDestination() deleting /data/data/com.cleanmaster.mguard/cache/libadimgcache_ad_cache/82b78283872542b93e15ee3beef250ab_temp
D/dalvikvm(25332): GC_EXPLICIT freed 505K, 43% free 10393K/18036K, paused 2ms+4ms, total 31ms
D/GalleryCacheReady(25842): GalleryCacheReady end
D/SSRMv2:Monitor( 2379): SIOP:: AP = 330, Prev AP = 330, Duration = 10014
D/STATUSBAR-NetworkController( 2645): onReceive() - RSSI_CHANGED_ACTION, WIFI_STATE, NETWORK_STATE
D/STATUSBAR-NetworkController( 2645): refreshSignalCluster: data=0 bt=false
D/STATUSBAR-IconMerger( 2645): checkOverflow(288), More:false, Req:false Child:3
I/FactoryTestApp( 1567): [IPCWriterToSecPhoneService$disConnectSecPhoneService]  
D/dalvikvm(25842): GC_CONCURRENT freed 879K, 19% free 10416K/12728K, paused 4ms+3ms, total 28ms
D/Sensorhubs( 1965): readContextData: 1, 1, 7, 1
D/SensorHubManager( 2379): onGetSensorHubDataLocked: library = 1, 1, 7, 1
D/DisplayPowerController( 2379): SSTEMP : mIsLockZone = true
D/CAE     ( 2379): onGetSensorHubData(SensorHubParserProvider.java:66) - onGetSensorHubData Event [event buffer len :4]
I/CAE     ( 2379): parse(SensorHubParserProvider.java:136) - buffer size = 4
I/CAE     ( 2379): parse(SensorHubParserProvider.java:147) - 1, 1, 7, 1, 
D/CAE     ( 2379): display(ContextProvider.java:553) - ================= AUTO_ROTATION =================
I/CAE     ( 2379): display(ContextProvider.java:569) - Angle=[1]
D/SContextService( 2379): updateSContext() : event = Auto Rotation
V/WindowOrientationListener( 2379): mSContextAutoRotationListener.onSContextChanged, Rotation: 1
V/WindowOrientationListener( 2379): mSContextAutoRotationListener.getProposedRotation, mbResultFaceDectection: false
V/WindowOrientationListener( 2379): mSContextAutoRotationListener.getProposedRotation, Rotation: 1
V/WindowOrientationListener( 2379): mSContextAutoRotationListener.getProposedRotation, mbResultFaceDectection: false
V/WindowOrientationListener( 2379): mSContextAutoRotationListener.getProposedRotation, Rotation: 1
I/power   ( 2379): *** acquire_dvfs_lock : lockType : 1  freq : 1600000 
V/WindowManager( 2379): rotationForOrientationLw(orient=-1, last=0); user=0  sensorRotation=1 isCoverOpen=true mLidState=-1 mDockMode=0 mHdmiPlugged=false mAccelerometerDefault=false
V/WindowManager( 2379): Application requested orientation -1, got rotation 1 which has compatible metrics
V/WindowManager( 2379): Rotation changed to 1 from 0, forceApp=-1
D/SamsungWindowManager( 2379): setRotationLw() : rotation=1
D/SSRMv2:CustomFrequencyManagerService( 2379): acquireDVFSLockLocked : type : DVFS_MIN_LIMIT  frequency : 1600000  uid : 1000  pid : 2379  pkgName : ROTATION_BOOSTER@21
D/InputDispatcher( 2379): setInputDispatchMode: enabled=1, frozen=1
I/SurfaceFlinger( 1949): id=4614 createSurf (720x1280),2 flag=404, TcreenshotS
E/gralloc ( 1949): secureID: 0xf, release error
V/RealCellState( 2747): telephonyManager network type is 8
I/SurfaceFlinger( 1949): Orientation 0=>1
I/InputReader( 2379): Reconfiguring input devices.  changes=0x00000004
I/InputReader( 2379): Device reconfigured: id=4, name='sec_e-pen', size 720x1280, orientation 1, mode 4, display id 0
I/InputReader( 2379): Device reconfigured: id=7, name='sec_touchscreen', size 720x1280, orientation 1, mode 1, display id 0
D/WindowManager( 2379): computeScreenConfigurationLocked() set config.orientation=2 dw=1280 dh=720 Callers=com.android.server.wm.WindowManagerService.computeNewConfigurationLocked:8390 com.android.server.wm.WindowManagerService.computeNewConfiguration:8376 com.android.server.am.ActivityManagerService.updateConfiguration:14473 
D/Gallery_Performance(25842): cleanFileInfoHashMap End spent time[2491   msec ] before size : 526 After Size : 526
D/PowerManagerService( 2379): setKeyboardVisibility: false
I/ActivityManager( 2379): Config changes=480 {1024 1 1.0 452mcc2mnc vi_VN ldltr sw360dp w640dp h335dp 320dpi nrml long land finger -keyb/v/h -nav/h s.119}
D/PhoneStatusBarView( 2645): marqueeStatusBar:126, mClearCover:0
D/STATUSBAR-IconMerger( 2645): checkOverflow(288), More:false, Req:false Child:3
D/PhoneApp( 2787): updateProximitySensorMode: lock already released.
D/GeckoApplication(27208): onConfigurationChanged: vi_VN, background: false
D/GeckoSharedPrefs(27208): Current version = 1, prefs version = 1
D/GeckoLocales(27208): No selected locale. No correction needed.
D/ContainerEventsRelayManager( 2774): <<< Intent action is >>> : android.intent.action.CONFIGURATION_CHANGED
D/ContainerEventsRelayManager( 2774): <<< Intent data is   >>> : null
D/ECS_EnterpriseContainerService( 2379): getContainers   --  Called + uid1000
D/ECS_EnterpriseContainerService( 2379): getContainers   --  Called passing security
D/ECS_EnterpriseContainerCacheData( 2379): Container cache getContainers 
D/ECS_EnterpriseContainerCacheData( 2379): Container cache getContainers not null
E/SmartFaceService( 2379): onReceive: android.intent.action.CONFIGURATION_CHANGED
E/SmartFaceService( 2379): mFolderCoverOpened: (true, true) -> true
D/STATUSBAR-QuickSettingPanel( 2645): update() : DB_NUMBER_OF_APPS = 10
D/KeyguardViewMediator( 2379): ACTION_CONFIGURATION_CHANGED intent is received.
D/WFDService( 2379): intent recieved android.intent.action.CONFIGURATION_CHANGED
D/MusicLifecycle(25404): com.google.android.music.playback.MusicPlaybackService$3 generated event: Broadcast received with context com.google.android.music.playback.MusicPlaybackService@42980600 and intent Intent { act=android.intent.action.CONFIGURATION_CHANGED flg=0x70000010 }
D/STATUSBAR-QuickSettingPanel( 2645): update() : DB_NUMBER_OF_APPS = 10
D/STATUSBAR-QuickSettingPanel( 2645): update() : DB_NUMBER_OF_APPS = 10
I/AudioService( 2379): getStreamVolume 2 index 0
D/ExtSeekBar( 2379): setProgress = 0
D/ProgressBar( 2379): setProgress = 0
D/ExtSeekBar( 2379): setProgress = 0, fromUser = false, isEnableChangeColor() = false
D/ProgressBar( 2379): setProgress = 0, fromUser = false
D/ProgressBar( 2379): mProgress = 0mIndeterminate = false, mMin = 0, mMax = 7
D/ExtSeekBar( 2379): updateDrawable this.mThumb = android.graphics.drawable.StateListDrawable@43c16758, msetDrawable = android.graphics.drawable.LayerDrawable@43f37ea0, mOffsetThumb = 30
D/ExtSeekBar( 2379): updateDrawable getProgress() = 0, getMax() = 7GeneralUtil.isTablet() = false
D/ProgressBar( 2379): setProgressDrawable mProgressDrawable = android.graphics.drawable.LayerDrawable@43f37ea0, d = android.graphics.drawable.LayerDrawable@43f37ea0needUpdate = false
D/ProgressBar( 2379): setProgressDrawable drawableHeight = 12
D/STATUSBAR-QuickSettingPanel( 2645): update() : DB_NUMBER_OF_APPS = 10
D/STATUSBAR-QuickSettingPanel( 2645): update() : DB_NUMBER_OF_APPS = 10
I/AudioService( 2379): getStreamVolume 3 index 0
D/ExtSeekBar( 2379): setProgress = 0
D/ProgressBar( 2379): setProgress = 0
D/ExtSeekBar( 2379): setProgress = 0, fromUser = false, isEnableChangeColor() = false
D/ProgressBar( 2379): setProgress = 0, fromUser = false
D/ProgressBar( 2379): mProgress = 0mIndeterminate = false, mMin = 0, mMax = 15
D/ExtSeekBar( 2379): updateDrawable this.mThumb = android.graphics.drawable.StateListDrawable@43b98730, msetDrawable = android.graphics.drawable.LayerDrawable@433e7bc0, mOffsetThumb = 30
D/ExtSeekBar( 2379): updateDrawable getProgress() = 0, getMax() = 15GeneralUtil.isTablet() = false
D/ProgressBar( 2379): setProgressDrawable mProgressDrawable = android.graphics.drawable.LayerDrawable@433e7bc0, d = android.graphics.drawable.LayerDrawable@433e7bc0needUpdate = false
D/ProgressBar( 2379): setProgressDrawable drawableHeight = 12
D/STATUSBAR-QuickSettingPanel( 2645): update() : DB_NUMBER_OF_APPS = 10
V/UsbDeviceManager( 2379): USB UEVENT: {USB_STATE=CONNECTED, SUBSYSTEM=android_usb, DEVPATH=/devices/virtual/android_usb/android0, SEQNUM=65928, ACTION=change}
I/AudioService( 2379): getStreamVolume 5 index 40
D/ExtSeekBar( 2379): setProgress = 0
D/ProgressBar( 2379): setProgress = 0
D/ExtSeekBar( 2379): setProgress = 0, fromUser = false, isEnableChangeColor() = false
D/ProgressBar( 2379): setProgress = 0, fromUser = false
D/ProgressBar( 2379): mProgress = 0mIndeterminate = false, mMin = 0, mMax = 7
D/ExtSeekBar( 2379): updateDrawable this.mThumb = android.graphics.drawable.StateListDrawable@43c0ef28, msetDrawable = android.graphics.drawable.LayerDrawable@435ee280, mOffsetThumb = 30
D/ExtSeekBar( 2379): updateDrawable getProgress() = 0, getMax() = 7GeneralUtil.isTablet() = false
D/ProgressBar( 2379): setProgressDrawable mProgressDrawable = android.graphics.drawable.LayerDrawable@435ee280, d = android.graphics.drawable.LayerDrawable@435ee280needUpdate = false
D/ProgressBar( 2379): setProgressDrawable drawableHeight = 12
D/UsbDeviceManager( 2379): handleMessage -> MSG_UPDATE_STATE connected = 1,configured = 0
D/UsbDeviceManager( 2379): updateUsbNotification : mConnected = true, mConfigured = false, mCurrentFunctions = mtp,adb
D/STATUSBAR-QuickSettingPanel( 2645): update() : DB_NUMBER_OF_APPS = 10
I/AudioService( 2379): getStreamVolume 1 index 50
D/ExtSeekBar( 2379): setProgress = 0
D/ProgressBar( 2379): setProgress = 0
D/ExtSeekBar( 2379): setProgress = 0, fromUser = false, isEnableChangeColor() = false
D/ProgressBar( 2379): setProgress = 0, fromUser = false
D/ProgressBar( 2379): mProgress = 0mIndeterminate = false, mMin = 0, mMax = 7
D/ExtSeekBar( 2379): updateDrawable this.mThumb = android.graphics.drawable.StateListDrawable@43c112c8, msetDrawable = android.graphics.drawable.LayerDrawable@43b9db10, mOffsetThumb = 30
D/ExtSeekBar( 2379): updateDrawable getProgress() = 0, getMax() = 7GeneralUtil.isTablet() = false
D/ProgressBar( 2379): setProgressDrawable mProgressDrawable = android.graphics.drawable.LayerDrawable@43b9db10, d = android.graphics.drawable.LayerDrawable@43b9db10needUpdate = false
D/ProgressBar( 2379): setProgressDrawable drawableHeight = 12
W/LicenseLogService( 2379): log() is called by non admin
D/STATUSBAR-QuickSettingPanel( 2645): update() : DB_NUMBER_OF_APPS = 10
I/ContainerAgent( 2379): SettingsFontWriterFile is not existed.
D/STATUSBAR-QuickSettingPanel( 2645): update() : DB_NUMBER_OF_APPS = 10
E/EnterpriseContainerManager( 2379): ContainerPolicy Service is not yet ready!!!
W/LicenseLogService( 2379): log() is called by non admin
D/STATUSBAR-QuickSettingPanel( 2645): update() : DB_NUMBER_OF_APPS = 10
E/EnterpriseKnoxManager( 2379): Failed at EnterpriseContainerManager API getEnterpriseContainerManager 
E/EnterpriseKnoxManager( 2379): java.lang.NoSuchFieldException: Container with Id 1 does not exists
E/EnterpriseKnoxManager( 2379): 	at com.sec.enterprise.knox.EnterpriseContainerManager.<init>(EnterpriseContainerManager.java:706)
E/EnterpriseKnoxManager( 2379): 	at com.sec.enterprise.knox.EnterpriseKnoxManager.getEnterpriseContainerManager(EnterpriseKnoxManager.java:309)
E/EnterpriseKnoxManager( 2379): 	at com.sec.knox.containeragent.core.ContainerServiceAdapter.getInstance(ContainerServiceAdapter.java:55)
E/EnterpriseKnoxManager( 2379): 	at com.sec.knox.containeragent.app.util.ContainerNotification.updateModechangeNotification(ContainerNotification.java:158)
E/EnterpriseKnoxManager( 2379): 	at com.sec.knox.containeragent.service.notification.EnterpriseNotificationCenter$5.onReceive(EnterpriseNotificationCenter.java:1018)
E/EnterpriseKnoxManager( 2379): 	at android.app.LoadedApk$ReceiverDispatcher$Args.run(LoadedApk.java:768)
E/EnterpriseKnoxManager( 2379): 	at android.os.Handler.handleCallback(Handler.java:730)
E/EnterpriseKnoxManager( 2379): 	at android.os.Handler.dispatchMessage(Handler.java:92)
E/EnterpriseKnoxManager( 2379): 	at android.os.Looper.loop(Looper.java:137)
E/EnterpriseKnoxManager( 2379): 	at com.android.server.ServerThread.run(SystemServer.java:1983)
E/ECS_EnterpriseContainerService( 2379): getStatus(). This will be same as getContainerActivation status
D/ECS_StateManager( 2379):  Container Id:1
E/ECS_EnterpriseContainerCacheData( 2379): There is no entry in cache for containerId1
D/ECS_StateManager( 2379):  ************ no entry in HASH **********
I/ECS_ContainerStorageProvider( 2379): active status database
I/SurfaceFlinger( 1949): id=4612 Removed NainActivit (1/13)
E/ECS_ContainerStorageProvider( 2379): updatebuilderobj
I/SurfaceFlinger( 1949): id=4612 Removed NainActivit (-2/13)
E/ECS_ContainerDatabase( 2379): Container DB is null cannot fetch the status
D/ECS_StateManager( 2379):  Current Status in DB:0
D/ECS_StateManager( 2379):  NewState :CSSTATE_DOESNOT_EXISTS
D/ECS_EnterpriseContainerService( 2379): New State :CSSTATE_DOESNOT_EXISTS
D/ECS_EnterpriseContainerService( 2379):  Returning State :-1
E/ECS_EnterpriseContainerService( 2379): getMountStatus() permission get it
D/ECS_StateManager( 2379):  Container Id:1
E/ECS_EnterpriseContainerCacheData( 2379): There is no entry in cache for containerId1
D/ECS_StateManager( 2379):  ************ no entry in HASH **********
I/ECS_ContainerStorageProvider( 2379): active status database
E/ECS_ContainerStorageProvider( 2379): updatebuilderobj
D/STATUSBAR-QuickSettingPanel( 2645): update() : DB_NUMBER_OF_APPS = 10
D/STATUSBAR-StatusBarManagerService( 2379): sendNotification(1) - 17041089
E/ECS_ContainerDatabase( 2379): Container DB is null cannot fetch the status
D/PointerIcon( 2379): setHoveringSpenIconStyle1 pointerType: 10001iconType:1 flag:0
D/PointerIcon( 2379): setHoveringSpenCustomIcon IconType is same.1
D/ECS_StateManager( 2379):  Current Status in DB:0
D/ECS_StateManager( 2379):  NewState :CSSTATE_DOESNOT_EXISTS
D/ECS_EnterpriseContainerService( 2379): currentStateId: 0
D/ECS_EnterpriseContainerService( 2379):  getMountStatus : false
I/ContainerAgent( 2379): ContainerServiceAdapter: getStatus(1) result = -1
D/ContainerAgent( 2379): ContainerNotification: updateNotfication : -1
V/KeyguardViewManager( 2379): mConfigChangeReceiver.onReceive : action=android.intent.action.CONFIGURATION_CHANGED mLastOrientation=1 orient=2
D/STATUSBAR-QuickSettingPanel( 2645): update() : DB_NUMBER_OF_APPS = 10
D/STATUSBAR-QuickSettingPanel( 2645): update() : DB_NUMBER_OF_APPS = 10
D/UsbDeviceManager( 2379): updateUsbNotification : notify id = 17041089, title = Được kết nối như thiết bị media
W/####    ( 2379): onStartCommand : com.sec.android.enterprisenotificationcenter.ACTION_CLEAR_NOTIFICATION
D/STATUSBAR-QuickSettingPanel( 2645): update() : DB_NUMBER_OF_APPS = 10
E/MTPRx   ( 1824): In MtpReceiverandroid.hardware.usb.action.USB_STATE
E/MTPRx   ( 1824): check value of boot_completed is1
E/MTPRx   ( 1824): check booting is completed_sys.boot_completed
E/MTPRx   ( 1824): Sd-Card path/storage/extSdCard
E/MTPRx   ( 1824): Status for mount/Unmount :removed
E/MTPRx   ( 1824): SDcard is not available
E/MTPRx   ( 1824): The value of first_boot is  1
E/MTPRx   ( 1824): [ 662] The value of first_boot is  1NORMAL SEQUENCE 
W/MTPRx   ( 1824): value of connected istrue
W/MTPRx   ( 1824): value of configured isfalse
W/MTPRx   ( 1824): value of mtpEnabled istrue
W/MTPRx   ( 1824): value of ptpEnabled isfalse
E/MTPRx   ( 1824): Received USB_STATE with sdCardLaunch = 0
W/MTPRx   ( 1824): value of usb30DelayTime is 10
E/MTPRx   ( 1824): configured is false
D/STATUSBAR-QuickSettingPanel( 2645): update() : DB_NUMBER_OF_APPS = 10
D/UsbDeviceManager( 2379): sending intent : ACTION_USB_STATE : connected = true, configured = false, functions = mtp,adb
V/MusicPlaybackService(25404): Updating notification + media session metadata due to completed art request: ArtRequest{mState=30, mDescriptor=DefaultArtDescriptor{artType=NOTIFICATION}, mItems={}}
I/SurfaceFlinger( 1949): id=4600 Removed  (4/12)
I/SurfaceFlinger( 1949): id=4600 Removed  (-2/12)
D/STATUSBAR-QuickSettingPanel( 2645): update() : DB_NUMBER_OF_APPS = 10
D/STATUSBAR-QuickSettingPanel( 2645): update() : DB_NUMBER_OF_APPS = 10
D/MusicPlaybackService(25404): cancelNotification id=1
V/MusicPlaybackService(25404): setting should show notification to true
D/STATUSBAR-QuickSettingPanel( 2645): update() : DB_NUMBER_OF_APPS = 10
D/STATUSBAR-QuickSettingPanel( 2645): setSingleLine:true
D/TMSERVER/TMNetworkReceiver( 1534): TMNetworkReceiver.TMNetworkReceiver() Enter 1 main
D/TMSERVER/TMNetworkReceiver( 1534): TMNetworkReceiver.StartTMHandler - enter
D/TMSERVER/TMNetworkReceiver( 1534): TMNetworkReceiver.StartTMHandler - exit
D/TMSERVER/TMNetworkReceiver( 1534): TMNetworkReceiver.onReceive() Enter
D/TMSERVER/TMNetworkReceiver( 1534): TMNetworkReceiver.onReceive() Action android.hardware.usb.action.USB_STATE
