W/dalvikvm( 1067): VFY: unable to resolve static method 9629: Lcom/google/android/gms/common/SupportErrorDialogFragment;.newInstance (Landroid/app/Dialog;Landroid/content/DialogInterface$OnCancelListener;)Lcom/google/android/gms/common/SupportErrorDialogFragment;
D/dalvikvm( 1067): VFY: replacing opcode 0x71 at 0x0012
D/dalvikvm( 1950): GC_EXPLICIT freed <1K, 13% free 9889K/11288K, paused 2ms+2ms, total 21ms
I/SurfaceFlinger( 1949): id=4610 Removed HOLauncher (2/15)
I/SurfaceFlinger( 1949): id=4610 Removed HOLauncher (-2/15)
I/SurfaceFlinger( 1949): id=4609 Removed TurfaceView (1/14)
I/SurfaceFlinger( 1949): id=4609 Removed TurfaceView (-2/14)
W/dalvikvm( 1067): VFY: unable to resolve static field 3953 (common_google_play_services_unknown_issue) in Lcom/google/android/gms/R$string;
D/dalvikvm( 1067): VFY: replacing opcode 0x60 at 0x0007
W/dalvikvm( 1067): VFY: unable to resolve static field 3943 (common_google_play_services_install_text_tablet) in Lcom/google/android/gms/R$string;
D/dalvikvm( 1067): VFY: replacing opcode 0x60 at 0x0018
W/dalvikvm( 1067): VFY: unable to resolve static field 3942 (common_google_play_services_install_text_phone) in Lcom/google/android/gms/R$string;
D/dalvikvm( 1067): VFY: replacing opcode 0x60 at 0x001f
W/dalvikvm( 1067): VFY: unable to resolve static field 3938 (common_google_play_services_enable_text) in Lcom/google/android/gms/R$string;
D/dalvikvm( 1067): VFY: replacing opcode 0x60 at 0x0026
W/dalvikvm( 1067): VFY: unable to resolve static field 3958 (common_google_play_services_update_text) in Lcom/google/android/gms/R$string;
D/dalvikvm( 1067): VFY: replacing opcode 0x60 at 0x002d
W/dalvikvm( 1067): VFY: unable to resolve static field 3955 (common_google_play_services_unsupported_text) in Lcom/google/android/gms/R$string;
D/dalvikvm( 1067): VFY: replacing opcode 0x60 at 0x0034
W/dalvikvm( 1067): VFY: unable to resolve static field 3948 (common_google_play_services_network_error_text) in Lcom/google/android/gms/R$string;
D/dalvikvm( 1067): VFY: replacing opcode 0x60 at 0x003b
W/dalvikvm( 1067): VFY: unable to resolve static field 3945 (common_google_play_services_invalid_account_text) in Lcom/google/android/gms/R$string;
D/dalvikvm( 1067): VFY: replacing opcode 0x60 at 0x0042
W/dalvikvm( 1067): VFY: unable to resolve static field 3954 (common_google_play_services_unsupported_date_text) in Lcom/google/android/gms/R$string;
D/dalvikvm( 1067): VFY: replacing opcode 0x60 at 0x0049
W/dalvikvm( 1067): VFY: unable to resolve static field 3941 (common_google_play_services_install_button) in Lcom/google/android/gms/R$string;
D/dalvikvm( 1067): VFY: replacing opcode 0x60 at 0x000f
W/dalvikvm( 1067): VFY: unable to resolve static field 3937 (common_google_play_services_enable_button) in Lcom/google/android/gms/R$string;
D/dalvikvm( 1067): VFY: replacing opcode 0x60 at 0x0016
W/dalvikvm( 1067): VFY: unable to resolve static field 3957 (common_google_play_services_update_button) in Lcom/google/android/gms/R$string;
D/dalvikvm( 1067): VFY: replacing opcode 0x60 at 0x001d
W/dalvikvm( 1067): VFY: unable to resolve static field 3953 (common_google_play_services_unknown_issue) in Lcom/google/android/gms/R$string;
D/dalvikvm( 1067): VFY: replacing opcode 0x60 at 0x0007
W/dalvikvm( 1067): VFY: unable to resolve static field 3950 (common_google_play_services_notification_needs_installation_title) in Lcom/google/android/gms/R$string;
D/dalvikvm( 1067): VFY: replacing opcode 0x60 at 0x000e
W/dalvikvm( 1067): VFY: unable to resolve static field 3951 (common_google_play_services_notification_needs_update_title) in Lcom/google/android/gms/R$string;
D/dalvikvm( 1067): VFY: replacing opcode 0x60 at 0x0015
W/dalvikvm( 1067): VFY: unable to resolve static field 3947 (common_google_play_services_needs_enabling_title) in Lcom/google/android/gms/R$string;
D/dalvikvm( 1067): VFY: replacing opcode 0x60 at 0x001c
W/dalvikvm( 1067): VFY: unable to resolve static field 3955 (common_google_play_services_unsupported_text) in Lcom/google/android/gms/R$string;
D/dalvikvm( 1067): VFY: replacing opcode 0x60 at 0x0023
W/dalvikvm( 1067): VFY: unable to resolve static field 3948 (common_google_play_services_network_error_text) in Lcom/google/android/gms/R$string;
D/dalvikvm( 1067): VFY: replacing opcode 0x60 at 0x002a
W/dalvikvm( 1067): VFY: unable to resolve static field 3945 (common_google_play_services_invalid_account_text) in Lcom/google/android/gms/R$string;
D/dalvikvm( 1067): VFY: replacing opcode 0x60 at 0x0031
W/dalvikvm( 1067): VFY: unable to resolve static field 3954 (common_google_play_services_unsupported_date_text) in Lcom/google/android/gms/R$string;
D/dalvikvm( 1067): VFY: replacing opcode 0x60 at 0x0038
W/dalvikvm( 1067): VFY: unable to resolve static field 3953 (common_google_play_services_unknown_issue) in Lcom/google/android/gms/R$string;
D/dalvikvm( 1067): VFY: replacing opcode 0x60 at 0x000d
I/SurfaceFlinger( 1949): id=4613 createSurf (1x1),1 flag=4, Uoast
W/dalvikvm( 1067): VFY: unable to resolve static field 3952 (common_google_play_services_notification_ticker) in Lcom/google/android/gms/R$string;
D/dalvikvm( 1067): VFY: replacing opcode 0x60 at 0x0005
V/WindowManager( 2379): Window{43c549a8 u0 Keyguard}mOrientationRequetedFromKeyguard=false
E/SELinux ( 1084): Function: selinux_android_load_priority [0], There is no sepolicy file 
E/SELinux ( 1084):  
E/SELinux ( 1084): Function: selinux_android_load_priority , loading version is VE=SEPF_GT-N7100_4.3_0046
E/SELinux ( 1084):  
E/SELinux ( 1084):  
E/SELinux ( 1084): selinux_android_seapp_context_reload: seapp_contexts file is loaded from /data/security/spota/seapp_contexts
I/dalvikvm( 1067): DexOpt: unable to optimize static field ref 0x0f64 at 0x25 in Lcom/google/android/gms/common/GooglePlayServicesUtil;.showErrorNotification
E/GooglePlayServicesUtil( 1067): The Google Play services resources were not found. Check your project configuration to ensure that the resources are included.
I/dalvikvm( 1084): Turning on JNI app bug workarounds for target SDK version 5...
D/dalvikvm( 4107): GC_CONCURRENT freed 420K, 21% free 10349K/13020K, paused 2ms+5ms, total 38ms
D/PowerManagerService( 2379): [api] acquire WakeLock flags=0x2000000a tag=WindowManager uid=1000 pid=2379
D/DisplayPowerController( 2379): animation target = 87 (PSM:false, AB limit:(-1 ~ -1) MB Limit:(-1 ~ -1) MAdj:(0, (0, 255)))
D/PowerManagerService( 2379): [s] mDisplayPowerControllerCallbacks : onStateChanged()
D/lights  ( 2379): lcd : 53 +
E/EnterpriseContainerManager( 2379): ContainerPolicy Service is not yet ready!!!
D/EnterpriseDeviceManager( 2379): ContainerId: 0
W/LicenseLogService( 2379): log() is called by non admin
D/DataRouter( 1944): After the usb select
D/DataRouter( 1944): read length is zero
D/DataRouter( 1944): dr_usb_deinit
D/DataRouter( 1944): dr_usb_init
E/DataRouter( 1944): USB Interface is open with 0x7
D/DataRouter( 1944): USB interface is now configured for usb_fd = 0x7
D/DataRouter( 1944): pcsyncreset
D/DataRouter( 1944): read usb data[len:0]
D/DataRouter( 1944): read usb data message:
D/DataRouter( 1944): Before the usb select
E/MTPRx   (26819): state from USB_STATE eventDISCONNECTED
V/UsbDeviceManager( 2379): USB UEVENT: {USB_STATE=DISCONNECTED, SUBSYSTEM=android_usb, DEVPATH=/devices/virtual/android_usb/android0, SEQNUM=65916, ACTION=change}
D/Kies    ( 1945): [DR->KIES]Received data notification
D/Kies    ( 1945): dr_process_kies_app(0)
D/Kies    ( 1945): intent start
D/Kies    ( 1945): pid init
D/Kies    ( 1945): execretrun init
D/Kies    ( 1945): fork success
D/Kies    ( 1945): child pid = 1103.
D/Kies    ( 1945): child get
D/Kies    ( 1945): process kill start
D/Kies    ( 1103): fork success
D/Kies    ( 1103): child pid = 0.
D/Kies    ( 1103): child get
D/Kies    ( 1103): execute sh.
D/RampAnimator( 2379): Light Animator Finished currentValue=87
D/TextLayoutCache( 1020): Enable myanmar Zawgyi converter
D/TextLayoutCache( 1020): Enable myanmar Zawgyi converter
D/TextLayoutCache( 1020): Enable myanmar Zawgyi converter
D/TextLayoutCache( 1020): Enable myanmar Zawgyi converter
D/TextLayoutCache( 1020): Enable myanmar Zawgyi converter
D/TextLayoutCache( 1020): Enable myanmar Zawgyi converter
W/MTPRx   (26819): notification from stack 21
E/MTPRx   (26819): Read Error Came false
E/MTPRx   (26819): /data/data/com.samsung.android.MtpApplication/gadgetDisconnectAndConnect.txt: open failed: ENOENT (No such file or directory)
E/MTPRx   (26819): stop observing and calling usbRemoved 
W/MTPRx   (26819): MTP_RUNNING_STATUS = 1
E/MTPRx   (26819):  sendbooster is false!
E/MTPRx   (26819): In usbRemoved Status bar enabled
I/Process ( 1084): Sending signal. PID: 1084 SIG: 9
D/TextLayoutCache( 1020): Enable myanmar Zawgyi converter
E/        (26819): read error [0] [Success]
E/MTPRx   (26819): Sending Broadcast
D/ContainerEventsRelayManager( 2774): <<< Intent action is >>> : android.intent.action.MTP_FILE_SCAN
D/ContainerEventsRelayManager( 2774): <<< Intent data is   >>> : null
D/ECS_EnterpriseContainerService( 2379): getContainers   --  Called + uid1000
D/ECS_EnterpriseContainerService( 2379): getContainers   --  Called passing security
D/ECS_EnterpriseContainerCacheData( 2379): Container cache getContainers 
D/ECS_EnterpriseContainerCacheData( 2379): Container cache getContainers not null
D/ContainerEventsRelayManager( 2774): System event android.intent.action.MTP_FILE_SCAN Added to Intent hold manager
I/ActivityManager( 2379): Process com.jiubang.goscreenlock.theme.DreamHouse (pid 1084) (adj 0) has died.
D/dalvikvm( 2451): GC_EXPLICIT freed 409K, 20% free 15140K/18740K, paused 8ms+7ms, total 74ms
I/dalvikvm(  972): Could not find method android.graphics.Bitmap.getAllocationByteCount, referenced from method com.facebook.imagepipeline.animated.util.AnimatedDrawableUtil.a
W/dalvikvm(  972): VFY: unable to resolve virtual method 412: Landroid/graphics/Bitmap;.getAllocationByteCount ()I
D/dalvikvm(  972): VFY: replacing opcode 0x6e at 0x0006
I/power   ( 2379): *** release_dvfs_lock : lockType : 1 
I/power   ( 2379): *** acquire_dvfs_lock : lockType : 1  freq : 1200000 
D/SSRMv2:CustomFrequencyManagerService( 2379): releaseDVFSLockLocked : Getting Lock type frm List : DVFS_MIN_LIMIT  frequency : 1200000  uid : 1000  pid : 2379  tag : ACTIVITY_RESUME_BOOSTER@5
D/SSRMv2:CustomFrequencyManagerService( 2379): acquireDVFSLockLocked : type : DVFS_MIN_LIMIT  frequency : 1200000  uid : 1000  pid : 2379  pkgName : ACTIVITY_RESUME_BOOSTER@8
W/ActivityManager( 2379): mDVFSHelper.release()
D/zyz     ( 2812): bar facade onPause
D/lights  ( 2379): lcd : 53 -
D/LightsService( 2379): Excessive delay setting light: 104ms
D/lights  ( 2379): lcd : 87 +
E/MtpService(26819): onDestroy.
W/System.err( 1067): android.content.pm.PackageManager$NameNotFoundException: Application package com.gau.go.launcherex.os not found
W/System.err( 1067): 	at android.app.ContextImpl.createPackageContextAsUser(ContextImpl.java:2301)
W/System.err( 1067): 	at android.app.ContextImpl.createPackageContext(ContextImpl.java:2274)
W/System.err( 1067): 	at android.content.ContextWrapper.createPackageContext(ContextWrapper.java:623)
W/System.err( 1067): 	at com.gau.go.launcherex.theme.classic.GetGOUidUtil.createRemoteContext(GetGOUidUtil.java:92)
W/System.err( 1067): 	at com.gau.go.launcherex.theme.classic.GetGOUidUtil.getUid(GetGOUidUtil.java:45)
W/System.err( 1067): 	at com.gau.go.launcherex.theme.classic.GetGOUidUtil.getLauncherUid(GetGOUidUtil.java:26)
W/System.err( 1067): 	at com.jiubang.business.ThemeApplication$1.run(ThemeApplication.java:123)
W/System.err( 1067): 	at java.lang.Thread.run(Thread.java:841)
W/System.err( 1067): android.content.pm.PackageManager$NameNotFoundException: Application package com.launcher not found
W/System.err( 1067): 	at android.app.ContextImpl.createPackageContextAsUser(ContextImpl.java:2301)
W/System.err( 1067): 	at android.app.ContextImpl.createPackageContext(ContextImpl.java:2274)
W/System.err( 1067): 	at android.content.ContextWrapper.createPackageContext(ContextWrapper.java:623)
W/System.err( 1067): 	at com.gau.go.launcherex.theme.classic.GetGOUidUtil.createRemoteContext(GetGOUidUtil.java:92)
W/System.err( 1067): 	at com.gau.go.launcherex.theme.classic.GetGOUidUtil.getUid(GetGOUidUtil.java:45)
W/System.err( 1067): 	at com.gau.go.launcherex.theme.classic.GetGOUidUtil.getLauncherUid(GetGOUidUtil.java:31)
W/System.err( 1067): 	at com.jiubang.business.ThemeApplication$1.run(ThemeApplication.java:123)
D/zyz     ( 2812): 判断时间：14
W/System.err( 1067): 	at java.lang.Thread.run(Thread.java:841)
D/AbsListView( 2812): onVisibilityChanged() is called, visibility : 4
D/AbsListView( 2812): unregisterIRListener() is called 
W/WallpaperService( 2379): SimStatusVerifyandroid
D/WallpaperService( 2379): WallpaperManagerService->SimStatusVerify slot  currSimId 0
V/WallpaperService( 2379): callback register : android.app.IWallpaperManagerCallback$Stub$Proxy@4354f040
E/MtpService(26819): Unregister Mtp disable Receiver
E/MtpService(26819): Receiver not registered: com.samsung.android.MtpApplication.MtpService$1@428ed170
E/MtpService(26819): unregistering mtpMediaReceiver in UnregisterAllIntent
E/MtpService(26819): Receiver not registered: com.samsung.android.MtpApplication.MtpService$2@428ed438
E/MTPJNIInterface(26819): noti = 3
D/        (26819): USB_MTP_ENABLED AND usb_ptp_enabled!
D/        (26819): __mtp_handler_eh_notify: USB plugged out.
D/        (26819): [__mtp_handler_eh_notify:604] is_connected = 1 and is_enumeration_finished = 1
D/        (26819):  [__mtp_handler_eh_notify:645] Enumeration is Complete and hence exiting the Mtp App 
D/        (26819): gbin_sem_mtp semphore destroy successful
D/        (26819): [__mtp_handler_eh_notify:680] sending event to event handler thread to close...
D/        (26819): [__mtp_handler_eh_notify:689] starting mtp_deinitialize() ...
D/        (26819):  cleaning MP3 properties
D/        (26819):  cleaning WMA properties
D/        (26819):  cleaning WMV properties
D/        (26819):  cleaning ALBUM properties
D/        (26819):  cleaning default properties
D/        (26819): [__mtp_handler_eh_notify:714] Checking for MMC_INSERTED and kill data threads ...
D/        (26819): [__mtp_handler_eh_notify:725] calling mtp_g_fs_mtp_init() ...
D/        (26819):  ************** In mtp_g_fs_mtp_init to kill the threads
D/        (26819): [mtp_g_fs_mtp_init] ********* gfs_mode = 0 mtp_clean_usb_driver  
D/        (26819): [mtp_g_fs_mtp_init] ************ Calling mtp_usb_mtp_finalize fn
E/        (26819): ****** [mtp_usb_mtp_finalize] mtp_close_fd Calling 
E/        (26819): [mtp_close_fd]  fd = 53...
E/        (26819): [mtp_close_fd] USB endpoint [53] closed...
E/        (26819): ****** [mtp_usb_mtp_finalize] Updating the gInitializeFlag Flag to FALSE 
E/        (26819): ****** [mtp_usb_mtp_finalize] Calling mtp_stop_io 
D/        (26819): mtp_stop_io going to kill source thread, th_source value = 1
I/Process (30095): Sending signal. PID: 30095 SIG: 9
I/ActivityManager( 2379): Process com.samsung.android.MtpApplication (pid 26819) (adj 0) has died.
I/ActivityManager( 2379): Process com.gau.go.launcherex.theme.Tonight.flower (pid 30095) (adj 0) has died.
E/SELinux ( 1108): Function: selinux_android_load_priority [0], There is no sepolicy file 
E/SELinux ( 1108):  
E/SELinux ( 1108): Function: selinux_android_load_priority , loading version is VE=SEPF_GT-N7100_4.3_0046
E/SELinux ( 1108):  
E/SELinux ( 1108):  
E/SELinux ( 1108): selinux_android_seapp_context_reload: seapp_contexts file is loaded from /data/security/spota/seapp_contexts
I/dalvikvm( 1108): Turning on JNI app bug workarounds for target SDK version 9...
D/lights  ( 2379): lcd : 87 -
D/LightsService( 2379): Excessive delay setting light: 82ms
W/dalvikvm( 1108): VFY: unable to resolve static field 3946 (common_google_play_services_install_title) in Lcom/google/android/gms/R$string;
D/dalvikvm( 1108): VFY: replacing opcode 0x60 at 0x0083
W/dalvikvm( 1108): VFY: unable to resolve static field 3941 (common_google_play_services_enable_title) in Lcom/google/android/gms/R$string;
D/dalvikvm( 1108): VFY: replacing opcode 0x60 at 0x008e
W/dalvikvm( 1108): VFY: unable to resolve static field 3961 (common_google_play_services_update_title) in Lcom/google/android/gms/R$string;
D/dalvikvm( 1108): VFY: replacing opcode 0x60 at 0x0099
W/dalvikvm( 1108): VFY: unable to resolve static field 3958 (common_google_play_services_unsupported_title) in Lcom/google/android/gms/R$string;
D/dalvikvm( 1108): VFY: replacing opcode 0x60 at 0x00ab
W/dalvikvm( 1108): VFY: unable to resolve static field 3951 (common_google_play_services_network_error_title) in Lcom/google/android/gms/R$string;
D/dalvikvm( 1108): VFY: replacing opcode 0x60 at 0x00bd
W/dalvikvm( 1108): VFY: unable to resolve static field 3948 (common_google_play_services_invalid_account_title) in Lcom/google/android/gms/R$string;
D/dalvikvm( 1108): VFY: replacing opcode 0x60 at 0x00e7
W/dalvikvm( 1108): VFY: unable to resolve static field 3958 (common_google_play_services_unsupported_title) in Lcom/google/android/gms/R$string;
D/dalvikvm( 1108): VFY: replacing opcode 0x60 at 0x0106
W/dalvikvm( 1108): Unable to resolve superclass of Lcom/google/android/gms/common/SupportErrorDialogFragment; (222)
W/dalvikvm( 1108): Link of class 'Lcom/google/android/gms/common/SupportErrorDialogFragment;' failed
I/dalvikvm( 1108): Could not find method com.google.android.gms.common.SupportErrorDialogFragment.newInstance, referenced from method com.google.android.gms.common.GooglePlayServicesUtil.b
W/dalvikvm( 1108): VFY: unable to resolve static method 9629: Lcom/google/android/gms/common/SupportErrorDialogFragment;.newInstance (Landroid/app/Dialog;Landroid/content/DialogInterface$OnCancelListener;)Lcom/google/android/gms/common/SupportErrorDialogFragment;
D/dalvikvm( 1108): VFY: replacing opcode 0x71 at 0x0012
W/dalvikvm( 1108): VFY: unable to resolve static field 3955 (common_google_play_services_unknown_issue) in Lcom/google/android/gms/R$string;
D/dalvikvm( 1108): VFY: replacing opcode 0x60 at 0x0007
W/dalvikvm( 1108): VFY: unable to resolve static field 3945 (common_google_play_services_install_text_tablet) in Lcom/google/android/gms/R$string;
D/dalvikvm( 1108): VFY: replacing opcode 0x60 at 0x0018
W/dalvikvm( 1108): VFY: unable to resolve static field 3944 (common_google_play_services_install_text_phone) in Lcom/google/android/gms/R$string;
D/dalvikvm( 1108): VFY: replacing opcode 0x60 at 0x001f
W/dalvikvm( 1108): VFY: unable to resolve static field 3940 (common_google_play_services_enable_text) in Lcom/google/android/gms/R$string;
D/dalvikvm( 1108): VFY: replacing opcode 0x60 at 0x0026
W/dalvikvm( 1108): VFY: unable to resolve static field 3960 (common_google_play_services_update_text) in Lcom/google/android/gms/R$string;
D/dalvikvm( 1108): VFY: replacing opcode 0x60 at 0x002d
W/dalvikvm( 1108): VFY: unable to resolve static field 3957 (common_google_play_services_unsupported_text) in Lcom/google/android/gms/R$string;
D/dalvikvm( 1108): VFY: replacing opcode 0x60 at 0x0034
W/dalvikvm( 1108): VFY: unable to resolve static field 3950 (common_google_play_services_network_error_text) in Lcom/google/android/gms/R$string;
D/dalvikvm( 1108): VFY: replacing opcode 0x60 at 0x003b
W/dalvikvm( 1108): VFY: unable to resolve static field 3947 (common_google_play_services_invalid_account_text) in Lcom/google/android/gms/R$string;
D/dalvikvm( 1108): VFY: replacing opcode 0x60 at 0x0042
W/dalvikvm( 1108): VFY: unable to resolve static field 3956 (common_google_play_services_unsupported_date_text) in Lcom/google/android/gms/R$string;
D/dalvikvm( 1108): VFY: replacing opcode 0x60 at 0x0049
W/dalvikvm( 1108): VFY: unable to resolve static field 3943 (common_google_play_services_install_button) in Lcom/google/android/gms/R$string;
D/dalvikvm( 1108): VFY: replacing opcode 0x60 at 0x000f
W/dalvikvm( 1108): VFY: unable to resolve static field 3939 (common_google_play_services_enable_button) in Lcom/google/android/gms/R$string;
D/dalvikvm( 1108): VFY: replacing opcode 0x60 at 0x0016
W/dalvikvm( 1108): VFY: unable to resolve static field 3959 (common_google_play_services_update_button) in Lcom/google/android/gms/R$string;
D/dalvikvm( 1108): VFY: replacing opcode 0x60 at 0x001d
W/dalvikvm( 1108): VFY: unable to resolve static field 3955 (common_google_play_services_unknown_issue) in Lcom/google/android/gms/R$string;
D/dalvikvm( 1108): VFY: replacing opcode 0x60 at 0x0007
W/dalvikvm( 1108): VFY: unable to resolve static field 3952 (common_google_play_services_notification_needs_installation_title) in Lcom/google/android/gms/R$string;
D/dalvikvm( 1108): VFY: replacing opcode 0x60 at 0x000e
W/dalvikvm( 1108): VFY: unable to resolve static field 3953 (common_google_play_services_notification_needs_update_title) in Lcom/google/android/gms/R$string;
D/dalvikvm( 1108): VFY: replacing opcode 0x60 at 0x0015
W/dalvikvm( 1108): VFY: unable to resolve static field 3949 (common_google_play_services_needs_enabling_title) in Lcom/google/android/gms/R$string;
D/dalvikvm( 1108): VFY: replacing opcode 0x60 at 0x001c
D/StatisticsManager( 1067): receive action:android.net.conn.CONNECTIVITY_CHANGEMAIN:com.gau.go.launcherex.theme.zt.forest.free, null
W/dalvikvm( 1108): VFY: unable to resolve static field 3957 (common_google_play_services_unsupported_text) in Lcom/google/android/gms/R$string;
D/dalvikvm( 1108): VFY: replacing opcode 0x60 at 0x0023
W/dalvikvm( 1108): VFY: unable to resolve static field 3950 (common_google_play_services_network_error_text) in Lcom/google/android/gms/R$string;
D/dalvikvm( 1108): VFY: replacing opcode 0x60 at 0x002a
W/dalvikvm( 1108): VFY: unable to resolve static field 3947 (common_google_play_services_invalid_account_text) in Lcom/google/android/gms/R$string;
D/dalvikvm( 1108): VFY: replacing opcode 0x60 at 0x0031
W/dalvikvm( 1108): VFY: unable to resolve static field 3956 (common_google_play_services_unsupported_date_text) in Lcom/google/android/gms/R$string;
D/dalvikvm( 1108): VFY: replacing opcode 0x60 at 0x0038
W/dalvikvm( 1108): VFY: unable to resolve static field 3955 (common_google_play_services_unknown_issue) in Lcom/google/android/gms/R$string;
D/dalvikvm( 1108): VFY: replacing opcode 0x60 at 0x000d
D/STATUSBAR-NetworkController( 2645): onReceive() - RSSI_CHANGED_ACTION, WIFI_STATE, NETWORK_STATE
D/STATUSBAR-NetworkController( 2645): refreshSignalCluster: data=0 bt=false
W/dalvikvm( 1108): VFY: unable to resolve static field 3954 (common_google_play_services_notification_ticker) in Lcom/google/android/gms/R$string;
D/dalvikvm( 1108): VFY: replacing opcode 0x60 at 0x0005
D/StatisticsManager( 1067): net connection ok , check post queue!
D/STATUSBAR-IconMerger( 2645): checkOverflow(288), More:false, Req:false Child:4
I/dalvikvm( 1108): DexOpt: unable to optimize static field ref 0x0f66 at 0x25 in Lcom/google/android/gms/common/GooglePlayServicesUtil;.showErrorNotification
E/GooglePlayServicesUtil( 1108): The Google Play services resources were not found. Check your project configuration to ensure that the resources are included.
I/Process (30110): Sending signal. PID: 30110 SIG: 9
D/dalvikvm( 2812): GC_FOR_ALLOC freed 77K, 9% free 45530K/49624K, paused 152ms, total 153ms
I/dalvikvm-heap( 2812): Grow heap (frag case) to 52.876MB for 7372816-byte allocation
I/ActivityManager( 2379): Process com.gau.go.launcherex.theme.Color.free (pid 30110) (adj 0) has died.
I/SurfaceFlinger( 1949): id=4611 Removed eemo3 (2/14)
I/SurfaceFlinger( 1949): id=4611 Removed eemo3 (-2/14)
E/SELinux ( 1129): Function: selinux_android_load_priority [0], There is no sepolicy file 
E/SELinux ( 1129):  
E/SELinux ( 1129): Function: selinux_android_load_priority , loading version is VE=SEPF_GT-N7100_4.3_0046
E/SELinux ( 1129):  
E/SELinux ( 1129):  
E/SELinux ( 1129): selinux_android_seapp_context_reload: seapp_contexts file is loaded from /data/security/spota/seapp_contexts
D/AndroidRuntime( 1103): 
D/AndroidRuntime( 1103): >>>>>> AndroidRuntime START com.android.internal.os.RuntimeInit <<<<<<
D/AndroidRuntime( 1103): CheckJNI is OFF
D/AndroidRuntime( 1103): setted country_code = VIETNAM
D/AndroidRuntime( 1103): setted countryiso_code = VN
D/AndroidRuntime( 1103): setted sales_code = XXV
D/AndroidRuntime( 1103): readGMSProperty: start
D/AndroidRuntime( 1103): readGMSProperty: already setted!!
D/AndroidRuntime( 1103): readGMSProperty: end
D/AndroidRuntime( 1103): addProductProperty: start
D/dalvikvm( 1103): Trying to load lib libjavacore.so 0x0
D/dalvikvm( 1103): Added shared lib libjavacore.so 0x0
I/dalvikvm( 1129): Turning on JNI app bug workarounds for target SDK version 9...
D/dalvikvm( 1103): Trying to load lib libnativehelper.so 0x0
D/dalvikvm( 1103): Added shared lib libnativehelper.so 0x0
W/System.err( 1108): android.content.pm.PackageManager$NameNotFoundException: Application package com.gau.go.launcherex.os not found
W/System.err( 1108): 	at android.app.ContextImpl.createPackageContextAsUser(ContextImpl.java:2301)
W/System.err( 1108): 	at android.app.ContextImpl.createPackageContext(ContextImpl.java:2274)
W/System.err( 1108): 	at android.content.ContextWrapper.createPackageContext(ContextWrapper.java:623)
W/System.err( 1108): 	at com.gau.go.launcherex.theme.classic.GetGOUidUtil.createRemoteContext(GetGOUidUtil.java:92)
W/System.err( 1108): 	at com.gau.go.launcherex.theme.classic.GetGOUidUtil.getUid(GetGOUidUtil.java:45)
W/System.err( 1108): 	at com.gau.go.launcherex.theme.classic.GetGOUidUtil.getLauncherUid(GetGOUidUtil.java:26)
W/System.err( 1108): 	at com.jiubang.business.ThemeApplication$1.run(ThemeApplication.java:123)
W/System.err( 1108): 	at java.lang.Thread.run(Thread.java:841)
W/System.err( 1108): android.content.pm.PackageManager$NameNotFoundException: Application package com.launcher not found
W/System.err( 1108): 	at android.app.ContextImpl.createPackageContextAsUser(ContextImpl.java:2301)
W/System.err( 1108): 	at android.app.ContextImpl.createPackageContext(ContextImpl.java:2274)
W/System.err( 1108): 	at android.content.ContextWrapper.createPackageContext(ContextWrapper.java:623)
W/System.err( 1108): 	at com.gau.go.launcherex.theme.classic.GetGOUidUtil.createRemoteContext(GetGOUidUtil.java:92)
W/System.err( 1108): 	at com.gau.go.launcherex.theme.classic.GetGOUidUtil.getUid(GetGOUidUtil.java:45)
W/System.err( 1108): 	at com.gau.go.launcherex.theme.classic.GetGOUidUtil.getLauncherUid(GetGOUidUtil.java:31)
W/System.err( 1108): 	at com.jiubang.business.ThemeApplication$1.run(ThemeApplication.java:123)
W/System.err( 1108): 	at java.lang.Thread.run(Thread.java:841)
I/power   ( 2379): *** release_dvfs_lock : lockType : 1 
W/dalvikvm( 1129): VFY: unable to resolve static field 3962 (common_google_play_services_install_title) in Lcom/google/android/gms/R$string;
D/dalvikvm( 1129): VFY: replacing opcode 0x60 at 0x0083
D/SSRMv2:CustomFrequencyManagerService( 2379): releaseDVFSLockLocked : Getting Lock type frm List : DVFS_MIN_LIMIT  frequency : 1200000  uid : 1000  pid : 2379  tag : ACTIVITY_RESUME_BOOSTER@8
W/dalvikvm( 1129): VFY: unable to resolve static field 3957 (common_google_play_services_enable_title) in Lcom/google/android/gms/R$string;
D/dalvikvm( 1129): VFY: replacing opcode 0x60 at 0x008e
W/dalvikvm( 1129): VFY: unable to resolve static field 3977 (common_google_play_services_update_title) in Lcom/google/android/gms/R$string;
D/dalvikvm( 1129): VFY: replacing opcode 0x60 at 0x0099
W/dalvikvm( 1129): VFY: unable to resolve static field 3974 (common_google_play_services_unsupported_title) in Lcom/google/android/gms/R$string;
D/dalvikvm( 1129): VFY: replacing opcode 0x60 at 0x00ab
W/dalvikvm( 1129): VFY: unable to resolve static field 3967 (common_google_play_services_network_error_title) in Lcom/google/android/gms/R$string;
D/dalvikvm( 1129): VFY: replacing opcode 0x60 at 0x00bd
W/dalvikvm( 1129): VFY: unable to resolve static field 3964 (common_google_play_services_invalid_account_title) in Lcom/google/android/gms/R$string;
D/dalvikvm( 1129): VFY: replacing opcode 0x60 at 0x00e7
W/dalvikvm( 1129): VFY: unable to resolve static field 3974 (common_google_play_services_unsupported_title) in Lcom/google/android/gms/R$string;
D/dalvikvm( 1129): VFY: replacing opcode 0x60 at 0x0106
W/dalvikvm( 1129): Unable to resolve superclass of Lcom/google/android/gms/common/SupportErrorDialogFragment; (222)
W/dalvikvm( 1129): Link of class 'Lcom/google/android/gms/common/SupportErrorDialogFragment;' failed
I/dalvikvm( 1129): Could not find method com.google.android.gms.common.SupportErrorDialogFragment.newInstance, referenced from method com.google.android.gms.common.GooglePlayServicesUtil.b
W/dalvikvm( 1129): VFY: unable to resolve static method 9629: Lcom/google/android/gms/common/SupportErrorDialogFragment;.newInstance (Landroid/app/Dialog;Landroid/content/DialogInterface$OnCancelListener;)Lcom/google/android/gms/common/SupportErrorDialogFragment;
D/dalvikvm( 1129): VFY: replacing opcode 0x71 at 0x0012
W/dalvikvm( 1129): VFY: unable to resolve static field 3971 (common_google_play_services_unknown_issue) in Lcom/google/android/gms/R$string;
D/dalvikvm( 1129): VFY: replacing opcode 0x60 at 0x0007
W/dalvikvm( 1129): VFY: unable to resolve static field 3961 (common_google_play_services_install_text_tablet) in Lcom/google/android/gms/R$string;
D/dalvikvm( 1129): VFY: replacing opcode 0x60 at 0x0018
W/dalvikvm( 1129): VFY: unable to resolve static field 3960 (common_google_play_services_install_text_phone) in Lcom/google/android/gms/R$string;
D/dalvikvm( 1129): VFY: replacing opcode 0x60 at 0x001f
W/dalvikvm( 1129): VFY: unable to resolve static field 3956 (common_google_play_services_enable_text) in Lcom/google/android/gms/R$string;
D/dalvikvm( 1129): VFY: replacing opcode 0x60 at 0x0026
W/dalvikvm( 1129): VFY: unable to resolve static field 3976 (common_google_play_services_update_text) in Lcom/google/android/gms/R$string;
D/dalvikvm( 1129): VFY: replacing opcode 0x60 at 0x002d
W/dalvikvm( 1129): VFY: unable to resolve static field 3973 (common_google_play_services_unsupported_text) in Lcom/google/android/gms/R$string;
D/dalvikvm( 1129): VFY: replacing opcode 0x60 at 0x0034
W/dalvikvm( 1129): VFY: unable to resolve static field 3966 (common_google_play_services_network_error_text) in Lcom/google/android/gms/R$string;
D/dalvikvm( 1129): VFY: replacing opcode 0x60 at 0x003b
W/dalvikvm( 1129): VFY: unable to resolve static field 3963 (common_google_play_services_invalid_account_text) in Lcom/google/android/gms/R$string;
D/dalvikvm( 1129): VFY: replacing opcode 0x60 at 0x0042
W/dalvikvm( 1129): VFY: unable to resolve static field 3972 (common_google_play_services_unsupported_date_text) in Lcom/google/android/gms/R$string;
D/dalvikvm( 1129): VFY: replacing opcode 0x60 at 0x0049
W/dalvikvm( 1129): VFY: unable to resolve static field 3959 (common_google_play_services_install_button) in Lcom/google/android/gms/R$string;
D/dalvikvm( 1129): VFY: replacing opcode 0x60 at 0x000f
W/dalvikvm( 1129): VFY: unable to resolve static field 3955 (common_google_play_services_enable_button) in Lcom/google/android/gms/R$string;
D/dalvikvm( 1129): VFY: replacing opcode 0x60 at 0x0016
W/dalvikvm( 1129): VFY: unable to resolve static field 3975 (common_google_play_services_update_button) in Lcom/google/android/gms/R$string;
D/dalvikvm( 1129): VFY: replacing opcode 0x60 at 0x001d
W/dalvikvm( 1129): VFY: unable to resolve static field 3971 (common_google_play_services_unknown_issue) in Lcom/google/android/gms/R$string;
D/dalvikvm( 1129): VFY: replacing opcode 0x60 at 0x0007
W/dalvikvm( 1129): VFY: unable to resolve static field 3968 (common_google_play_services_notification_needs_installation_title) in Lcom/google/android/gms/R$string;
D/dalvikvm( 1129): VFY: replacing opcode 0x60 at 0x000e
W/dalvikvm( 1129): VFY: unable to resolve static field 3969 (common_google_play_services_notification_needs_update_title) in Lcom/google/android/gms/R$string;
D/dalvikvm( 1129): VFY: replacing opcode 0x60 at 0x0015
W/dalvikvm( 1129): VFY: unable to resolve static field 3965 (common_google_play_services_needs_enabling_title) in Lcom/google/android/gms/R$string;
D/dalvikvm( 1129): VFY: replacing opcode 0x60 at 0x001c
W/dalvikvm( 1129): VFY: unable to resolve static field 3973 (common_google_play_services_unsupported_text) in Lcom/google/android/gms/R$string;
D/dalvikvm( 1129): VFY: replacing opcode 0x60 at 0x0023
W/dalvikvm( 1129): VFY: unable to resolve static field 3966 (common_google_play_services_network_error_text) in Lcom/google/android/gms/R$string;
D/dalvikvm( 1129): VFY: replacing opcode 0x60 at 0x002a
W/dalvikvm( 1129): VFY: unable to resolve static field 3963 (common_google_play_services_invalid_account_text) in Lcom/google/android/gms/R$string;
D/dalvikvm( 1129): VFY: replacing opcode 0x60 at 0x0031
W/dalvikvm( 1129): VFY: unable to resolve static field 3972 (common_google_play_services_unsupported_date_text) in Lcom/google/android/gms/R$string;
D/dalvikvm( 1129): VFY: replacing opcode 0x60 at 0x0038
W/dalvikvm( 1129): VFY: unable to resolve static field 3971 (common_google_play_services_unknown_issue) in Lcom/google/android/gms/R$string;
D/dalvikvm( 1129): VFY: replacing opcode 0x60 at 0x000d
E/SELinux ( 1155): Function: selinux_android_load_priority [0], There is no sepolicy file 
E/SELinux ( 1155):  
E/SELinux ( 1155): Function: selinux_android_load_priority , loading version is VE=SEPF_GT-N7100_4.3_0046
E/SELinux ( 1155):  
E/SELinux ( 1155):  
E/SELinux ( 1155): selinux_android_seapp_context_reload: seapp_contexts file is loaded from /data/security/spota/seapp_contexts
W/dalvikvm( 1129): VFY: unable to resolve static field 3970 (common_google_play_services_notification_ticker) in Lcom/google/android/gms/R$string;
D/dalvikvm( 1129): VFY: replacing opcode 0x60 at 0x0005
I/dalvikvm( 1129): DexOpt: unable to optimize static field ref 0x0f76 at 0x25 in Lcom/google/android/gms/common/GooglePlayServicesUtil;.showErrorNotification
E/GooglePlayServicesUtil( 1129): The Google Play services resources were not found. Check your project configuration to ensure that the resources are included.
D/dalvikvm( 2812): GC_FOR_ALLOC freed <1K, 8% free 52729K/56828K, paused 144ms, total 144ms
I/dalvikvm( 1155): Turning on JNI app bug workarounds for target SDK version 8...
D/StatisticsManager( 1067): Get ctrlInfo task constructed!
D/dalvikvm(  972): GC_EXPLICIT freed 949K, 16% free 12192K/14500K, paused 4ms+122ms, total 262ms
D/StatisticsManager( 1067): task construct:261,327,328,214,332,333,343,206,334,292,282,359
D/StatisticsManager( 1108): Get ctrlInfo task constructed!
I/dalvikvm(  972): Could not find method android.app.AppOpsManager.checkPackage, referenced from method com.google.android.gms.common.GooglePlayServicesUtil.a
W/dalvikvm(  972): VFY: unable to resolve virtual method 52: Landroid/app/AppOpsManager;.checkPackage (ILjava/lang/String;)V
D/dalvikvm(  972): VFY: replacing opcode 0x6e at 0x0010
I/dalvikvm(  972): Could not find method android.content.pm.PackageManager.getPackageInstaller, referenced from method com.google.android.gms.common.GooglePlayServicesUtil.a
D/StatisticsManager( 1108): receive action:android.net.conn.CONNECTIVITY_CHANGEMAIN:com.gau.go.launcherex.theme.Tonight.flower, null
D/StatisticsManager( 1108): net connection ok , check post queue!
W/dalvikvm(  972): VFY: unable to resolve virtual method 349: Landroid/content/pm/PackageManager;.getPackageInstaller ()Landroid/content/pm/PackageInstaller;
D/dalvikvm(  972): VFY: replacing opcode 0x6e at 0x000b
I/Process ( 1155): Sending signal. PID: 1155 SIG: 9
W/System.err( 1129): android.content.pm.PackageManager$NameNotFoundException: Application package com.gau.go.launcherex.os not found
W/System.err( 1129): 	at android.app.ContextImpl.createPackageContextAsUser(ContextImpl.java:2301)
W/System.err( 1129): 	at android.app.ContextImpl.createPackageContext(ContextImpl.java:2274)
W/System.err( 1129): 	at android.content.ContextWrapper.createPackageContext(ContextWrapper.java:623)
W/System.err( 1129): 	at com.gau.go.launcherex.theme.classic.GetGOUidUtil.createRemoteContext(GetGOUidUtil.java:92)
W/System.err( 1129): 	at com.gau.go.launcherex.theme.classic.GetGOUidUtil.getUid(GetGOUidUtil.java:45)
W/System.err( 1129): 	at com.gau.go.launcherex.theme.classic.GetGOUidUtil.getLauncherUid(GetGOUidUtil.java:26)
W/System.err( 1129): 	at com.jiubang.business.ThemeApplication$1.run(ThemeApplication.java:123)
W/System.err( 1129): 	at java.lang.Thread.run(Thread.java:841)
W/System.err( 1129): android.content.pm.PackageManager$NameNotFoundException: Application package com.launcher not found
W/System.err( 1129): 	at android.app.ContextImpl.createPackageContextAsUser(ContextImpl.java:2301)
W/System.err( 1129): 	at android.app.ContextImpl.createPackageContext(ContextImpl.java:2274)
W/System.err( 1129): 	at android.content.ContextWrapper.createPackageContext(ContextWrapper.java:623)
W/System.err( 1129): 	at com.gau.go.launcherex.theme.classic.GetGOUidUtil.createRemoteContext(GetGOUidUtil.java:92)
W/System.err( 1129): 	at com.gau.go.launcherex.theme.classic.GetGOUidUtil.getUid(GetGOUidUtil.java:45)
W/System.err( 1129): 	at com.gau.go.launcherex.theme.classic.GetGOUidUtil.getLauncherUid(GetGOUidUtil.java:31)
W/System.err( 1129): 	at com.jiubang.business.ThemeApplication$1.run(ThemeApplication.java:123)
W/System.err( 1129): 	at java.lang.Thread.run(Thread.java:841)
I/ActivityManager( 2379): Process com.jiubang.goscreenlock.theme.changeful (pid 1155) (adj 0) has died.
E/SELinux ( 1173): Function: selinux_android_load_priority [0], There is no sepolicy file 
E/SELinux ( 1173):  
E/SELinux ( 1173): Function: selinux_android_load_priority , loading version is VE=SEPF_GT-N7100_4.3_0046
E/SELinux ( 1173):  
E/SELinux ( 1173):  
E/SELinux ( 1173): selinux_android_seapp_context_reload: seapp_contexts file is loaded from /data/security/spota/seapp_contexts
D/dalvikvm( 2812): GC_CONCURRENT freed 3K, 8% free 52735K/56828K, paused 8ms+36ms, total 185ms
D/dalvikvm( 2812): WAIT_FOR_CONCURRENT_GC blocked 118ms
I/dalvikvm-heap( 2812): Grow heap (frag case) to 59.913MB for 7372816-byte allocation
D/dalvikvm( 1103): Note: class Landroid/app/ActivityManagerNative; has 176 unimplemented (abstract) methods
E/DIOTEK  ( 1173): InputManagerImpl.getInstance() == null
I/HomeSyncInstallReceiver(16308): Package Added : com.example.quangdung.demo3
I/HomeSyncInstallReceiver(16308): This pkg do not need BT addr. Do nothing
D/[FileShare][Server](27540): ServerBroadcastReceiver : onReceive: android.intent.action.PACKAGE_ADDED // package:com.example.quangdung.demo3
D/[FileShare][Server](27540): ServerBroadcastReceiver : Current User : UserHandle{0}
D/[FileShare][Server](27540): ServerBroadcastReceiver : All UserInfo: [UserInfo{0:Chủ sở hữu:13}]
D/CapabilityManagerService(27000): Receiver Broadcast:android.intent.action.PACKAGE_ADDED
D/AndroidRuntime( 1103): Calling main entry com.android.commands.am.Am
D/StatisticsManager( 1129): receive action:android.net.conn.CONNECTIVITY_CHANGEMAIN:com.gau.go.launcherex.theme.Color.free, null
D/StatisticsManager( 1129): net connection ok , check post queue!
E/SELinux ( 1195): Function: selinux_android_load_priority [0], There is no sepolicy file 
E/SELinux ( 1195):  
E/SELinux ( 1195): Function: selinux_android_load_priority , loading version is VE=SEPF_GT-N7100_4.3_0046
E/SELinux ( 1195):  
E/SELinux ( 1195):  
E/SELinux ( 1195): selinux_android_seapp_context_reload: seapp_contexts file is loaded from /data/security/spota/seapp_contexts
E/BatteryService( 2379): Could not open /efs/FactoryApp/batt_cable_count
D/BatteryService( 2379): update start
D/BatteryService( 2379): level:63, scale:100, status:2, health:2, present:true, voltage: 3763, temperature: 296, technology: Li-ion, AC powered:false, USB powered:true, Wireless powered:false, icon:17303554, invalid charger:0, online:4, charge type:1, current avg:260
D/BatteryService( 2379): Sending ACTION_BATTERY_CHANGED.
D/STATUSBAR-BatteryController( 2645): onReceive() - ACTION_BATTERY_CHANGED
D/STATUSBAR-BatteryController( 2645): onReceive() - BATTERY_STATUS_CHARGING:
D/STATUSBAR-PhoneStatusBar( 2645):  mBrightnessEnablebySettings = true mBrightnessEnablebyBattery = true mBrightnessEnablebyDisableFlag = true
D/LockPatternUtils( 2379): isPcwEnable = 10
D/dalvikvm( 2812): GC_FOR_ALLOC freed 4K, 7% free 59930K/64032K, paused 148ms, total 148ms
D/STATUSBAR-IconMerger( 2645): checkOverflow(288), More:false, Req:false Child:4
D/StatisticsManager( 1129): Get ctrlInfo task constructed!
D/StatisticsManager( 1129): task construct:261,327,328,214,332,333,343,206,334,292,282,359
D/dalvikvm(  972): GC_CONCURRENT freed 486K, 14% free 12498K/14500K, paused 2ms+2ms, total 29ms
D/dalvikvm(  972): WAIT_FOR_CONCURRENT_GC blocked 13ms
D/dalvikvm( 2812): GC_CONCURRENT freed 7205K, 18% free 52731K/64032K, paused 13ms+22ms, total 126ms
D/dalvikvm( 2812): WAIT_FOR_CONCURRENT_GC blocked 101ms
D/dalvikvm( 2379): GC_CONCURRENT freed 2205K, 21% free 48691K/61168K, paused 5ms+17ms, total 220ms
D/dalvikvm( 2379): WAIT_FOR_CONCURRENT_GC blocked 106ms
D/dalvikvm( 2379): WAIT_FOR_CONCURRENT_GC blocked 104ms
D/dalvikvm( 2379): WAIT_FOR_CONCURRENT_GC blocked 106ms
D/dalvikvm( 2379): WAIT_FOR_CONCURRENT_GC blocked 107ms
D/dalvikvm( 2379): WAIT_FOR_CONCURRENT_GC blocked 99ms
D/dalvikvm( 2379): WAIT_FOR_CONCURRENT_GC blocked 101ms
D/dalvikvm( 2379): WAIT_FOR_CONCURRENT_GC blocked 43ms
D/ContainerAgent( 1195): ContainerApplication: onCreate() try to bind service
D/ContainerAgent( 1195): ContainerApplication: disableApplicationManagerSettings()
D/dalvikvm(  972): GC_CONCURRENT freed 683K, 15% free 12632K/14808K, paused 3ms+4ms, total 34ms
D/dalvikvm(  972): WAIT_FOR_CONCURRENT_GC blocked 22ms
I/ContainerAgent( 1195): ContainerApplication: CA already registered as clearCacheBlacklistPackageList
I/ContainerAgent( 1195): ContainerApplication: CA already registered as clearDataBlacklistPackageList
E/SQLiteDatabase( 2379): Error inserting packageName=com.sec.knox.containeragent controlState=1 adminUid=1000
E/SQLiteDatabase( 2379): android.database.sqlite.SQLiteConstraintException: foreign key constraint failed (code 19)
E/SQLiteDatabase( 2379): 	at android.database.sqlite.SQLiteConnection.nativeExecuteForLastInsertedRowId(Native Method)
E/SQLiteDatabase( 2379): 	at android.database.sqlite.SQLiteConnection.executeForLastInsertedRowId(SQLiteConnection.java:973)
E/SQLiteDatabase( 2379): 	at android.database.sqlite.SQLiteSession.executeForLastInsertedRowId(SQLiteSession.java:788)
E/SQLiteDatabase( 2379): 	at android.database.sqlite.SQLiteStatement.executeInsert(SQLiteStatement.java:86)
E/SQLiteDatabase( 2379): 	at android.database.sqlite.SQLiteDatabase.insertWithOnConflict(SQLiteDatabase.java:1591)
E/SQLiteDatabase( 2379): 	at android.database.sqlite.SQLiteDatabase.insert(SQLiteDatabase.java:1461)
E/SQLiteDatabase( 2379): 	at com.android.server.enterprise.storage.EdmStorageHelper.putValuesForAdminAndField(EdmStorageHelper.java:1234)
E/SQLiteDatabase( 2379): 	at com.android.server.enterprise.storage.EdmStorageProviderBase.putValuesForAdminAndField(EdmStorageProviderBase.java:684)
E/SQLiteDatabase( 2379): 	at com.android.server.enterprise.application.ApplicationPolicy.setApplicationPkgNameControlState(ApplicationPolicy.java:737)
E/SQLiteDatabase( 2379): 	at com.android.server.enterprise.application.ApplicationPolicy.setApplicationPkgNameControlState(ApplicationPolicy.java:580)
E/SQLiteDatabase( 2379): 	at com.android.server.enterprise.application.ApplicationPolicy._setApplicationUninstallationDisabled(ApplicationPolicy.java:1956)
E/SQLiteDatabase( 2379): 	at com.android.server.enterprise.application.ApplicationPolicy.setApplicationUninstallationDisabled(ApplicationPolicy.java:1919)
E/SQLiteDatabase( 2379): 	at android.app.enterprise.IApplicationPolicy$Stub.onTransact(IApplicationPolicy.java:166)
E/SQLiteDatabase( 2379): 	at android.os.Binder.execTransact(Binder.java:388)
E/SQLiteDatabase( 2379): 	at dalvik.system.NativeStart.run(Native Method)
E/SQLiteDatabase( 2379): Error inserting packageName=com.sec.knox.containeragent controlState=0 adminUid=1000
E/SQLiteDatabase( 2379): android.database.sqlite.SQLiteConstraintException: foreign key constraint failed (code 19)
E/SQLiteDatabase( 2379): 	at android.database.sqlite.SQLiteConnection.nativeExecuteForLastInsertedRowId(Native Method)
E/SQLiteDatabase( 2379): 	at android.database.sqlite.SQLiteConnection.executeForLastInsertedRowId(SQLiteConnection.java:973)
E/SQLiteDatabase( 2379): 	at android.database.sqlite.SQLiteSession.executeForLastInsertedRowId(SQLiteSession.java:788)
E/SQLiteDatabase( 2379): 	at android.database.sqlite.SQLiteStatement.executeInsert(SQLiteStatement.java:86)
E/SQLiteDatabase( 2379): 	at android.database.sqlite.SQLiteDatabase.insertWithOnConflict(SQLiteDatabase.java:1591)
E/SQLiteDatabase( 2379): 	at android.database.sqlite.SQLiteDatabase.insert(SQLiteDatabase.java:1461)
E/SQLiteDatabase( 2379): 	at com.android.server.enterprise.storage.EdmStorageHelper.putValuesForAdminAndField(EdmStorageHelper.java:1234)
E/SQLiteDatabase( 2379): 	at com.android.server.enterprise.storage.EdmStorageProviderBase.putValuesForAdminAndField(EdmStorageProviderBase.java:684)
E/SQLiteDatabase( 2379): 	at com.android.server.enterprise.application.ApplicationPolicy.setApplicationPkgNameControlState(ApplicationPolicy.java:737)
E/SQLiteDatabase( 2379): 	at com.android.server.enterprise.application.ApplicationPolicy.setApplicationPkgNameControlState(ApplicationPolicy.java:580)
E/SQLiteDatabase( 2379): 	at com.android.server.enterprise.application.ApplicationPolicy._setApplicationUninstallationDisabled(ApplicationPolicy.java:1958)
E/SQLiteDatabase( 2379): 	at com.android.server.enterprise.application.ApplicationPolicy.setApplicationUninstallationDisabled(ApplicationPolicy.java:1919)
E/SQLiteDatabase( 2379): 	at android.app.enterprise.IApplicationPolicy$Stub.onTransact(IApplicationPolicy.java:166)
E/SQLiteDatabase( 2379): 	at android.os.Binder.execTransact(Binder.java:388)
E/SQLiteDatabase( 2379): 	at dalvik.system.NativeStart.run(Native Method)
W/InstanceID/Rpc(  972): Found 10021
I/PackageManager( 2379): findPreferredActivity: No PreferredActivities set
E/EnterpriseContainerManager( 1195): ContainerPolicy Service is not yet ready!!!
W/LicenseLogService( 2379): log() is called by non admin
E/EnterpriseKnoxManager( 1195): Failed at EnterpriseContainerManager API getEnterpriseContainerManager 
E/EnterpriseKnoxManager( 1195): java.lang.NoSuchFieldException: Container with Id 1 does not exists
E/EnterpriseKnoxManager( 1195): 	at com.sec.enterprise.knox.EnterpriseContainerManager.<init>(EnterpriseContainerManager.java:706)
E/EnterpriseKnoxManager( 1195): 	at com.sec.enterprise.knox.EnterpriseKnoxManager.getEnterpriseContainerManager(EnterpriseKnoxManager.java:309)
E/EnterpriseKnoxManager( 1195): 	at com.sec.knox.containeragent.core.ContainerServiceAdapter.<init>(ContainerServiceAdapter.java:43)
E/EnterpriseKnoxManager( 1195): 	at com.sec.knox.containeragent.core.ContainerServiceAdapter.getInstance(ContainerServiceAdapter.java:49)
E/EnterpriseKnoxManager( 1195): 	at com.sec.knox.containeragent.upgrade.knox.UpgradeInstallReceiver.onReceive(UpgradeInstallReceiver.java:36)
E/EnterpriseKnoxManager( 1195): 	at android.app.ActivityThread.handleReceiver(ActivityThread.java:2538)
E/EnterpriseKnoxManager( 1195): 	at android.app.ActivityThread.access$1600(ActivityThread.java:168)
E/EnterpriseKnoxManager( 1195): 	at android.app.ActivityThread$H.handleMessage(ActivityThread.java:1405)
E/EnterpriseKnoxManager( 1195): 	at android.os.Handler.dispatchMessage(Handler.java:99)
E/EnterpriseKnoxManager( 1195): 	at android.os.Looper.loop(Looper.java:137)
E/EnterpriseKnoxManager( 1195): 	at android.app.ActivityThread.main(ActivityThread.java:5493)
E/EnterpriseKnoxManager( 1195): 	at java.lang.reflect.Method.invokeNative(Native Method)
E/EnterpriseKnoxManager( 1195): 	at java.lang.reflect.Method.invoke(Method.java:525)
E/EnterpriseKnoxManager( 1195): 	at com.android.internal.os.ZygoteInit$MethodAndArgsCaller.run(ZygoteInit.java:1209)
E/EnterpriseKnoxManager( 1195): 	at com.android.internal.os.ZygoteInit.main(ZygoteInit.java:1025)
E/EnterpriseKnoxManager( 1195): 	at dalvik.system.NativeStart.main(Native Method)
E/EnterpriseContainerManager( 1195): ContainerPolicy Service is not yet ready!!!
E/EnterpriseKnoxManager( 1195): Failed at EnterpriseContainerManager API getEnterpriseContainerManager 
E/EnterpriseKnoxManager( 1195): java.lang.NoSuchFieldException: Container with Id 1 does not exists
E/EnterpriseKnoxManager( 1195): 	at com.sec.enterprise.knox.EnterpriseContainerManager.<init>(EnterpriseContainerManager.java:706)
E/EnterpriseKnoxManager( 1195): 	at com.sec.enterprise.knox.EnterpriseKnoxManager.getEnterpriseContainerManager(EnterpriseKnoxManager.java:309)
E/EnterpriseKnoxManager( 1195): 	at com.sec.knox.containeragent.core.ContainerServiceAdapter.getInstance(ContainerServiceAdapter.java:55)
E/EnterpriseKnoxManager( 1195): 	at com.sec.knox.containeragent.upgrade.knox.UpgradeInstallReceiver.onReceive(UpgradeInstallReceiver.java:36)
E/EnterpriseKnoxManager( 1195): 	at android.app.ActivityThread.handleReceiver(ActivityThread.java:2538)
E/EnterpriseKnoxManager( 1195): 	at android.app.ActivityThread.access$1600(ActivityThread.java:168)
E/EnterpriseKnoxManager( 1195): 	at android.app.ActivityThread$H.handleMessage(ActivityThread.java:1405)
E/EnterpriseKnoxManager( 1195): 	at android.os.Handler.dispatchMessage(Handler.java:99)
E/EnterpriseKnoxManager( 1195): 	at android.os.Looper.loop(Looper.java:137)
E/EnterpriseKnoxManager( 1195): 	at android.app.ActivityThread.main(ActivityThread.java:5493)
E/EnterpriseKnoxManager( 1195): 	at java.lang.reflect.Method.invokeNative(Native Method)
E/EnterpriseKnoxManager( 1195): 	at java.lang.reflect.Method.invoke(Method.java:525)
E/EnterpriseKnoxManager( 1195): 	at com.android.internal.os.ZygoteInit$MethodAndArgsCaller.run(ZygoteInit.java:1209)
