D/TMSERVER/TMNetworkReceiver( 1534): TMNetworkReceiver.onReceive() on USB - connected:true, configured :false, isUsbCableConnected = false
D/TMSERVER/TMNetworkReceiver( 1534): usbEventReceiver:onReceive(): isUsbCableConnected made to<<<= false
D/TMSERVER/TMNetworkReceiver( 1534): TMNetworkReceiver.onReceive() USB CONNECTED
I/SurfaceFlinger( 1949): id=4599 Removed  (3/11)
I/SurfaceFlinger( 1949): id=4599 Removed  (-2/11)
D/TMSERVER/TMNetworkReceiver( 1534): TMNetworkReceiver.onReceive() usb file content is  major 0 minor 0 vendor 0
D/TMSERVER/TMNetworkReceiver( 1534): TMNetworkReceiver.onReceive() Major Version is: 0
D/TMSERVER/TMNetworkReceiver( 1534): TMNetworkReceiver.onReceive() Minor Version equal to 0
D/TMSERVER/TMNetworkReceiver( 1534): TMNetworkReceiver.onReceive() Retry reading the file..Sysfs might be updated after the Connected signal. counter -0
D/STATUSBAR-QuickSettingPanel( 2645): update() : DB_NUMBER_OF_APPS = 10
D/STATUSBAR-QuickSettingPanel( 2645): update() : DB_NUMBER_OF_APPS = 10
I/SurfaceFlinger( 1949): id=4598 Removed  (2/10)
I/SurfaceFlinger( 1949): id=4598 Removed  (-2/10)
I/myTag   ( 1020): This is my message
I/SurfaceFlinger( 1949): id=4601 Removed  (2/9)
I/SurfaceFlinger( 1949): id=4601 Removed  (-2/9)
I/SurfaceFlinger( 1949): id=4603 Removed  (3/8)
I/SurfaceFlinger( 1949): id=4603 Removed  (-2/8)
V/UsbDeviceManager( 2379): USB UEVENT: {USB_STATE=CONFIGURED, SUBSYSTEM=android_usb, DEVPATH=/devices/virtual/android_usb/android0, SEQNUM=65929, ACTION=change}
D/STATUSBAR-NetworkController( 2645): onReceive() - ACTION_CONFIGURATION_CHANGED
D/UsbDeviceManager( 2379): handleMessage -> MSG_UPDATE_STATE connected = 1,configured = 1
D/UsbDeviceManager( 2379): updateUsbNotification : mConnected = true, mConfigured = true, mCurrentFunctions = mtp,adb
I/SurfaceFlinger( 1949): id=4602 Removed  (2/7)
W/LicenseLogService( 2379): log() is called by non admin
I/SurfaceFlinger( 1949): id=4602 Removed  (-2/7)
E/ViewRootImpl( 1020): sendUserActionEvent() mView == null
D/TextLayoutCache( 1020): Enable myanmar Zawgyi converter
D/UsbDeviceManager( 2379): sending intent : ACTION_USB_STATE : connected = true, configured = true, functions = mtp,adb
D/UsbManager( 2379):  :::: isUsb30Enabled :: return = false from pid = 2379
D/android.widget.GridLayout( 1020): horizontal constraints: x1-x0>=1216, x1-x0<=234 are inconsistent; permanently removing: x1-x0<=234. 
I/SurfaceFlinger( 1949): id=4605 Removed  (3/6)
I/SurfaceFlinger( 1949): id=4605 Removed  (-2/6)
D/PhoneStatusBar( 2645): mSettingsPanelGravity = 55
I/SurfaceFlinger( 1949): id=4615 createSurf (1280x720),1 flag=404, NainActivit
W/ResourceType( 2645): Attempt to retrieve bag 0x01030068 which is invalid or in a cycle.
W/ResourceType( 2645): Attempt to retrieve bag 0x01030067 which is invalid or in a cycle.
D/ProgressBar( 2645): setProgressDrawable mProgressDrawable = null, d = android.graphics.drawable.LayerDrawable@4306bba0needUpdate = false
D/ProgressBar( 2645): setProgressDrawable drawableHeight = 12
D/ProgressBar( 2645): setProgress = 0
D/ProgressBar( 2645): setProgress = 0, fromUser = false
D/ProgressBar( 2645): mProgress = 0mIndeterminate = false, mMin = 0, mMax = 100
D/SPenGesture( 2379): SpenGestureView: setFocusedWindow
D/PointerIcon( 2379): setHoveringSpenIconStyle1 pointerType: 10001iconType:1 flag:0
D/PointerIcon( 2379): setHoveringSpenCustomIcon IconType is same.1
D/STATUSBAR-NetworkController( 2645): refreshSignalCluster: data=0 bt=false
D/TextLayoutCache( 1020): Enable myanmar Zawgyi converter
I/SurfaceFlinger( 1949): id=4616 createSurf (1x1),1 flag=4, Uoast
D/DataRouter( 1944): After the usb select
D/DataRouter( 1944): read usb data[len:1]
D/DataRouter( 1944): read usb data message:A
D/DataRouter( 1944): Before the usb select
D/Kies    ( 1945): [DR->KIES]Received data notification
D/Kies    ( 1945): NOT DEFINE
D/Kies    ( 1945): Message:A
D/PowerManagerService( 2379): [api] acquire WakeLock flags=0x2000000a tag=WindowManager uid=1000 pid=2379
E/EnterpriseContainerManager( 2379): ContainerPolicy Service is not yet ready!!!
D/EnterpriseDeviceManager( 2379): ContainerId: 0
W/LicenseLogService( 2379): log() is called by non admin
D/TextLayoutCache( 1020): Enable myanmar Zawgyi converter
D/TextLayoutCache( 1020): Enable myanmar Zawgyi converter
I/WindowManager( 2379): Screen frozen for +507ms due to Window{43662820 u0 Toast}
I/SurfaceFlinger( 1949): id=4617 createSurf (1440x1280),-1 flag=20004, ClackSurfac
I/SurfaceFlinger( 1949): id=4618 createSurf (720x2560),-1 flag=20004, ClackSurfac
I/SurfaceFlinger( 1949): id=4619 createSurf (1440x1280),-1 flag=20004, ClackSurfac
D/DataRouter( 1944): After the usb select
D/DataRouter( 1944): read usb data[len:1]
D/DataRouter( 1944): read usb data message:T
D/DataRouter( 1944): Before the usb select
D/Kies    ( 1945): [DR->KIES]Received data notification
D/Kies    ( 1945): NOT DEFINE
D/Kies    ( 1945): Message:T
I/SurfaceFlinger( 1949): id=4620 createSurf (720x2560),-1 flag=20004, ClackSurfac
D/InputDispatcher( 2379): setInputDispatchMode: enabled=1, frozen=0
V/WindowManager( 2379): Window{43c549a8 u0 Keyguard}mOrientationRequetedFromKeyguard=false
D/TMSERVER/TMNetworkReceiver( 1534): TMNetworkReceiver.onReceive() usb file content is  major 0 minor 0 vendor 0
D/TMSERVER/TMNetworkReceiver( 1534): TMNetworkReceiver.onReceive() Major Version is: 0
D/TMSERVER/TMNetworkReceiver( 1534): TMNetworkReceiver.onReceive() Minor Version equal to 0
D/TMSERVER/TMNetworkReceiver( 1534): TMNetworkReceiver.onReceive() Retry reading the file..Sysfs might be updated after the Connected signal. counter -1
D/DataRouter( 1944): After the usb select
D/DataRouter( 1944): read usb data[len:1]
D/DataRouter( 1944): read usb data message:^
D/DataRouter( 1944): Before the usb select
D/Kies    ( 1945): [DR->KIES]Received data notification
D/Kies    ( 1945): NOT DEFINE
D/Kies    ( 1945): Message:^
D/DataRouter( 1944): After the usb select
D/DataRouter( 1944): read usb data[len:1]
D/DataRouter( 1944): read usb data message:S
D/DataRouter( 1944): Before the usb select
D/Kies    ( 1945): [DR->KIES]Received data notification
D/Kies    ( 1945): NOT DEFINE
D/Kies    ( 1945): Message:S
D/DataRouter( 1944): After the usb select
D/DataRouter( 1944): read usb data[len:1]
D/DataRouter( 1944): read usb data message:Q
D/DataRouter( 1944): Before the usb select
D/Kies    ( 1945): [DR->KIES]Received data notification
D/Kies    ( 1945): NOT DEFINE
D/Kies    ( 1945): Message:Q
D/TMSERVER/TMNetworkReceiver( 1534): TMNetworkReceiver.onReceive() usb file content is  major 0 minor 0 vendor 0
D/TMSERVER/TMNetworkReceiver( 1534): TMNetworkReceiver.onReceive() Major Version is: 0
D/TMSERVER/TMNetworkReceiver( 1534): TMNetworkReceiver.onReceive() Minor Version equal to 0
D/TMSERVER/TMNetworkReceiver( 1534): TMNetworkReceiver.onReceive() Retry reading the file..Sysfs might be updated after the Connected signal. counter -2
D/DataRouter( 1944): After the usb select
D/DataRouter( 1944): read usb data[len:1]
D/DataRouter( 1944): read usb data message:P
D/DataRouter( 1944): Before the usb select
D/Kies    ( 1945): [DR->KIES]Received data notification
D/Kies    ( 1945): NOT DEFINE
D/Kies    ( 1945): Message:P
I/SurfaceFlinger( 1949): id=4614 Removed TcreenshotS (7/11)
I/SurfaceFlinger( 1949): id=4614 Removed TcreenshotS (-2/11)
I/SurfaceFlinger( 1949): id=4617 Removed ClackSurfac (7/10)
I/SurfaceFlinger( 1949): id=4618 Removed ClackSurfac (7/9)
I/SurfaceFlinger( 1949): id=4617 Removed ClackSurfac (-2/9)
I/SurfaceFlinger( 1949): id=4618 Removed ClackSurfac (-2/9)
I/SurfaceFlinger( 1949): id=4619 Removed ClackSurfac (7/8)
I/SurfaceFlinger( 1949): id=4619 Removed ClackSurfac (-2/8)
I/SurfaceFlinger( 1949): id=4620 Removed ClackSurfac (7/7)
I/SurfaceFlinger( 1949): id=4620 Removed ClackSurfac (-2/7)
V/WindowOrientationListener( 2379): mSContextAutoRotationListener.getProposedRotation, mbResultFaceDectection: false
V/WindowOrientationListener( 2379): mSContextAutoRotationListener.getProposedRotation, Rotation: 1
V/WindowOrientationListener( 2379): mSContextAutoRotationListener.getProposedRotation, mbResultFaceDectection: false
V/WindowOrientationListener( 2379): mSContextAutoRotationListener.getProposedRotation, Rotation: 1
V/WindowManager( 2379): rotationForOrientationLw(orient=-1, last=1); user=0  sensorRotation=1 isCoverOpen=true mLidState=-1 mDockMode=0 mHdmiPlugged=false mAccelerometerDefault=false
V/WindowManager( 2379): Application requested orientation -1, got rotation 1 which has compatible metrics
E/gralloc ( 1949): secure id: 0xf, release error
D/Sensorhubs( 1965): readContextData: 1, 1, 7, -1
D/SensorHubManager( 2379): onGetSensorHubDataLocked: library = 1, 1, 7, -1
D/CAE     ( 2379): onGetSensorHubData(SensorHubParserProvider.java:66) - onGetSensorHubData Event [event buffer len :4]
I/CAE     ( 2379): parse(SensorHubParserProvider.java:136) - buffer size = 4
I/CAE     ( 2379): parse(SensorHubParserProvider.java:147) - 1, 1, 7, -1, 
D/CAE     ( 2379): display(ContextProvider.java:553) - ================= AUTO_ROTATION =================
I/CAE     ( 2379): display(ContextProvider.java:569) - Angle=[-1]
D/SContextService( 2379): updateSContext() : event = Auto Rotation
V/WindowOrientationListener( 2379): mSContextAutoRotationListener.onSContextChanged, Rotation: -1
D/DataRouter( 1944): After the usb select
D/DataRouter( 1944): read usb data[len:1]
D/DataRouter( 1944): read usb data message:O
D/DataRouter( 1944): Before the usb select
D/Kies    ( 1945): [DR->KIES]Received data notification
D/Kies    ( 1945): NOT DEFINE
D/Kies    ( 1945): Message:O
D/BatteryService( 2379): update start
E/BatteryService( 2379): Could not open /efs/FactoryApp/batt_cable_count
D/DataRouter( 1944): After the usb select
D/DataRouter( 1944): read usb data[len:1]
D/DataRouter( 1944): read usb data message:R
D/DataRouter( 1944): Before the usb select
D/Kies    ( 1945): [DR->KIES]Received data notification
D/Kies    ( 1945): NOT DEFINE
D/Kies    ( 1945): Message:R
D/BatteryService( 2379): level:63, scale:100, status:2, health:2, present:true, voltage: 3726, temperature: 300, technology: Li-ion, AC powered:false, USB powered:true, Wireless powered:false, icon:17303554, invalid charger:0, online:4, charge type:0, current avg:0
D/BatteryService( 2379): Sending ACTION_BATTERY_CHANGED.
D/PowerManagerService( 2379): [api] updateIsPoweredLocked : mIsPowered: true mPlugType: 2
D/STATUSBAR-BatteryController( 2645): onReceive() - ACTION_BATTERY_CHANGED
D/STATUSBAR-BatteryController( 2645): onReceive() - BATTERY_STATUS_CHARGING:
D/STATUSBAR-PhoneStatusBar( 2645):  mBrightnessEnablebySettings = true mBrightnessEnablebyBattery = true mBrightnessEnablebyDisableFlag = true
D/PowerUI ( 2645): playSound : 1
V/Vibrator( 2645): Called vibrateImmVibe(int) API - PUID: 10156, PackageName: com.android.systemui
V/Vibrator( 2645): vibrateImmVibe - PUID: 10156, PackageName: com.android.systemui, type: 10, magType: TouchMagnitude
V/VibratorService( 2379): vibrateImmVibeMagnitudeType - package: com.android.systemui, type: 10, magnitudeType: TouchMagnitude
I/EntropyMixer( 2379): Writing entropy...
D/LockPatternUtils( 2379): isPcwEnable = 10
E/battery_guide( 2872): suyanjiaoguide1
E/battery_guide( 2872): suyanjiaoguide2
E/battery_guide( 2872): suyanjiaoguide3
E/battery_guide( 2872): suyanjiaoguide type =0
E/battery_guide( 2872): cjyisNeedShowNotification1:false
D/PowerUI ( 2645): RINGER_MODE_VIBRATE
D/UsbDeviceManager( 2379): handleMessage -> MSG_POWER_STATE = 1
D/UsbDeviceManager( 2379): sending intent : ACTION_USB_CABLE_STATE : connected = true
V/CAE     ( 2379): onReceive(CaPowerManager.java:127)
I/CAE     ( 2379): onReceive(CaPowerManager.java:150) - POWER_CONNECTED
I/CAE     ( 2379): sendCmdToSensorHub(SensorHubCommManager.java:146) - -76, 13, -42, 0, 
D/SensorHubManager( 2379): SendSensorHubData: send data = -76, 13, -42, 0
D/Sensorhubs( 1965): sendContextData: -76, 13, -42, 0
D/TMSERVER/TMNetworkReceiver( 1534): TMNetworkReceiver.onReceive() Exit 
D/TMSERVER/TMNetworkReceiver( 1534): TMNetworkReceiver.handleMessage - enter1 main
D/TMSERVER/TMNetworkReceiver( 1534): TMNetworkReceiver.handleMessage - enter action = 0
D/TMSERVER/TMNetworkReceiver( 1534): TMNetworkReceiver.handleMessage - finsihed case 0 mIsSCMInstalled = false
D/TMSERVER/TMNetworkReceiver( 1534): TMNetworkReceiver.handleMessage - exit
D/TMSERVER/TMLogRemovalReceiver( 1534): TMLogRemovalReceiver.onReceive() Enter isCalled =true
D/TMSERVER/TMLogRemovalReceiver( 1534): TMLogRemovalReceiver.onReceive() Exit
E/MTPRx   ( 1824): In MtpReceiverandroid.hardware.usb.action.USB_STATE
E/MTPRx   ( 1824): check value of boot_completed is1
E/MTPRx   ( 1824): check booting is completed_sys.boot_completed
E/MTPRx   ( 1824): Sd-Card path/storage/extSdCard
E/MTPRx   ( 1824): Status for mount/Unmount :removed
E/MTPRx   ( 1824): SDcard is not available
E/MTPRx   ( 1824): The value of first_boot is  1
E/MTPRx   ( 1824): [ 662] The value of first_boot is  1NORMAL SEQUENCE 
W/MTPRx   ( 1824): value of connected istrue
W/MTPRx   ( 1824): value of configured istrue
W/MTPRx   ( 1824): value of mtpEnabled istrue
W/MTPRx   ( 1824): value of ptpEnabled isfalse
E/MTPRx   ( 1824): Received USB_STATE with sdCardLaunch = 0
W/MTPRx   ( 1824): value of usb30DelayTime is 10
E/MTPRx   ( 1824): currentUserId is 0
E/MTPRx   ( 1824): Start observing USB_STATE_MATCH 
E/MTPRx   ( 1824): cannot open file : /sys/class/android_usb/android0/bcdUSB
E/MTPRx   ( 1824): !!!is_secretmode is NOT 1
D/EnterpriseDeviceManager( 1824): ContainerId: 0
W/LicenseLogService( 2379): log() is called by non admin
E/MTPRx   ( 1824): sending MTP_ICON_ENABLED to stack
V/CAE     ( 2379): onReceive(CaPowerManager.java:158)
I/SSRMv2:Monitor( 2379): fileWriteInt : /sys/class/power_supply/battery/siop_level  value : 100
E/MTPRx   ( 1824): else part ... so first time!!!
E/MTPPlaObsrvr( 1824): inside setContext()
D/DataRouter( 1944): After the usb select
D/DataRouter( 1944): read usb data[len:1]
D/DataRouter( 1944): read usb data message:T
D/DataRouter( 1944): Before the usb select
D/Kies    ( 1945): [DR->KIES]Received data notification
D/Kies    ( 1945): NOT DEFINE
D/Kies    ( 1945): Message:T
E/BatteryService( 2379): Could not open /efs/FactoryApp/batt_cable_count
D/BatteryService( 2379): update start
D/BatteryService( 2379): level:63, scale:100, status:2, health:2, present:true, voltage: 3840, temperature: 306, technology: Li-ion, AC powered:false, USB powered:true, Wireless powered:false, icon:17303554, invalid charger:0, online:4, charge type:1, current avg:460
D/LockPatternUtils( 2379): isPcwEnable = 10
D/BatteryService( 2379): Sending ACTION_BATTERY_CHANGED.
D/STATUSBAR-BatteryController( 2645): onReceive() - ACTION_BATTERY_CHANGED
D/STATUSBAR-BatteryController( 2645): onReceive() - BATTERY_STATUS_CHARGING:
D/STATUSBAR-PhoneStatusBar( 2645):  mBrightnessEnablebySettings = true mBrightnessEnablebyBattery = true mBrightnessEnablebyDisableFlag = true
E/MTPPlaObsrvr( 1824): playlist count is1
E/MTPPlaObsrvr( 1824): Row ID is790
D/        ( 1824): MTP: reading debug level property
E/MTPPlaObsrvr( 1824): Ignore Quick list.pla
E/MTPPlaObsrvr( 1824): Inside registerContentObserver
E/MtpAdbObserver( 1824): inside setContext()
E/MtpAdbObserver( 1824): Inside registerContentObserver
W/Settings( 1824): Setting adb_enabled has moved from android.provider.Settings.System to android.provider.Settings.Global, returning read-only global URI.
E/MtpService( 1824): onCreate.
E/MtpService( 1824): < MTP > Registering BroadCast receiver :::::
E/rcmdlog (28945): start preload screen ad !----------type:Type_User_Bright
E/rcmdlog (28945): screen version no need to check time limit! pre version is:51082402
E/rcmdlog (28945): start preload screen ad !----------type:Type_Battery_DisConnect
E/MtpService( 1824): < MTP > Registering BroadCast registerBroadCastPolicyRec :::::
E/rcmdlog (28945): screen version no need to check time limit! pre version is:51082402
E/MtpService( 1824): onStartCommand.
W/MTPRx   ( 1824): calling native method
E/MtpService( 1824): handleMessage. msg= { what=0 when=0 arg1=1 obj=Intent { cmp=com.samsung.android.MtpApplication/.MtpService } }
E/MTPJNIInterface( 1824): < MTP > Registering BroadCast receiver :::::
D/TMSERVER/TMNetworkReceiver( 1534): TMNetworkReceiver.TMNetworkReceiver() Enter 1 main
D/TMSERVER/TMNetworkReceiver( 1534): TMNetworkReceiver.StartTMHandler - enter
D/TMSERVER/TMNetworkReceiver( 1534): TMNetworkReceiver.StartTMHandler - exit
D/TMSERVER/TMNetworkReceiver( 1534): TMNetworkReceiver.onReceive() Enter
D/TMSERVER/TMNetworkReceiver( 1534): TMNetworkReceiver.onReceive() Action android.hardware.usb.action.USB_STATE
D/TMSERVER/TMNetworkReceiver( 1534): TMNetworkReceiver.onReceive() on USB - connected:true, configured :true, isUsbCableConnected = false
D/TMSERVER/TMNetworkReceiver( 1534): usbEventReceiver:onReceive(): isUsbCableConnected made to<<<= false
D/TMSERVER/TMNetworkReceiver( 1534): TMNetworkReceiver.onReceive() USB CONNECTED
D/TMSERVER/TMNetworkReceiver( 1534): TMNetworkReceiver.onReceive() usb file content is  major 0 minor 0 vendor 0
D/TMSERVER/TMNetworkReceiver( 1534): TMNetworkReceiver.onReceive() Major Version is: 0
D/TMSERVER/TMNetworkReceiver( 1534): TMNetworkReceiver.onReceive() Minor Version equal to 0
D/TMSERVER/TMNetworkReceiver( 1534): TMNetworkReceiver.onReceive() Retry reading the file..Sysfs might be updated after the Connected signal. counter -0
E/MTPJNIInterface( 1824): noti = 10
W/MTPRx   ( 1824): calling native method
E/MTPRx   ( 1824): Checking the driver time out
E/MTPJNIInterface( 1824): noti = 2
D/MtpService(25332): addStorageLocked 65537 /storage/emulated/0
D/        ( 1824): event handler thread is created, so set the flag
E/MTPRx   ( 1824): called native method
E/MTPJNIInterface( 1824): Getting media scanner status0
E/MTPJNIInterface( 1824): setting Media scanner status0
E/MTPJNIInterface( 1824): After setting Media scanner status0
E/MtpService( 1824): onStartCommand.
E/SQLiteLog( 1824): (14) cannot open file at line 32516 of [00bb9c9ce4]
E/SQLiteLog( 1824): (14) os_unix.c:32516: (2) open(/opt/dbspace/inappdb_mtp) - 
W/MTPRx   ( 1824): notification from stack 1
E/EnterpriseContainerManager(25332): ContainerPolicy Service is not yet ready!!!
D/EnterpriseDeviceManager(25332): ContainerId: 0
E/MTPJNIInterface( 1824): DeviceName is GT-N7100
E/MtpService( 1824): handleMessage. msg= { what=0 when=-1ms arg1=2 obj=Intent { cmp=com.samsung.android.MtpApplication/.MtpService } }
W/LicenseLogService( 2379): log() is called by non admin
D/MtpService(25332): starting MTP server in MTP mode
D/MediaScanner(25332): MediaScanner - mSkipList ()
D/MediaScanner(25332): Constructor set externalStorageSdPath : /storage/extSdCard
E/MtpServerJNI(25332): could not open MTP driver, errno: 2
D/MtpService(25332): addStorageLocked 65537 /storage/emulated/0
E/MtpServerJNI(25332): server is null in add_storage
E/MtpServerJNI(25332): server is null in run
E/MtpServerJNI(25332): server is null in cleanup
E/zyb libadimgcache(28945): ScreenSaverAdManager check should updateOneNewCacheAd sourcePlace result:5  showCache:true  force:false
D/SSRMv2:Monitor( 2379): SIOP:: AP = 330 (read only)
D/DataRouter( 1944): After the usb select
E/MTPRx   ( 1824): state from USB_STATE eventDISCONNECTED
D/DataRouter( 1944): read length is zero
D/DataRouter( 1944): dr_usb_deinit
D/DataRouter( 1944): dr_usb_init
E/DataRouter( 1944): USB Interface is open with 0x7
D/DataRouter( 1944): USB interface is now configured for usb_fd = 0x7
D/DataRouter( 1944): pcsyncreset
E/MTPRx   ( 1824): /data/data/com.samsung.android.MtpApplication/gadgetDisconnectAndConnect.txt: open failed: ENOENT (No such file or directory)
D/Kies    ( 1945): [DR->KIES]Received data notification
D/Kies    ( 1945): dr_process_kies_app(0)
D/Kies    ( 1945): intent start
D/Kies    ( 1945): pid init
D/Kies    ( 1945): execretrun init
D/DataRouter( 1944): read usb data[len:0]
D/DataRouter( 1944): read usb data message:
D/DataRouter( 1944): Before the usb select
E/MTPRx   ( 1824): stop observing and calling usbRemoved 
D/Kies    ( 1945): fork success
D/Kies    ( 1945): child pid = 1975.
D/Kies    ( 1945): child get
D/Kies    ( 1945): process kill start
D/dalvikvm( 1020): Debugger has detached; object registry had 1 entries
D/Kies    ( 1975): fork success
D/Kies    ( 1975): child pid = 0.
D/Kies    ( 1975): child get
D/Kies    ( 1975): execute sh.
W/MTPRx   ( 1824): MTP_RUNNING_STATUS = 1
E/MTPRx   ( 1824):  sendbooster is false!
E/MTPRx   ( 1824): In usbRemoved Status bar enabled
D/ContainerEventsRelayManager( 2774): <<< Intent action is >>> : android.intent.action.MTP_FILE_SCAN
D/ContainerEventsRelayManager( 2774): <<< Intent data is   >>> : null
E/MTPRx   ( 1824): Sending Broadcast
D/ECS_EnterpriseContainerService( 2379): getContainers   --  Called + uid1000
D/ECS_EnterpriseContainerService( 2379): getContainers   --  Called passing security
D/ECS_EnterpriseContainerCacheData( 2379): Container cache getContainers 
D/ECS_EnterpriseContainerCacheData( 2379): Container cache getContainers not null
D/ContainerEventsRelayManager( 2774): System event android.intent.action.MTP_FILE_SCAN Added to Intent hold manager
V/UsbDeviceManager( 2379): USB UEVENT: {USB_STATE=DISCONNECTED, SUBSYSTEM=android_usb, DEVPATH=/devices/virtual/android_usb/android0, SEQNUM=65932, ACTION=change}
E/rcmdlog (28945): reload data
E/MtpService( 1824): onDestroy.
E/MtpService( 1824): Unregister Mtp disable Receiver
E/MtpService( 1824): Receiver not registered: com.samsung.android.MtpApplication.MtpService$1@428f9250
E/MtpService( 1824): unregistering mtpMediaReceiver in UnregisterAllIntent
E/MtpService( 1824): Receiver not registered: com.samsung.android.MtpApplication.MtpService$2@428f9518
E/MTPJNIInterface( 1824): noti = 3
D/        ( 1824): USB_MTP_ENABLED AND usb_ptp_enabled!
D/        ( 1824): __mtp_handler_eh_notify: USB plugged out.
D/        ( 1824): [__mtp_handler_eh_notify:604] is_connected = 0 and is_enumeration_finished = 0
D/        ( 1824): [__mtp_handler_eh_notify:608] Enumeration not finished, trying to kill ...
D/        ( 1824): [__mtp_handler_eh_notify:619] sending event to event handler thread to close...
D/        ( 1824): [__mtp_handler_eh_notify:635]sending pthread_kill() to gthr_mtp_event ...1
D/        ( 1824): [__mtp_handler_eh_notify:637] pthread_kill() to gthr_mtp_event,...!!!!!!!!!!
I/ActivityManager( 2379): Process com.samsung.android.MtpApplication (pid 1824) (adj 0) has died.
E/zyb libadimgcache(28945): ScreenSaverAdManager check should updateOneNewCacheAd sourcePlace result:4  showCache:true  force:false
E/rcmdlog (28945): reload data
D/STATUSBAR-NetworkController( 2645): refreshSignalCluster: data=0 bt=false
E/rcmdlog (28945): com.cmplay.tiles2 show time:0 cloud num:0
E/rcmdlog (28945): com.cmplay.tiles2 show time:0 cloud num:0
E/rcmdlog (28945): com.mopub.banner show time:0 cloud num:0
E/rcmdlog (28945): on result, item count = 3
E/rcmdlog (28945): is screen locked false
E/rcmdlog (28945): loadMopub
D/LocationManagerService( 2379): getLastLocation: Request[ACCURACY_FINE gps requested=0 fastest=0 num=1]
D/MoPub   (28945): Failed to retrieve GPS location: access appears to be disabled.
D/LocationManagerService( 2379): getLastLocation: Request[POWER_LOW network requested=0 fastest=0 num=1]
D/MoPub   (28945): Failed to retrieve network location: access appears to be disabled.
D/MoPub   (28945): Loading ad from: http://ads.mopub.com/m/ad?id=d7701c27bdb14a4bb515ec59c2a14392&nsv=3.7.0&dn=samsung%2CGT-N7100%2Ct03gxx&bundle=com.cleanmaster.mguard&z=%2B0700&o=l&w=1280&h=720&sc_a=2.0&mcc=452&mnc=02&iso=vn&cn=VN%20VINAPHONE&ct=2&av=5.10.8&udid=mp_tmpl_advertising_id&dnt=mp_tmpl_do_not_track
E/rcmdlog (28945): is screen locked false
E/rcmdlog (28945): is screen locked false
D/rcmdlog (28945): is picks ad
E/rcmdlog (28945): com.mopub.banner show time:0 cloud num:0
E/rcmdlog (28945): is fb ad
D/MoPub   (28945): Unable to obtain Google AdvertisingIdClient.Info via reflection.
E/rcmdlog (28945): fb ad load index:0
E/rcmdlog (28945): fb ad load index:1
E/rcmdlog (28945): fb ad load time :14
D/AT_Distributor( 1969): Send Msg [UART > ATD] 1 bytes <>
W/Settings(28945): Setting android_id has moved from android.provider.Settings.System to android.provider.Settings.Secure, returning read-only value.
E/rcmdlog (28945): on result, item count = 3
E/rcmdlog (28945): is screen locked false
E/rcmdlog (28945): loadMopub
D/FacebookAdsSDK(28945): {APPVERS=5.10.8, TEMPLATE_ID=200, SDK=android, IDFA=d0496180-ace7-4b95-b6d0-440a70db1e61, BUNDLE=com.cleanmaster.mguard, MAKE=samsung, SDK_CAPABILITY=[3,4,5,7,11], CARRIER=VN VINAPHONE, DENSITY=2.0, REQUEST_TYPE=0, NUM_ADS_REQUESTED=1, PLACEMENT_TYPE=native, SDK_VERSION=4.1.2, ATTRIBUTION_ID=a64ca3db-fe3d-4fbe-8c3e-1ce07f30ac68, VIEWABLE=1, SCHEMA=json, ADAPTERS=AN, OS=Android, APPBUILD=51082472, OSVERS=4.3, PLACEMENT_ID=500847713340465_859853490773217, LOCALE=vi_VN, MODEL=GT-N7100, IDFA_FLAG=1, SCREEN_WIDTH=640, COPPA=false, SCREEN_HEIGHT=360, APPNAME=Clean Master, CLIENT_EVENTS=}
D/FacebookAdsSDK(28945): {APPVERS=5.10.8, TEMPLATE_ID=200, SDK=android, IDFA=d0496180-ace7-4b95-b6d0-440a70db1e61, BUNDLE=com.cleanmaster.mguard, MAKE=samsung, SDK_CAPABILITY=[3,4,5,7,11], CARRIER=VN VINAPHONE, DENSITY=2.0, REQUEST_TYPE=0, NUM_ADS_REQUESTED=1, PLACEMENT_TYPE=native, SDK_VERSION=4.1.2, ATTRIBUTION_ID=a64ca3db-fe3d-4fbe-8c3e-1ce07f30ac68, VIEWABLE=1, SCHEMA=json, ADAPTERS=AN, OS=Android, APPBUILD=51082472, OSVERS=4.3, PLACEMENT_ID=500847713340465_859853640773202, LOCALE=vi_VN, MODEL=GT-N7100, IDFA_FLAG=1, SCREEN_WIDTH=640, COPPA=false, SCREEN_HEIGHT=360, APPNAME=Clean Master, CLIENT_EVENTS=}
D/FacebookAdsSDK(28945): Facebook Ads SDK req start delay=46ms
D/FacebookAdsSDK(28945): Facebook Ads SDK req start delay=44ms
D/AndroidRuntime( 1975): 
D/AndroidRuntime( 1975): >>>>>> AndroidRuntime START com.android.internal.os.RuntimeInit <<<<<<
D/AndroidRuntime( 1975): CheckJNI is OFF
D/AndroidRuntime( 1975): setted country_code = VIETNAM
D/AndroidRuntime( 1975): setted countryiso_code = VN
D/AndroidRuntime( 1975): setted sales_code = XXV
D/AndroidRuntime( 1975): readGMSProperty: start
D/AndroidRuntime( 1975): readGMSProperty: already setted!!
D/LocationManagerService( 2379): getLastLocation: Request[ACCURACY_FINE gps requested=0 fastest=0 num=1]
D/AndroidRuntime( 1975): readGMSProperty: end
D/AndroidRuntime( 1975): addProductProperty: start
D/MoPub   (28945): Failed to retrieve GPS location: access appears to be disabled.
D/LocationManagerService( 2379): getLastLocation: Request[POWER_LOW network requested=0 fastest=0 num=1]
D/MoPub   (28945): Failed to retrieve network location: access appears to be disabled.
D/MoPub   (28945): Loading ad from: http://ads.mopub.com/m/ad?id=d7701c27bdb14a4bb515ec59c2a14392&nsv=3.7.0&dn=samsung%2CGT-N7100%2Ct03gxx&bundle=com.cleanmaster.mguard&z=%2B0700&o=l&w=1280&h=720&sc_a=2.0&mcc=452&mnc=02&iso=vn&cn=VN%20VINAPHONE&ct=2&av=5.10.8&udid=mp_tmpl_advertising_id&dnt=mp_tmpl_do_not_track
I/dalvikvm(28945): Jit: resizing JitTable from 4096 to 8192
E/rcmdlog (28945): is screen locked false
E/rcmdlog (28945): is screen locked false
D/rcmdlog (28945): is picks ad
D/dalvikvm( 1975): Trying to load lib libjavacore.so 0x0
D/MoPub   (28945): Unable to obtain Google AdvertisingIdClient.Info via reflection.
D/dalvikvm( 1975): Added shared lib libjavacore.so 0x0
D/dalvikvm( 1975): Trying to load lib libnativehelper.so 0x0
D/dalvikvm( 1975): Added shared lib libnativehelper.so 0x0
D/TMSERVER/TMNetworkReceiver( 1534): TMNetworkReceiver.onReceive() usb file content is  major 0 minor 0 vendor 0
D/TMSERVER/TMNetworkReceiver( 1534): TMNetworkReceiver.onReceive() Major Version is: 0
D/TMSERVER/TMNetworkReceiver( 1534): TMNetworkReceiver.onReceive() Minor Version equal to 0
D/TMSERVER/TMNetworkReceiver( 1534): TMNetworkReceiver.onReceive() Retry reading the file..Sysfs might be updated after the Connected signal. counter -1
E/rcmdlog (28945): is fb ad
E/rcmdlog (28945): fb ad load index:0
E/rcmdlog (28945): fb ad load index:1
D/AT_Distributor( 1969): Send Msg [UART > ATD] 1 bytes <>
E/rcmdlog (28945): fb ad load time :11
W/Settings(28945): Setting android_id has moved from android.provider.Settings.System to android.provider.Settings.Secure, returning read-only value.
D/FacebookAdsSDK(28945): {APPVERS=5.10.8, TEMPLATE_ID=200, SDK=android, IDFA=d0496180-ace7-4b95-b6d0-440a70db1e61, BUNDLE=com.cleanmaster.mguard, MAKE=samsung, SDK_CAPABILITY=[3,4,5,7,11], CARRIER=VN VINAPHONE, DENSITY=2.0, REQUEST_TYPE=0, NUM_ADS_REQUESTED=1, PLACEMENT_TYPE=native, SDK_VERSION=4.1.2, ATTRIBUTION_ID=a64ca3db-fe3d-4fbe-8c3e-1ce07f30ac68, VIEWABLE=1, SCHEMA=json, ADAPTERS=AN, OS=Android, APPBUILD=51082472, OSVERS=4.3, PLACEMENT_ID=500847713340465_859853040773262, LOCALE=vi_VN, MODEL=GT-N7100, IDFA_FLAG=1, SCREEN_WIDTH=640, COPPA=false, SCREEN_HEIGHT=360, APPNAME=Clean Master, CLIENT_EVENTS=}
D/FacebookAdsSDK(28945): Facebook Ads SDK req start delay=37ms
D/FacebookAdsSDK(28945): {APPVERS=5.10.8, TEMPLATE_ID=200, SDK=android, IDFA=d0496180-ace7-4b95-b6d0-440a70db1e61, BUNDLE=com.cleanmaster.mguard, MAKE=samsung, SDK_CAPABILITY=[3,4,5,7,11], CARRIER=VN VINAPHONE, DENSITY=2.0, REQUEST_TYPE=0, NUM_ADS_REQUESTED=1, PLACEMENT_TYPE=native, SDK_VERSION=4.1.2, ATTRIBUTION_ID=a64ca3db-fe3d-4fbe-8c3e-1ce07f30ac68, VIEWABLE=1, SCHEMA=json, ADAPTERS=AN, OS=Android, APPBUILD=51082472, OSVERS=4.3, PLACEMENT_ID=500847713340465_859853180773248, LOCALE=vi_VN, MODEL=GT-N7100, IDFA_FLAG=1, SCREEN_WIDTH=640, COPPA=false, SCREEN_HEIGHT=360, APPNAME=Clean Master, CLIENT_EVENTS=}
D/dalvikvm(28945): GC_CONCURRENT freed 1202K, 29% free 15069K/20984K, paused 4ms+5ms, total 55ms
D/dalvikvm(28945): WAIT_FOR_CONCURRENT_GC blocked 33ms
D/dalvikvm(28945): WAIT_FOR_CONCURRENT_GC blocked 37ms
D/dalvikvm(28945): WAIT_FOR_CONCURRENT_GC blocked 35ms
D/dalvikvm(28945): WAIT_FOR_CONCURRENT_GC blocked 39ms
D/FacebookAdsSDK(28945): Facebook Ads SDK req start delay=93ms
D/rcmdlog (28945): on picks load success results:10
E/rcmdlog (28945): show pick: 0 total:10
D/rcmdlog (28945): update picks view state:false
D/rcmdlog (28945): on picks load success results:10
E/rcmdlog (28945): show pick: 0 total:10
D/rcmdlog (28945): update picks view state:false
E/rcmdlog (28945): load fb ad from cache ----------------delay time:300
D/rcmdlog (28945): fb ad load state:true
E/rcmdlog (28945): the app life is:401118
E/rcmdlog (28945): screen not running
D/rcmdlog (28945): returning new fb ad
E/rcmdlog (28945): the app life is:401118
E/rcmdlog (28945): screen ad onLoaded task:Type_User_Bright adTitle:WiFi Master Key - by wifi.com
E/zyb libadimgcache(28945): ScreenSaverAdManager getnew ad and next cache the images sourcePlace:5
V/ThinDownloadManager(28945): Download initiated for 1
V/ThinDownloadManager(28945): Download initiated for 2
D/dalvikvm( 1975): Note: class Landroid/app/ActivityManagerNative; has 176 unimplemented (abstract) methods
V/ThinDownloadManager(28945): Response code obtained for downloaded Id 2 : httpResponse Code 200
D/ThinDownloadManager(28945): cleanupDestination() deleting /data/data/com.cleanmaster.mguard/cache/libadimgcache_ad_cache/7c9264fe2fd7ff270ef7e95b02d137e2_temp
V/ThinDownloadManager(28945): Content Length: 0 for Download Id 2
D/AndroidRuntime( 1975): Calling main entry com.android.commands.am.Am
D/TMSERVER/TMNetworkReceiver( 1534): TMNetworkReceiver.onReceive() usb file content is  major 0 minor 0 vendor 0
D/TMSERVER/TMNetworkReceiver( 1534): TMNetworkReceiver.onReceive() Major Version is: 0
D/TMSERVER/TMNetworkReceiver( 1534): TMNetworkReceiver.onReceive() Minor Version equal to 0
D/TMSERVER/TMNetworkReceiver( 1534): TMNetworkReceiver.onReceive() Retry reading the file..Sysfs might be updated after the Connected signal. counter -2
E/rcmdlog (28945): load fb ad from cache ----------------delay time:300
D/rcmdlog (28945): fb ad load state:true
E/rcmdlog (28945): the app life is:401118
E/rcmdlog (28945): screen not running
D/rcmdlog (28945): returning new fb ad
E/rcmdlog (28945): the app life is:401118
E/rcmdlog (28945): screen ad onLoaded task:Type_Battery_DisConnect adTitle:INTERVIEW SKILLS
E/zyb libadimgcache(28945): ScreenSaverAdManager getnew ad and next cache the images sourcePlace:4
V/ThinDownloadManager(28945): Download initiated for 1
V/ThinDownloadManager(28945): Download initiated for 2
W/KInfoc  (28945): The data section count is not equal! table:cm_charge_ads_download, count in format:6, count in data:7.
I/power   ( 2379): *** release_dvfs_lock : lockType : 1 
D/SSRMv2:CustomFrequencyManagerService( 2379): releaseDVFSLockLocked : Getting Lock type frm List : DVFS_MIN_LIMIT  frequency : 1600000  uid : 1000  pid : 2379  tag : ROTATION_BOOSTER@21
V/ThinDownloadManager(28945): Response code obtained for downloaded Id 1 : httpResponse Code 200
D/ThinDownloadManager(28945): cleanupDestination() deleting /data/data/com.cleanmaster.mguard/cache/libadimgcache_ad_cache/8c538805c14eb7961721b20cee775371_temp
V/ThinDownloadManager(28945): Content Length: 0 for Download Id 1
E/zyb libadimgcache(28945): Jason addAdInfo2List  sourcePlace :5  info title :WiFi Master Key - by wifi.com
D/ThinDownloadManager(28945): cleanupDestination() deleting /data/data/com.cleanmaster.mguard/cache/libadimgcache_ad_cache/7c9264fe2fd7ff270ef7e95b02d137e2_temp
E/zyb libadimgcache(28945): ScreenSaverAdManager addAdInfo2List ----- adListCacher.showededIndex is :-1  adListCacher.updatedIndex:0  title is :WiFi Master Key - by wifi.com  sourcePlace:5
E/zyb libadimgcache(28945): ScreenSaverAdManager getAD->onDownloadSuccess and notifyChange2UI
E/rcmdlog (28945): 场景不匹配 不需要动态插入
D/ThinDownloadManager(28945): cleanupDestination() deleting /data/data/com.cleanmaster.mguard/cache/libadimgcache_ad_cache/8c538805c14eb7961721b20cee775371_temp
W/KInfoc  (28945): The data section count is not equal! table:cm_charge_ads_download, count in format:6, count in data:7.
W/KInfoc  (28945): The data section count is not equal! table:cm_charge_ads_request, count in format:7, count in data:8.
I/FacebookAdsSDK(28945): Facebook Ads SDK req complete 529ms 
I/FacebookAdsSDK(28945): AdProvider completed in 532ms
E/rcmdlog (28945): fb ad load success,add data to cache
D/LocationManagerService( 2379): getLastLocation: Request[ACCURACY_FINE gps requested=0 fastest=0 num=1]
D/MoPub   (28945): Failed to retrieve GPS location: access appears to be disabled.
D/LocationManagerService( 2379): getLastLocation: Request[POWER_LOW network requested=0 fastest=0 num=1]
D/MoPub   (28945): Failed to retrieve network location: access appears to be disabled.
D/MoPub   (28945): Native ad request failed.
D/MoPub   (28945): com.mopub.network.MoPubNetworkError: No ads found for ad unit.
D/MoPub   (28945): 	at com.mopub.network.AdRequest.a(AdRequest.java:135)
D/MoPub   (28945): 	at com.mopub.volley.NetworkDispatcher.run(NetworkDispatcher.java:123)
E/rcmdlog (28945): Mopub native load errorServer returned empty response.
E/rcmdlog (28945): screen ad has showed
D/DisplayPowerController( 2379): SSTEMP : mIsLockZone = false
I/FacebookAdsSDK(28945): Facebook Ads SDK req complete 551ms 
D/BatteryService( 2379): update start
I/FacebookAdsSDK(28945): Facebook Ads SDK req complete 677ms 
D/TMSERVER/TMNetworkReceiver( 1534): TMNetworkReceiver.onReceive() Exit 
I/FacebookAdsSDK(28945): AdProvider completed in 682ms
I/FacebookAdsSDK(28945): AdProvider completed in 574ms
D/TMSERVER/TMNetworkReceiver( 1534): TMNetworkReceiver.handleMessage - enter1 main
D/TMSERVER/TMNetworkReceiver( 1534): TMNetworkReceiver.handleMessage - enter action = 0
E/rcmdlog (28945): fb ad load success,add data to cache
E/rcmdlog (28945): fb ad load success,add data to cache
D/TMSERVER/TMNetworkReceiver( 1534): TMNetworkReceiver.handleMessage - finsihed case 0 mIsSCMInstalled = false
D/TMSERVER/TMNetworkReceiver( 1534): TMNetworkReceiver.handleMessage - exit
D/TMSERVER/TMLogRemovalReceiver( 1534): TMLogRemovalReceiver.onReceive() Enter isCalled =true
D/TMSERVER/TMLogRemovalReceiver( 1534): TMLogRemovalReceiver.onReceive() Exit
D/BatteryService( 2379): level:63, scale:100, status:3, health:2, present:true, voltage: 3830, temperature: 302, technology: Li-ion, AC powered:false, USB powered:false, Wireless powered:false, icon:17303540, invalid charger:0, online:1, charge type:0, current avg:460
D/BatteryService( 2379): Sending ACTION_BATTERY_CHANGED.
D/PowerManagerService( 2379): [api] updateIsPoweredLocked : mIsPowered: false mPlugType: 0
D/STATUSBAR-BatteryController( 2645): onReceive() - ACTION_BATTERY_CHANGED
D/STATUSBAR-BatteryController( 2645): onReceive() - BATTERY_STATUS_DISCHARGING: tw_stat_sys_battery
D/STATUSBAR-PhoneStatusBar( 2645):  mBrightnessEnablebySettings = true mBrightnessEnablebyBattery = true mBrightnessEnablebyDisableFlag = true
E/rcmdlog (28945): screen 插电拉取fb
V/CAE     ( 2379): onReceive(CaPowerManager.java:127)
I/CAE     ( 2379): onReceive(CaPowerManager.java:154) - POWER_DISCONNECTED
I/FacebookAdsSDK(28945): Facebook Ads SDK req complete 629ms 
I/CAE     ( 2379): sendCmdToSensorHub(SensorHubCommManager.java:146) - -76, 13, -41, 0, 
D/SensorHubManager( 2379): SendSensorHubData: send data = -76, 13, -41, 0
D/Sensorhubs( 1965): sendContextData: -76, 13, -41, 0
D/UsbDeviceManager( 2379): handleMessage -> MSG_POWER_STATE = 0
I/FacebookAdsSDK(28945): AdProvider completed in 636ms
D/UsbDeviceManager( 2379): sending intent : ACTION_USB_CABLE_STATE : connected = false
V/CAE     ( 2379): onReceive(CaPowerManager.java:158)
D/UsbDeviceManager( 2379): received ACTION_POWER_DISCONNECTED = -1
E/battery_guide( 2872): suyanjiaoguide1
E/battery_guide( 2872): suyanjiaoguide2
E/battery_guide( 2872): suyanjiaoguide3
E/battery_guide( 2872): suyanjiaoguide type =0
E/battery_guide( 2872): cjyisNeedShowNotification1:false
I/MyBoostReceiver( 2872): 通知栏拔电不消失
D/dalvikvm(28945): GC_CONCURRENT freed 2054K, 30% free 14765K/20984K, paused 5ms+5ms, total 82ms
D/dalvikvm(28945): WAIT_FOR_CONCURRENT_GC blocked 53ms
D/dalvikvm(28945): WAIT_FOR_CONCURRENT_GC blocked 45ms
D/dalvikvm(28945): WAIT_FOR_CONCURRENT_GC blocked 48ms
D/dalvikvm(28945): WAIT_FOR_CONCURRENT_GC blocked 21ms
E/rcmdlog (28945): not chargeing no need load fb
D/CMBaseReceiver(28945): com.cleanmaster.screensave.ScreenADReceiver 88ms
D/LocationManagerService( 2379): getLastLocation: Request[ACCURACY_FINE gps requested=0 fastest=0 num=1]
D/MoPub   (28945): Failed to retrieve GPS location: access appears to be disabled.
D/UsbDeviceManager( 2379): handleMessage -> MSG_UPDATE_STATE connected = 0,configured = 0
D/UsbDeviceManager( 2379): updateUsbNotification : mConnected = false, mConfigured = false, mCurrentFunctions = mtp,adb
D/LocationManagerService( 2379): getLastLocation: Request[POWER_LOW network requested=0 fastest=0 num=1]
D/MoPub   (28945): Failed to retrieve network location: access appears to be disabled.
D/PicasaUploaderSyncManager( 1782): battery info: true
E/videowall-TranscodeReceiver(25695): broadcastMSG : android.intent.action.ACTION_POWER_CONNECTED
D/STATUSBAR-StatusBarManagerService( 2379): sendNotification(3) - 17041089
D/LightsService( 2379): [api] [SvcLED] turnOff:: id = 4 (uid: 1000 pid: 2379) 
D/LightsService( 2379): [SvcLED] setSvcLedStateLocked:: SvcLEDState : 0x0 -> 0x0 | SvcLED(id=4) set Off
D/LightsService( 2379): [SvcLED] Lux failed to be updated in 700ms. -> handleForcedSvcLEDTasK
D/LightsService( 2379): [SvcLED]  setSvcLedLightLocked :: Current SvcLED(id=3) maintains its priority right
D/UsbDeviceManager( 2379): updateUsbNotification : cancel id = 17041089, title = Được kết nối như thiết bị media
D/UsbDeviceManager( 2379): sending intent : ACTION_USB_STATE : connected = false, configured = false, functions = mtp,adb
E/infoc   (28945): table: cm_cutpower_info  charge_time=1139&end_charge=63&uptime2=1444027584893&begin_charge=63
E/rcmdlog (28945): fb ad load success,add data to cache
D/videowall-TranscodeService(25695): service on
D/MoPub   (28945): Native ad request failed.
D/MoPub   (28945): com.mopub.network.MoPubNetworkError: No ads found for ad unit.
D/MoPub   (28945): 	at com.mopub.network.AdRequest.a(AdRequest.java:135)
D/MoPub   (28945): 	at com.mopub.volley.NetworkDispatcher.run(NetworkDispatcher.java:123)
E/rcmdlog (28945): Mopub native load errorServer returned empty response.
E/rcmdlog (28945): screen ad has showed
D/videowall-TranscodeService(25695): power? : true / screen off : false
D/videowall-TranscodeService(25695): releaseTransThread.
D/STATUSBAR-NetworkController( 2645): onReceive() - RSSI_CHANGED_ACTION, WIFI_STATE, NETWORK_STATE
D/STATUSBAR-NetworkController( 2645): refreshSignalCluster: data=0 bt=false
E/NetworkScheduler.SchedulerReceiver( 2838): Invalid parameter app
E/NetworkScheduler.SchedulerReceiver( 2838): Invalid package name : Perhaps you didn't include a PendingIntent in the extras?
D/STATUSBAR-NetworkController( 2645): refreshSignalCluster: data=0 bt=false
E/rcmdlog (28945): start preload screen ad !----------type:Type_Battery_Connect
E/rcmdlog (28945): screen version no need to check time limit! pre version is:51082402
E/zyb libadimgcache(28945): ScreenSaverAdManager check should updateOneNewCacheAd sourcePlace:3  hasNew:true  isExperid:false   adListCacher.updatedIndex:0   force:false
E/zyb libadimgcache(28945): ScreenSaverAdManager check should updateOneNewCacheAd sourcePlace result:3  showCache:false  force:false
D/dalvikvm( 2379): GC_EXPLICIT freed 1909K, 21% free 48567K/61168K, paused 6ms+14ms, total 191ms
I/GCoreUlr( 2757): Starting service, intent=Intent { act=com.google.android.location.reporting.ACTION_UPDATE_WORLD cmp=com.google.android.gms/com.google.android.location.reporting.service.DispatchingService (has extras) }, extras=Bundle[{receiverAction=android.intent.action.ACTION_POWER_CONNECTED}]
I/GCoreUlr( 2757): DispatchingService.onCreate()
I/iu.Environment( 2451): update battery state; isPlugged? true*
I/iu.FingerprintManager( 2451): Start processing all media
I/FactoryTestApp( 1567): [XMLDataStorage$parsingXML] FtClient => data parsing was completed.
I/FactoryTestApp( 1567): [ModulePower$ModulePower] Create ModulePower
I/FactoryTestApp( 1567): [ModulePower$doMediaScanWakeLock] wake=false
I/iu.UploadsManager( 2451): num queued entries: 0
D/FactoryTestApp( 1567): [DummyFtClient$onDestroy] Destroy DummyFtClient service
I/FactoryTestApp( 1567): [ModuleCommon$getCommunicationMode] getCommunicationMode:gsm
D/FactoryTestApp( 1567): [DummyFtClient$onDestroy] kill process
I/Process ( 1567): Sending signal. PID: 1567 SIG: 9
I/iu.FingerprintManager( 2451): Start processing media store URI: content://media/external/images/media
I/ActivityManager( 2379): Process com.sec.factory (pid 1567) (adj 0) has died.
I/iu.UploadsManager( 2451): num updated entries: 0
I/iu.SyncManager( 2451): NEXT; no task
D/MediaScannerReceiver(25332): action: android.intent.action.MTP_FILE_SCAN
D/NPS_WSSNPS( 1507): [] KIES_WSSERVICE_STOP : false
D/CMBaseReceiver(28945): com.cleanmaster.screensave.ScreenADReceiver 1ms
D/AndroidRuntime( 1975): Shutting down VM
D/dalvikvm( 1975): GC_CONCURRENT freed 94K, 12% free 719K/816K, paused 1ms+0ms, total 4ms
I/KIES_RECEIVE( 1770): [APK BnR] Receive KIES_USB_DISCONNECT
I/iu.FingerprintManager( 2451): Start processing media store URI: content://media/external/video/media
D/AT_Distributor( 1969): Send Msg [UART > ATD] 1 bytes <>
E/videowall-TranscodeReceiver(25695): broadcastMSG : android.intent.action.ACTION_POWER_DISCONNECTED
D/videowall-TranscodeService(25695): -> onDestroy()
D/videowall-TranscodeService(25695): releaseTransThread.
D/PicasaUploaderSyncManager( 1782): battery info: false
V/ApplicationPolicy( 2379): isApplicationStateBlocked userId 0 pkgname com.sec.android.app.videoplayer
I/GCoreUlr( 2757): Starting service, intent=Intent { act=com.google.android.location.reporting.ACTION_UPDATE_WORLD cmp=com.google.android.gms/com.google.android.location.reporting.service.DispatchingService (has extras) }, extras=Bundle[{receiverAction=android.intent.action.ACTION_POWER_DISCONNECTED}]
D/dalvikvm( 2757): GC_CONCURRENT freed 741K, 16% free 12268K/14604K, paused 7ms+6ms, total 78ms
I/iu.FingerprintManager( 2451): Start processing media store URI: content://media/phoneStorage/images/media
I/iu.FingerprintManager( 2451): Start processing media store URI: content://media/phoneStorage/video/media
I/iu.FingerprintManager( 2451): Finished generating fingerprints; 0,184 seconds
I/iu.FingerprintManager( 2451):   numSeen=535 numGenerated=0 numDeleted=0 numFailed=0
I/iu.Environment( 2451): update battery state; isPlugged? false*
D/MediaScannerService(25332): !@start scanning volume external: [/storage/emulated/0, /storage/extSdCard, /storage/UsbDriveA, /storage/UsbDriveB, /storage/UsbDriveC, /storage/UsbDriveD, /storage/UsbDriveE, /storage/UsbDriveF]
D/MediaProvider(25332): getUserIdByPackageNameOrUid return with userId=0
I/iu.UploadsManager( 2451): num queued entries: 0
E/SELinux ( 2037): Function: selinux_android_load_priority [0], There is no sepolicy file 
E/SELinux ( 2037):  
E/SELinux ( 2037): Function: selinux_android_load_priority , loading version is VE=SEPF_GT-N7100_4.3_0046
E/SELinux ( 2037):  
E/SELinux ( 2037):  
E/SELinux ( 2037): selinux_android_seapp_context_reload: seapp_contexts file is loaded from /data/security/spota/seapp_contexts
D/MediaProvider(25332): getUserIdByPackageNameOrUid return with userId=0
D/MediaScanner(25332): MediaScanner - mSkipList ()
D/MediaScanner(25332): Constructor set externalStorageSdPath : /storage/extSdCard
I/iu.UploadsManager( 2451): num updated entries: 0
D/MediaProvider(25332): savePlaylistTableInBulkDeleter started
D/MediaProvider(25332): savePlaylistTableInBulkDeleter started - audio_playlists_map_cache existed
I/iu.SyncManager( 2451): NEXT; no task
D/MediaProvider(25332): savePlaylistTableInBulkDeleter finished
D/dalvikvm(25728): GC_CONCURRENT freed 726K, 17% free 10800K/12900K, paused 3ms+5ms, total 78ms
D/dalvikvm( 3310): GC_FOR_ALLOC freed 5211K, 39% free 10671K/17492K, paused 23ms, total 23ms
I/dalvikvm-heap( 3310): Grow heap (frag case) to 16.744MB for 5242896-byte allocation
D/dalvikvm( 2379): GC_EXPLICIT freed 589K, 21% free 48409K/61168K, paused 5ms+23ms, total 210ms
E/MTPRx   ( 2037): In MtpReceiverandroid.hardware.usb.action.USB_STATE
E/MTPRx   ( 2037): check value of boot_completed is1
E/MTPRx   ( 2037): check booting is completed_sys.boot_completed
E/MTPRx   ( 2037): Sd-Card path/storage/extSdCard
E/MTPRx   ( 2037): Status for mount/Unmount :removed
E/MTPRx   ( 2037): SDcard is not available
E/MTPRx   ( 2037): The value of first_boot is  1
E/MTPRx   ( 2037): [ 662] The value of first_boot is  1NORMAL SEQUENCE 
W/MTPRx   ( 2037): value of connected isfalse
W/MTPRx   ( 2037): value of configured isfalse
W/MTPRx   ( 2037): value of mtpEnabled istrue
W/MTPRx   ( 2037): value of ptpEnabled isfalse
E/MTPRx   ( 2037): Received USB_STATE with sdCardLaunch = 0
W/MTPRx   ( 2037): value of usb30DelayTime is 10
E/MTPRx   ( 2037): configured is false
D/dalvikvm( 3310): GC_EXPLICIT freed 0K, 31% free 15791K/22616K, paused 3ms+4ms, total 32ms
D/dalvikvm( 3310): WAIT_FOR_CONCURRENT_GC blocked 28ms
D/dalvikvm( 3310): WAIT_FOR_CONCURRENT_GC blocked 29ms
D/MediaScanner(25332): Prescan. DB items number : 4304 DB_FILES_NUMBER_CACHING_LIMITATION : 7000  Caching mode : true
D/TMSERVER/TMNetworkReceiver( 1534): TMNetworkReceiver.TMNetworkReceiver() Enter 1 main
D/TMSERVER/TMNetworkReceiver( 1534): TMNetworkReceiver.StartTMHandler - enter
D/TMSERVER/TMNetworkReceiver( 1534): TMNetworkReceiver.StartTMHandler - exit
D/TMSERVER/TMNetworkReceiver( 1534): TMNetworkReceiver.onReceive() Enter
D/TMSERVER/TMNetworkReceiver( 1534): TMNetworkReceiver.onReceive() Action android.hardware.usb.action.USB_STATE
D/TMSERVER/TMNetworkReceiver( 1534): TMNetworkReceiver.onReceive() on USB - connected:false, configured :false, isUsbCableConnected = false
D/TMSERVER/TMNetworkReceiver( 1534): TMNetworkReceiver.onReceive() USB NOT CONNECTED
D/TMSERVER/TMNetworkReceiver( 1534): TMNetworkReceiver.onReceive() Exit 
D/TMSERVER/TMLogRemovalReceiver( 1534): TMLogRemovalReceiver.onReceive() Enter isCalled =true
D/TMSERVER/TMLogRemovalReceiver( 1534): TMLogRemovalReceiver.onReceive() Exit
D/Kies    ( 1945): __dr_Sigchld_handler entered
D/Kies    ( 1945): dr_Sigchld_handler spid : 1975
D/Kies    ( 1945): sending intent finished.
D/Kies    ( 1945): KIES_WSSERVICE_STOP sending intent result = 1.
D/Kies    ( 1945): intent start
D/Kies    ( 1945): pid init
D/Kies    ( 1945): execretrun init
D/Kies    ( 1945): fork success
D/Kies    ( 1945): child pid = 2055.
D/Kies    ( 1945): child get
D/Kies    ( 1945): process kill start
D/Kies    ( 2055): fork success
D/Kies    ( 2055): child pid = 0.
D/Kies    ( 2055): child get
D/Kies    ( 2055): execute sh.
D/dalvikvm( 3310): GC_FOR_ALLOC freed 5173K, 39% free 10683K/17492K, paused 20ms, total 20ms
I/dalvikvm-heap( 3310): Grow heap (frag case) to 16.755MB for 5242896-byte allocation
D/MusicLifecycle(25404): com.google.android.music.store.MediaStoreImportService$Receiver generated event: Broadcast received with context android.app.ReceiverRestrictedContext@42941310 and intent Intent { act=android.intent.action.MEDIA_SCANNER_STARTED dat=file:///storage/emulated/0 flg=0x10 cmp=com.google.android.music/.store.MediaStoreImportService$Receiver }
D/MusicLifecycle(25404): com.google.android.music.store.MediaStoreImportService generated event: Service created
D/MusicLifecycle(25404): com.google.android.music.store.MediaStoreImportService generated event: Service destroyed
D/dalvikvm( 3310): GC_CONCURRENT freed 1K, 31% free 15802K/22616K, paused 3ms+2ms, total 21ms
D/dalvikvm( 3310): WAIT_FOR_CONCURRENT_GC blocked 18ms
D/dalvikvm( 3310): WAIT_FOR_CONCURRENT_GC blocked 18ms
I/GCoreUlr( 2757): WorldUpdater received intent Intent { act=com.google.android.location.reporting.ACTION_UPDATE_WORLD cmp=com.google.android.gms/com.google.android.location.reporting.service.DispatchingService (has extras) } with receiverAction android.intent.action.ACTION_POWER_CONNECTED
