D/dalvikvm(25842): GC_CONCURRENT freed 1024K, 19% free 10396K/12776K, paused 8ms+4ms, total 28ms
D/Gallery_Performance(25842): UpdateQueueThread End spent time[136   msec ]
I/MediaStoreImporter(25404): Update: incremental Added music: 0 Updated music: 0 Deleted music: 0 Created playlists: 0 Updated playlists: 0 Deleted playlists: 0 Inserted playlist items: 0 Deleted playlist items: 0 Removed orphaned playlist items: 0
D/MusicLifecycle(25404): com.google.android.music.store.MediaStoreImportService generated event: Service destroyed
D/MusicLifecycle(25404): com.google.android.music.wear.WearBroadcastReceiver generated event: Broadcast received with context android.app.ReceiverRestrictedContext@42941310 and intent Intent { act=com.google.android.music.IMPORT_COMPLETE flg=0x10 cmp=com.google.android.music/.wear.WearBroadcastReceiver }
W/System.err(25842): java.lang.IllegalStateException: attempt to re-open an already-closed object: SQLiteDatabase: /data/data/com.sec.android.gallery3d/databases/FileInfo.db
W/System.err(25842): 	at android.database.sqlite.SQLiteClosable.acquireReference(SQLiteClosable.java:55)
W/System.err(25842): 	at android.database.sqlite.SQLiteDatabase.insertWithOnConflict(SQLiteDatabase.java:1559)
W/System.err(25842): 	at com.sec.samsung.gallery.util.FileInfoManager$1.run(FileInfoManager.java:286)
W/System.err(25842): 	at java.lang.Thread.run(Thread.java:841)
D/Gallery_Performance(25842): cleanFileInfoHashMap End spent time[12   msec ] before size : 526 After Size : 526
D/MusicLifecycle(25404): com.google.android.music.wear.WearMetadataSyncService generated event: Service created
D/MusicLifecycle(25404): com.google.android.music.wear.WearMetadataSyncService generated event: Service started with intent Intent { cmp=com.google.android.music/.wear.WearMetadataSyncService }
E/GmsUtils(25404): Failed to connect to Google API client: ConnectionResult{statusCode=API_UNAVAILABLE, resolution=null}
E/GmsUtils(25404): Failed to connect to Google API client: ConnectionResult{statusCode=API_UNAVAILABLE, resolution=null}
D/MusicLifecycle(25404): com.google.android.music.wear.WearMetadataSyncService generated event: Service destroyed
D/dalvikvm(25842): GC_CONCURRENT freed 434K, 20% free 10348K/12776K, paused 1ms+2ms, total 15ms
V/WindowManager( 2379): Window{43c549a8 u0 Keyguard}mOrientationRequetedFromKeyguard=false
I/SurfaceFlinger( 1949): id=4638 createSurf (1x1),1 flag=4, Uoast
V/WindowManager( 2379): Window{43c549a8 u0 Keyguard}mOrientationRequetedFromKeyguard=false
D/SSRMv2:Monitor( 2379): SIOP:: AP = 330 (read only)
D/STATUSBAR-NetworkController( 2645): onReceive() - RSSI_CHANGED_ACTION, WIFI_STATE, NETWORK_STATE
D/STATUSBAR-NetworkController( 2645): refreshSignalCluster: data=0 bt=false
D/STATUSBAR-IconMerger( 2645): checkOverflow(288), More:false, Req:false Child:3
I/SurfaceFlinger( 1949): id=4637 Removed Uoast (15/16)
I/SurfaceFlinger( 1949): id=4637 Removed Uoast (-2/16)
D/dalvikvm( 2379): GC_EXPLICIT freed 720K, 22% free 48317K/61168K, paused 11ms+12ms, total 199ms
D/dalvikvm(25332): GC_EXPLICIT freed 2684K, 42% free 10544K/18080K, paused 1ms+4ms, total 25ms
D/dalvikvm(25842): GC_CONCURRENT freed 310K, 19% free 10433K/12776K, paused 2ms+3ms, total 27ms
D/GalleryCacheReady(25842): GalleryCacheReady end
D/STATUSBAR-NetworkController( 2645): onSignalStrengthsChanged signalStrength=SignalStrength: 14 -1 -1 -1 -1 -1 -1 99 2147483647 2147483647 2147483647 -1 2147483647 gsm|lte 0x4 level=4
I/FactoryTestApp( 2148): [IPCWriterToSecPhoneService$disConnectSecPhoneService]  
I/FacebookAdsSDK(28945): Facebook Ads SDK req complete 8027ms 
I/FacebookAdsSDK(28945): AdProvider completed in 8030ms
E/rcmdlog (28945): fb ad load success,add data to cache
D/SSRMv2:Monitor( 2379): SIOP:: AP = 330 (read only)
D/dalvikvm( 2872): GC_CONCURRENT freed 2130K, 28% free 18628K/25544K, paused 6ms+10ms, total 90ms
D/dalvikvm( 2872): WAIT_FOR_CONCURRENT_GC blocked 58ms
D/STATUSBAR-NetworkController( 2645): refreshSignalCluster: data=0 bt=false
V/WindowManager( 2379): Window{43c549a8 u0 Keyguard}mOrientationRequetedFromKeyguard=false
D/STATUSBAR-IconMerger( 2645): checkOverflow(288), More:false, Req:false Child:3
I/SurfaceFlinger( 1949): id=4639 createSurf (1x1),1 flag=4, Uoast
V/WindowManager( 2379): Window{43c549a8 u0 Keyguard}mOrientationRequetedFromKeyguard=false
I/SurfaceFlinger( 1949): id=4638 Removed Uoast (15/16)
I/SurfaceFlinger( 1949): id=4638 Removed Uoast (-2/16)
D/STATUSBAR-NetworkController( 2645): refreshSignalCluster: data=0 bt=false
D/STATUSBAR-IconMerger( 2645): checkOverflow(288), More:false, Req:false Child:3
I/FactoryTestApp( 2148): [XMLDataStorage$parsingXML] FtClient => data parsing was completed.
I/FactoryTestApp( 2148): [ModulePower$ModulePower] Create ModulePower
I/FactoryTestApp( 2148): [ModulePower$doMediaScanWakeLock] wake=false
D/FactoryTestApp( 2148): [DummyFtClient$onDestroy] Destroy DummyFtClient service
I/FactoryTestApp( 2148): [ModuleCommon$getCommunicationMode] getCommunicationMode:gsm
D/FactoryTestApp( 2148): [DummyFtClient$onDestroy] kill process
I/Process ( 2148): Sending signal. PID: 2148 SIG: 9
I/ActivityManager( 2379): Process com.sec.factory (pid 2148) (adj 0) has died.
V/UsbDeviceManager( 2379): USB UEVENT: {USB_STATE=DISCONNECTED, SUBSYSTEM=android_usb, DEVPATH=/devices/virtual/android_usb/android0, SEQNUM=65943, ACTION=change}
D/AT_Distributor( 1969): Send Msg [UART > ATD] 1 bytes <>
D/SSRMv2:Monitor( 2379): SIOP:: AP = 360 (read only)
D/BatteryService( 2379): update start
D/BatteryService( 2379): level:63, scale:100, status:3, health:2, present:true, voltage: 3865, temperature: 311, technology: Li-ion, AC powered:false, USB powered:false, Wireless powered:false, icon:17303540, invalid charger:0, online:1, charge type:0, current avg:0
D/BatteryService( 2379): Sending ACTION_BATTERY_CHANGED.
D/STATUSBAR-BatteryController( 2645): onReceive() - ACTION_BATTERY_CHANGED
D/STATUSBAR-BatteryController( 2645): onReceive() - BATTERY_STATUS_DISCHARGING: tw_stat_sys_battery
D/STATUSBAR-IconMerger( 2645): checkOverflow(288), More:false, Req:false Child:3
D/STATUSBAR-PhoneStatusBar( 2645):  mBrightnessEnablebySettings = true mBrightnessEnablebyBattery = true mBrightnessEnablebyDisableFlag = true
D/UsbDeviceManager( 2379): handleMessage -> MSG_UPDATE_STATE connected = 0,configured = 0
D/UsbDeviceManager( 2379): updateUsbNotification : mConnected = false, mConfigured = false, mCurrentFunctions = mtp,adb
D/UsbDeviceManager( 2379): sending intent : ACTION_USB_STATE : connected = false, configured = false, functions = mtp,adb
E/MTPRx   ( 2128): In MtpReceiverandroid.hardware.usb.action.USB_STATE
E/MTPRx   ( 2128): check value of boot_completed is1
E/MTPRx   ( 2128): check booting is completed_sys.boot_completed
E/MTPRx   ( 2128): Sd-Card path/storage/extSdCard
E/MTPRx   ( 2128): Status for mount/Unmount :removed
E/MTPRx   ( 2128): SDcard is not available
E/MTPRx   ( 2128): The value of first_boot is  1
E/MTPRx   ( 2128): [ 662] The value of first_boot is  1NORMAL SEQUENCE 
W/MTPRx   ( 2128): value of connected isfalse
W/MTPRx   ( 2128): value of configured isfalse
W/MTPRx   ( 2128): value of mtpEnabled istrue
W/MTPRx   ( 2128): value of ptpEnabled isfalse
E/MTPRx   ( 2128): Received USB_STATE with sdCardLaunch = 0
W/MTPRx   ( 2128): value of usb30DelayTime is 10
E/MTPRx   ( 2128): configured is false
D/TMSERVER/TMNetworkReceiver( 1534): TMNetworkReceiver.TMNetworkReceiver() Enter 1 main
D/TMSERVER/TMNetworkReceiver( 1534): TMNetworkReceiver.StartTMHandler - enter
D/TMSERVER/TMNetworkReceiver( 1534): TMNetworkReceiver.StartTMHandler - exit
D/TMSERVER/TMNetworkReceiver( 1534): TMNetworkReceiver.onReceive() Enter
D/TMSERVER/TMNetworkReceiver( 1534): TMNetworkReceiver.onReceive() Action android.hardware.usb.action.USB_STATE
D/TMSERVER/TMNetworkReceiver( 1534): TMNetworkReceiver.onReceive() on USB - connected:false, configured :false, isUsbCableConnected = false
D/TMSERVER/TMNetworkReceiver( 1534): TMNetworkReceiver.onReceive() USB NOT CONNECTED
D/TMSERVER/TMNetworkReceiver( 1534): TMNetworkReceiver.onReceive() Exit 
D/TMSERVER/TMLogRemovalReceiver( 1534): TMLogRemovalReceiver.onReceive() Enter isCalled =true
D/TMSERVER/TMLogRemovalReceiver( 1534): TMLogRemovalReceiver.onReceive() Exit
D/STATUSBAR-NetworkController( 2645): refreshSignalCluster: data=0 bt=false
D/STATUSBAR-IconMerger( 2645): checkOverflow(288), More:false, Req:false Child:3
D/dalvikvm( 2451): GC_EXPLICIT freed 1618K, 20% free 15123K/18740K, paused 19ms+11ms, total 128ms
V/WindowManager( 2379): Window{43c549a8 u0 Keyguard}mOrientationRequetedFromKeyguard=false
I/SurfaceFlinger( 1949): id=4640 createSurf (1x1),1 flag=4, Uoast
V/WindowManager( 2379): Window{43c549a8 u0 Keyguard}mOrientationRequetedFromKeyguard=false
I/SurfaceFlinger( 1949): id=4639 Removed Uoast (15/16)
I/SurfaceFlinger( 1949): id=4639 Removed Uoast (-2/16)
D/SSRMv2:Monitor( 2379): SIOP:: AP = 360, Prev AP = 330, Duration = 10020
D/STATUSBAR-NetworkController( 2645): refreshSignalCluster: data=0 bt=false
D/STATUSBAR-IconMerger( 2645): checkOverflow(288), More:false, Req:false Child:3
D/dalvikvm( 4107): GC_CONCURRENT freed 414K, 21% free 10346K/13020K, paused 7ms+3ms, total 44ms
E/Watchdog( 2379): !@Sync 3648
D/SSRMv2:Monitor( 2379): SIOP:: AP = 360 (read only)
D/DisplayPowerController( 2379): SSTEMP : mIsLockZone = true
V/WindowManager( 2379): Window{43c549a8 u0 Keyguard}mOrientationRequetedFromKeyguard=false
I/SurfaceFlinger( 1949): id=4641 createSurf (1x1),1 flag=4, Uoast
V/WindowManager( 2379): Window{43c549a8 u0 Keyguard}mOrientationRequetedFromKeyguard=false
D/Sensorhubs( 1965): readContextData: 1, 1, 7, 0
D/DisplayPowerController( 2379): SSTEMP : mIsLockZone = false
D/SensorHubManager( 2379): onGetSensorHubDataLocked: library = 1, 1, 7, 0
D/CAE     ( 2379): onGetSensorHubData(SensorHubParserProvider.java:66) - onGetSensorHubData Event [event buffer len :4]
I/CAE     ( 2379): parse(SensorHubParserProvider.java:136) - buffer size = 4
I/CAE     ( 2379): parse(SensorHubParserProvider.java:147) - 1, 1, 7, 0, 
D/CAE     ( 2379): display(ContextProvider.java:553) - ================= AUTO_ROTATION =================
I/CAE     ( 2379): display(ContextProvider.java:569) - Angle=[0]
D/SContextService( 2379): updateSContext() : event = Auto Rotation
V/WindowOrientationListener( 2379): mSContextAutoRotationListener.onSContextChanged, Rotation: 0
I/SurfaceFlinger( 1949): id=4640 Removed Uoast (15/16)
I/SurfaceFlinger( 1949): id=4640 Removed Uoast (-2/16)
D/DisplayPowerController( 2379): SSTEMP : mIsLockZone = true
D/AT_Distributor( 1969): Send Msg [UART > ATD] 1 bytes <>
D/Sensorhubs( 1965): readContextData: 1, 1, 7, -1
D/SensorHubManager( 2379): onGetSensorHubDataLocked: library = 1, 1, 7, -1
D/CAE     ( 2379): onGetSensorHubData(SensorHubParserProvider.java:66) - onGetSensorHubData Event [event buffer len :4]
I/CAE     ( 2379): parse(SensorHubParserProvider.java:136) - buffer size = 4
I/CAE     ( 2379): parse(SensorHubParserProvider.java:147) - 1, 1, 7, -1, 
D/CAE     ( 2379): display(ContextProvider.java:553) - ================= AUTO_ROTATION =================
I/CAE     ( 2379): display(ContextProvider.java:569) - Angle=[-1]
D/SContextService( 2379): updateSContext() : event = Auto Rotation
V/WindowOrientationListener( 2379): mSContextAutoRotationListener.onSContextChanged, Rotation: -1
D/STATUSBAR-NetworkController( 2645): refreshSignalCluster: data=0 bt=false
D/STATUSBAR-IconMerger( 2645): checkOverflow(288), More:false, Req:false Child:3
V/UsbDeviceManager( 2379): USB UEVENT: {USB_STATE=CONNECTED, SUBSYSTEM=android_usb, DEVPATH=/devices/virtual/android_usb/android0, SEQNUM=65945, ACTION=change}
D/UsbDeviceManager( 2379): handleMessage -> MSG_UPDATE_STATE connected = 1,configured = 0
D/UsbDeviceManager( 2379): updateUsbNotification : mConnected = true, mConfigured = false, mCurrentFunctions = mtp,adb
W/LicenseLogService( 2379): log() is called by non admin
D/STATUSBAR-StatusBarManagerService( 2379): sendNotification(1) - 17041089
D/UsbDeviceManager( 2379): updateUsbNotification : notify id = 17041089, title = Được kết nối như thiết bị media
W/ResourceType( 2645): Attempt to retrieve bag 0x01030068 which is invalid or in a cycle.
E/MTPRx   ( 2128): In MtpReceiverandroid.hardware.usb.action.USB_STATE
E/MTPRx   ( 2128): check value of boot_completed is1
E/MTPRx   ( 2128): check booting is completed_sys.boot_completed
E/MTPRx   ( 2128): Sd-Card path/storage/extSdCard
W/ResourceType( 2645): Attempt to retrieve bag 0x01030067 which is invalid or in a cycle.
E/MTPRx   ( 2128): Status for mount/Unmount :removed
E/MTPRx   ( 2128): SDcard is not available
E/MTPRx   ( 2128): The value of first_boot is  1
E/MTPRx   ( 2128): [ 662] The value of first_boot is  1NORMAL SEQUENCE 
W/MTPRx   ( 2128): value of connected istrue
D/UsbDeviceManager( 2379): sending intent : ACTION_USB_STATE : connected = true, configured = false, functions = mtp,adb
W/MTPRx   ( 2128): value of configured isfalse
W/MTPRx   ( 2128): value of mtpEnabled istrue
W/MTPRx   ( 2128): value of ptpEnabled isfalse
E/MTPRx   ( 2128): Received USB_STATE with sdCardLaunch = 0
W/MTPRx   ( 2128): value of usb30DelayTime is 10
E/MTPRx   ( 2128): configured is false
D/ProgressBar( 2645): setProgressDrawable mProgressDrawable = null, d = android.graphics.drawable.LayerDrawable@43267818needUpdate = false
D/ProgressBar( 2645): setProgressDrawable drawableHeight = 12
D/ProgressBar( 2645): setProgress = 0
D/ProgressBar( 2645): setProgress = 0, fromUser = false
D/ProgressBar( 2645): mProgress = 0mIndeterminate = false, mMin = 0, mMax = 100
D/TMSERVER/TMNetworkReceiver( 1534): TMNetworkReceiver.TMNetworkReceiver() Enter 1 main
D/TMSERVER/TMNetworkReceiver( 1534): TMNetworkReceiver.StartTMHandler - enter
D/TMSERVER/TMNetworkReceiver( 1534): TMNetworkReceiver.StartTMHandler - exit
D/TMSERVER/TMNetworkReceiver( 1534): TMNetworkReceiver.onReceive() Enter
D/TMSERVER/TMNetworkReceiver( 1534): TMNetworkReceiver.onReceive() Action android.hardware.usb.action.USB_STATE
D/TMSERVER/TMNetworkReceiver( 1534): TMNetworkReceiver.onReceive() on USB - connected:true, configured :false, isUsbCableConnected = false
D/TMSERVER/TMNetworkReceiver( 1534): usbEventReceiver:onReceive(): isUsbCableConnected made to<<<= false
D/TMSERVER/TMNetworkReceiver( 1534): TMNetworkReceiver.onReceive() USB CONNECTED
D/TMSERVER/TMNetworkReceiver( 1534): TMNetworkReceiver.onReceive() usb file content is  major 0 minor 0 vendor 0
D/TMSERVER/TMNetworkReceiver( 1534): TMNetworkReceiver.onReceive() Major Version is: 0
D/TMSERVER/TMNetworkReceiver( 1534): TMNetworkReceiver.onReceive() Minor Version equal to 0
D/TMSERVER/TMNetworkReceiver( 1534): TMNetworkReceiver.onReceive() Retry reading the file..Sysfs might be updated after the Connected signal. counter -0
V/UsbDeviceManager( 2379): USB UEVENT: {USB_STATE=CONFIGURED, SUBSYSTEM=android_usb, DEVPATH=/devices/virtual/android_usb/android0, SEQNUM=65946, ACTION=change}
D/UsbDeviceManager( 2379): handleMessage -> MSG_UPDATE_STATE connected = 1,configured = 1
D/UsbDeviceManager( 2379): updateUsbNotification : mConnected = true, mConfigured = true, mCurrentFunctions = mtp,adb
W/LicenseLogService( 2379): log() is called by non admin
D/UsbManager( 2379):  :::: isUsb30Enabled :: return = false from pid = 2379
D/UsbDeviceManager( 2379): sending intent : ACTION_USB_STATE : connected = true, configured = true, functions = mtp,adb
D/Sensorhubs( 1965): readContextData: 1, 1, 7, 0
D/SensorHubManager( 2379): onGetSensorHubDataLocked: library = 1, 1, 7, 0
D/DataRouter( 1944): After the usb select
D/DataRouter( 1944): read usb data[len:1]
D/DataRouter( 1944): read usb data message:A
D/DataRouter( 1944): Before the usb select
D/Kies    ( 1945): [DR->KIES]Received data notification
D/Kies    ( 1945): NOT DEFINE
D/Kies    ( 1945): Message:AT^SQPOR
D/CAE     ( 2379): onGetSensorHubData(SensorHubParserProvider.java:66) - onGetSensorHubData Event [event buffer len :4]
I/CAE     ( 2379): parse(SensorHubParserProvider.java:136) - buffer size = 4
I/CAE     ( 2379): parse(SensorHubParserProvider.java:147) - 1, 1, 7, 0, 
D/dalvikvm( 2379): GC_CONCURRENT freed 1948K, 21% free 48367K/61168K, paused 8ms+13ms, total 206ms
D/CAE     ( 2379): display(ContextProvider.java:553) - ================= AUTO_ROTATION =================
I/CAE     ( 2379): display(ContextProvider.java:569) - Angle=[0]
D/SContextService( 2379): updateSContext() : event = Auto Rotation
V/WindowOrientationListener( 2379): mSContextAutoRotationListener.onSContextChanged, Rotation: 0
D/DataRouter( 1944): After the usb select
D/DataRouter( 1944): read usb data[len:1]
D/DataRouter( 1944): read usb data message:T
D/DataRouter( 1944): Before the usb select
D/Kies    ( 1945): [DR->KIES]Received data notification
D/Kies    ( 1945): NOT DEFINE
D/Kies    ( 1945): Message:TT^SQPOR
D/TMSERVER/TMNetworkReceiver( 1534): TMNetworkReceiver.onReceive() usb file content is  major 0 minor 0 vendor 0
D/TMSERVER/TMNetworkReceiver( 1534): TMNetworkReceiver.onReceive() Major Version is: 0
D/TMSERVER/TMNetworkReceiver( 1534): TMNetworkReceiver.onReceive() Minor Version equal to 0
D/TMSERVER/TMNetworkReceiver( 1534): TMNetworkReceiver.onReceive() Retry reading the file..Sysfs might be updated after the Connected signal. counter -1
D/DataRouter( 1944): After the usb select
D/DataRouter( 1944): read usb data[len:1]
D/DataRouter( 1944): read usb data message:^
D/DataRouter( 1944): Before the usb select
D/Kies    ( 1945): [DR->KIES]Received data notification
D/Kies    ( 1945): NOT DEFINE
D/Kies    ( 1945): Message:^T^SQPOR
E/BatteryService( 2379): Could not open /efs/FactoryApp/batt_cable_count
D/BatteryService( 2379): update start
D/BatteryService( 2379): level:63, scale:100, status:2, health:2, present:true, voltage: 3824, temperature: 307, technology: Li-ion, AC powered:false, USB powered:true, Wireless powered:false, icon:17303554, invalid charger:0, online:4, charge type:0, current avg:0
D/BatteryService( 2379): Sending ACTION_BATTERY_CHANGED.
D/LockPatternUtils( 2379): isPcwEnable = 10
D/PowerManagerService( 2379): [api] updateIsPoweredLocked : mIsPowered: true mPlugType: 2
D/DataRouter( 1944): After the usb select
D/DataRouter( 1944): read usb data[len:1]
D/DataRouter( 1944): read usb data message:S
D/DataRouter( 1944): Before the usb select
D/Kies    ( 1945): [DR->KIES]Received data notification
D/Kies    ( 1945): NOT DEFINE
D/Kies    ( 1945): Message:ST^SQPOR
D/UsbDeviceManager( 2379): handleMessage -> MSG_POWER_STATE = 1
D/STATUSBAR-BatteryController( 2645): onReceive() - ACTION_BATTERY_CHANGED
D/STATUSBAR-BatteryController( 2645): onReceive() - BATTERY_STATUS_CHARGING:
D/STATUSBAR-PhoneStatusBar( 2645):  mBrightnessEnablebySettings = true mBrightnessEnablebyBattery = true mBrightnessEnablebyDisableFlag = true
D/PowerUI ( 2645): playSound : 1
I/EntropyMixer( 2379): Writing entropy...
V/Vibrator( 2645): Called vibrateImmVibe(int) API - PUID: 10156, PackageName: com.android.systemui
V/Vibrator( 2645): vibrateImmVibe - PUID: 10156, PackageName: com.android.systemui, type: 10, magType: TouchMagnitude
V/VibratorService( 2379): vibrateImmVibeMagnitudeType - package: com.android.systemui, type: 10, magnitudeType: TouchMagnitude
D/UsbDeviceManager( 2379): sending intent : ACTION_USB_CABLE_STATE : connected = true
E/battery_guide( 2872): suyanjiaoguide1
E/battery_guide( 2872): suyanjiaoguide2
D/PowerUI ( 2645): RINGER_MODE_VIBRATE
V/CAE     ( 2379): onReceive(CaPowerManager.java:127)
I/CAE     ( 2379): onReceive(CaPowerManager.java:150) - POWER_CONNECTED
I/CAE     ( 2379): sendCmdToSensorHub(SensorHubCommManager.java:146) - -76, 13, -42, 0, 
D/SensorHubManager( 2379): SendSensorHubData: send data = -76, 13, -42, 0
D/Sensorhubs( 1965): sendContextData: -76, 13, -42, 0
V/CAE     ( 2379): onReceive(CaPowerManager.java:158)
I/SSRMv2:Monitor( 2379): fileWriteInt : /sys/class/power_supply/battery/siop_level  value : 100
D/STATUSBAR-PhoneStatusBar( 2645): animateCollapsePanels
I/power   ( 2379): *** acquire_dvfs_lock : lockType : 1  freq : 1200000 
E/BatteryService( 2379): Could not open /efs/FactoryApp/batt_cable_count
D/SSRMv2:CustomFrequencyManagerService( 2379): acquireDVFSLockLocked : type : DVFS_MIN_LIMIT  frequency : 1200000  uid : 1000  pid : 2379  pkgName : ACTIVITY_RESUME_BOOSTER@5
W/ActivityManager( 2379): mDVFSHelper.acquire()
D/BatteryService( 2379): update start
D/BatteryService( 2379): level:63, scale:100, status:2, health:2, present:true, voltage: 3898, temperature: 308, technology: Li-ion, AC powered:false, USB powered:true, Wireless powered:false, icon:17303554, invalid charger:0, online:4, charge type:1, current avg:160
D/BatteryService( 2379): Sending ACTION_BATTERY_CHANGED.
D/DataRouter( 1944): After the usb select
D/DataRouter( 1944): read usb data[len:1]
D/DataRouter( 1944): read usb data message:Q
D/DataRouter( 1944): Before the usb select
D/Kies    ( 1945): [DR->KIES]Received data notification
D/Kies    ( 1945): NOT DEFINE
D/Kies    ( 1945): Message:QT^SQPOR
D/TMSERVER/TMNetworkReceiver( 1534): TMNetworkReceiver.onReceive() usb file content is  major 0 minor 0 vendor 0
D/TMSERVER/TMNetworkReceiver( 1534): TMNetworkReceiver.onReceive() Major Version is: 0
D/TMSERVER/TMNetworkReceiver( 1534): TMNetworkReceiver.onReceive() Minor Version equal to 0
D/TMSERVER/TMNetworkReceiver( 1534): TMNetworkReceiver.onReceive() Retry reading the file..Sysfs might be updated after the Connected signal. counter -2
D/LockPatternUtils( 2379): isPcwEnable = 10
D/DataRouter( 1944): After the usb select
D/DataRouter( 1944): read usb data[len:1]
D/DataRouter( 1944): read usb data message:P
D/DataRouter( 1944): Before the usb select
D/Kies    ( 1945): [DR->KIES]Received data notification
D/Kies    ( 1945): NOT DEFINE
D/Kies    ( 1945): Message:PT^SQPOR
D/WindowManager( 2379): computeScreenConfigurationLocked() set config.orientation=1 dw=720 dh=1280 Callers=com.android.server.wm.WindowManagerService.updateOrientationFromAppTokensLocked:5181 com.android.server.wm.WindowManagerService.updateOrientationFromAppTokens:5152 com.android.server.am.ActivityStack.realStartActivityLocked:1022 
D/PowerManagerService( 2379): setKeyboardVisibility: false
D/STATUSBAR-BatteryController( 2645): onReceive() - ACTION_BATTERY_CHANGED
D/STATUSBAR-BatteryController( 2645): onReceive() - BATTERY_STATUS_CHARGING:
D/STATUSBAR-PhoneStatusBar( 2645):  mBrightnessEnablebySettings = true mBrightnessEnablebyBattery = true mBrightnessEnablebyDisableFlag = true
D/PointerIcon( 2379): setHoveringSpenIconStyle1 pointerType: 10001iconType:1 flag:0
D/PointerIcon( 2379): setHoveringSpenCustomIcon IconType is same.1
E/rcmdlog (28945): start preload screen ad !----------type:Type_User_Bright
E/rcmdlog (28945): screen version no need to check time limit! pre version is:51082402
E/rcmdlog (28945): start preload screen ad !----------type:Type_Battery_DisConnect
E/rcmdlog (28945): screen version no need to check time limit! pre version is:51082402
D/AbsListView( 2812): unregisterIRListener() is called 
D/DataRouter( 1944): After the usb select
D/DataRouter( 1944): read usb data[len:1]
D/DataRouter( 1944): read usb data message:O
D/DataRouter( 1944): Before the usb select
D/Kies    ( 1945): [DR->KIES]Received data notification
D/Kies    ( 1945): NOT DEFINE
D/Kies    ( 1945): Message:OT^SQPOR
I/cmnow_weather_infoc(28945): report -- cm_weather_adget_result go
I/cmnow_weather_infoc(28945): report -- cm_weather_adget_result go
I/cmnow_weather_infoc(28945): report -- cm_weather_adget_result go
W/KInfoc  (28945): The data section count is not equal! table:cm_weather_adget_result, count in format:2, count in data:3.
W/KInfoc  (28945): The data section count is not equal! table:cm_weather_adget_result, count in format:2, count in data:3.
W/KInfoc  (28945): The data section count is not equal! table:cm_weather_adget_result, count in format:2, count in data:3.
E/rcmdlog (28945): load weather ad datas.............................
E/rcmdlog (28945): picks cache: 0  fbcache:0
E/rcmdlog (28945): get weather done............. 
E/rcmdlog (28945): get weather is null............. 
I/cmnow_weather_infoc(28945): report -- cm_weather_adget_result go
I/cmnow_weather_infoc(28945): report -- cm_weather_adget_result go
I/cmnow_weather_infoc(28945): report -- cm_weather_adget_result go
W/KInfoc  (28945): The data section count is not equal! table:cm_weather_adget_result, count in format:2, count in data:3.
W/KInfoc  (28945): The data section count is not equal! table:cm_weather_adget_result, count in format:2, count in data:3.
W/KInfoc  (28945): The data section count is not equal! table:cm_weather_adget_result, count in format:2, count in data:3.
D/dalvikvm(28945): GC_CONCURRENT freed 1523K, 28% free 15131K/20984K, paused 3ms+5ms, total 45ms
I/cm.log.floatpro(28945): [WeatherSDK:WeatherDataPaser][I]/ paser first result :true
I/cm.log.floatpro(28945): [WeatherSDK:WeatherDataPaser][I]/ paser second result :true
I/cm.log.floatpro(28945): [WeatherSDK:KWeatherManager][I]/ KWeatherDataParser parse fail
I/cm.log.floatpro(28945): [WeatherSDK:WeatherDataPaser][I]/ paser first result :false
D/DataRouter( 1944): After the usb select
D/DataRouter( 1944): read usb data[len:1]
D/DataRouter( 1944): read usb data message:R
D/DataRouter( 1944): Before the usb select
D/Kies    ( 1945): [DR->KIES]Received data notification
D/Kies    ( 1945): NOT DEFINE
D/Kies    ( 1945): Message:RT^SQPOR
D/STATUSBAR-NetworkController( 2645): onReceive() - RSSI_CHANGED_ACTION, WIFI_STATE, NETWORK_STATE
D/STATUSBAR-NetworkController( 2645): refreshSignalCluster: data=0 bt=false
W/System.err(28945): android.content.pm.PackageManager$NameNotFoundException: com.cmcm.locker
W/System.err(28945): 	at android.app.ApplicationPackageManager.getPackageInfo(ApplicationPackageManager.java:103)
W/System.err(28945): 	at com.lock.f.a.a(DefaultAppUtils.java:265)
W/System.err(28945): 	at com.ijinshan.screensavernew.ScreenSaver2Activity.onCreate(ScreenSaver2Activity.java:283)
W/System.err(28945): 	at android.app.Activity.performCreate(Activity.java:5372)
W/System.err(28945): 	at android.app.Instrumentation.callActivityOnCreate(Instrumentation.java:1104)
W/System.err(28945): 	at android.app.ActivityThread.performLaunchActivity(ActivityThread.java:2270)
W/System.err(28945): 	at android.app.ActivityThread.handleLaunchActivity(ActivityThread.java:2362)
W/System.err(28945): 	at android.app.ActivityThread.access$700(ActivityThread.java:168)
W/System.err(28945): 	at android.app.ActivityThread$H.handleMessage(ActivityThread.java:1329)
W/System.err(28945): 	at android.os.Handler.dispatchMessage(Handler.java:99)
W/System.err(28945): 	at android.os.Looper.loop(Looper.java:137)
W/System.err(28945): 	at android.app.ActivityThread.main(ActivityThread.java:5493)
W/System.err(28945): 	at java.lang.reflect.Method.invokeNative(Native Method)
W/System.err(28945): 	at java.lang.reflect.Method.invoke(Method.java:525)
W/System.err(28945): 	at com.android.internal.os.ZygoteInit$MethodAndArgsCaller.run(ZygoteInit.java:1209)
W/System.err(28945): 	at com.android.internal.os.ZygoteInit.main(ZygoteInit.java:1025)
W/System.err(28945): 	at dalvik.system.NativeStart.main(Native Method)
D/TMSERVER/TMNetworkReceiver( 1534): TMNetworkReceiver.onReceive() Exit 
D/TMSERVER/TMNetworkReceiver( 1534): TMNetworkReceiver.handleMessage - enter1 main
D/TMSERVER/TMNetworkReceiver( 1534): TMNetworkReceiver.handleMessage - enter action = 0
D/TMSERVER/TMNetworkReceiver( 1534): TMNetworkReceiver.handleMessage - finsihed case 0 mIsSCMInstalled = false
D/TMSERVER/TMNetworkReceiver( 1534): TMNetworkReceiver.handleMessage - exit
D/TMSERVER/TMLogRemovalReceiver( 1534): TMLogRemovalReceiver.onReceive() Enter isCalled =true
D/TMSERVER/TMLogRemovalReceiver( 1534): TMLogRemovalReceiver.onReceive() Exit
E/MTPRx   ( 2128): In MtpReceiverandroid.hardware.usb.action.USB_STATE
E/MTPRx   ( 2128): check value of boot_completed is1
E/MTPRx   ( 2128): check booting is completed_sys.boot_completed
E/MTPRx   ( 2128): Sd-Card path/storage/extSdCard
E/MTPRx   ( 2128): Status for mount/Unmount :removed
E/MTPRx   ( 2128): SDcard is not available
E/MTPRx   ( 2128): The value of first_boot is  1
E/MTPRx   ( 2128): [ 662] The value of first_boot is  1NORMAL SEQUENCE 
W/MTPRx   ( 2128): value of connected istrue
W/MTPRx   ( 2128): value of configured istrue
W/MTPRx   ( 2128): value of mtpEnabled istrue
W/MTPRx   ( 2128): value of ptpEnabled isfalse
E/MTPRx   ( 2128): Received USB_STATE with sdCardLaunch = 0
W/MTPRx   ( 2128): value of usb30DelayTime is 10
E/MTPRx   ( 2128): currentUserId is 0
E/MTPRx   ( 2128): Start observing USB_STATE_MATCH 
E/MTPRx   ( 2128): cannot open file : /sys/class/android_usb/android0/bcdUSB
E/MTPRx   ( 2128): !!!is_secretmode is NOT 1
D/EnterpriseDeviceManager( 2128): ContainerId: 0
E/MTPRx   ( 2128): sending MTP_ICON_ENABLED to stack
W/LicenseLogService( 2379): log() is called by non admin
E/MTPRx   ( 2128): else part ... so first time!!!
E/MTPPlaObsrvr( 2128): inside setContext()
D/dalvikvm(28945): GC_FOR_ALLOC freed 747K, 28% free 15147K/20984K, paused 33ms, total 33ms
I/dalvikvm-heap(28945): Grow heap (frag case) to 17.250MB for 1127536-byte allocation
D/DataRouter( 1944): After the usb select
D/DataRouter( 1944): read usb data[len:1]
D/DataRouter( 1944): read usb data message:T
D/DataRouter( 1944): Before the usb select
D/Kies    ( 1945): [DR->KIES]Received data notification
D/Kies    ( 1945): NOT DEFINE
D/Kies    ( 1945): Message:TT^SQPOR
E/MTPPlaObsrvr( 2128): playlist count is1
E/MTPPlaObsrvr( 2128): Row ID is790
D/        ( 2128): MTP: reading debug level property
E/MTPPlaObsrvr( 2128): Ignore Quick list.pla
E/MTPPlaObsrvr( 2128): Inside registerContentObserver
E/MtpAdbObserver( 2128): inside setContext()
E/MtpAdbObserver( 2128): Inside registerContentObserver
W/Settings( 2128): Setting adb_enabled has moved from android.provider.Settings.System to android.provider.Settings.Global, returning read-only global URI.
E/MtpService( 2128): onCreate.
E/MtpService( 2128): < MTP > Registering BroadCast receiver :::::
E/MtpService( 2128): < MTP > Registering BroadCast registerBroadCastPolicyRec :::::
E/MtpService( 2128): onStartCommand.
W/MTPRx   ( 2128): calling native method
E/MTPJNIInterface( 2128): < MTP > Registering BroadCast receiver :::::
E/MtpService( 2128): handleMessage. msg= { what=0 when=0 arg1=1 obj=Intent { cmp=com.samsung.android.MtpApplication/.MtpService } }
E/MTPJNIInterface( 2128): noti = 10
D/TMSERVER/TMNetworkReceiver( 1534): TMNetworkReceiver.TMNetworkReceiver() Enter 1 main
D/TMSERVER/TMNetworkReceiver( 1534): TMNetworkReceiver.StartTMHandler - enter
D/TMSERVER/TMNetworkReceiver( 1534): TMNetworkReceiver.StartTMHandler - exit
D/TMSERVER/TMNetworkReceiver( 1534): TMNetworkReceiver.onReceive() Enter
D/TMSERVER/TMNetworkReceiver( 1534): TMNetworkReceiver.onReceive() Action android.hardware.usb.action.USB_STATE
D/TMSERVER/TMNetworkReceiver( 1534): TMNetworkReceiver.onReceive() on USB - connected:true, configured :true, isUsbCableConnected = false
D/TMSERVER/TMNetworkReceiver( 1534): usbEventReceiver:onReceive(): isUsbCableConnected made to<<<= false
D/TMSERVER/TMNetworkReceiver( 1534): TMNetworkReceiver.onReceive() USB CONNECTED
D/TMSERVER/TMNetworkReceiver( 1534): TMNetworkReceiver.onReceive() usb file content is  major 0 minor 0 vendor 0
D/TMSERVER/TMNetworkReceiver( 1534): TMNetworkReceiver.onReceive() Major Version is: 0
D/TMSERVER/TMNetworkReceiver( 1534): TMNetworkReceiver.onReceive() Minor Version equal to 0
D/TMSERVER/TMNetworkReceiver( 1534): TMNetworkReceiver.onReceive() Retry reading the file..Sysfs might be updated after the Connected signal. counter -0
E/MtpService( 2128): onStartCommand.
W/MTPRx   ( 2128): calling native method
E/MTPRx   ( 2128): Checking the driver time out
E/MTPJNIInterface( 2128): noti = 2
D/        ( 2128): event handler thread is created, so set the flag
E/MTPRx   ( 2128): called native method
E/MTPJNIInterface( 2128): setting Media scanner status0
E/MTPJNIInterface( 2128): After setting Media scanner status0
E/MtpService( 2128): handleMessage. msg= { what=0 when=-2ms arg1=2 obj=Intent { cmp=com.samsung.android.MtpApplication/.MtpService } }
E/BatteryService( 2379): Could not open /efs/FactoryApp/batt_cable_count
D/BatteryService( 2379): update start
D/BatteryService( 2379): level:63, scale:100, status:2, health:2, present:true, voltage: 3822, temperature: 302, technology: Li-ion, AC powered:false, USB powered:true, Wireless powered:false, icon:17303554, invalid charger:0, online:4, charge type:1, current avg:160
D/BatteryService( 2379): Sending ACTION_BATTERY_CHANGED.
D/MtpService(25332): addStorageLocked 65537 /storage/emulated/0
W/MTPRx   ( 2128): notification from stack 1
E/MTPJNIInterface( 2128): Getting media scanner status0
E/EnterpriseContainerManager(25332): ContainerPolicy Service is not yet ready!!!
D/EnterpriseDeviceManager(25332): ContainerId: 0
E/SQLiteLog( 2128): (14) cannot open file at line 32516 of [00bb9c9ce4]
E/SQLiteLog( 2128): (14) os_unix.c:32516: (2) open(/opt/dbspace/inappdb_mtp) - 
E/MTPJNIInterface( 2128): DeviceName is GT-N7100
D/MtpService(25332): starting MTP server in MTP mode
D/MediaScanner(25332): MediaScanner - mSkipList ()
D/MediaScanner(25332): Constructor set externalStorageSdPath : /storage/extSdCard
D/LockPatternUtils( 2379): isPcwEnable = 10
E/MtpServerJNI(25332): could not open MTP driver, errno: 2
D/MtpService(25332): addStorageLocked 65537 /storage/emulated/0
E/MtpServerJNI(25332): server is null in add_storage
D/dalvikvm(28945): GC_FOR_ALLOC freed 0K, 27% free 16248K/22088K, paused 50ms, total 50ms
E/MtpServerJNI(25332): server is null in run
E/MtpServerJNI(25332): server is null in cleanup
D/STATUSBAR-BatteryController( 2645): onReceive() - ACTION_BATTERY_CHANGED
D/STATUSBAR-BatteryController( 2645): onReceive() - BATTERY_STATUS_CHARGING:
D/STATUSBAR-PhoneStatusBar( 2645):  mBrightnessEnablebySettings = true mBrightnessEnablebyBattery = true mBrightnessEnablebyDisableFlag = true
W/LicenseLogService( 2379): log() is called by non admin
D/TextLayoutCache(28945): Enable myanmar Zawgyi converter
D/TextLayoutCache(28945): Enable myanmar Zawgyi converter
D/DataRouter( 1944): After the usb select
D/DataRouter( 1944): read usb data[len:1]
D/DataRouter( 1944): read usb data message:?
D/DataRouter( 1944): Before the usb select
D/Kies    ( 1945): [DR->KIES]Received data notification
D/Kies    ( 1945): NOT DEFINE
D/Kies    ( 1945): Message:?T^SQPOR
D/DataRouter( 1944): After the usb select
D/DataRouter( 1944): read usb data[len:1]
D/DataRouter( 1944): read usb data message:
D/DataRouter( 1944): Before the usb select
D/Kies    ( 1945): [DR->KIES]Received data notification
D/Kies    ( 1945): NOT DEFINE
D/Kies    ( 1945): Message:T^SQPOR
E/rcmdlog (28945): start load screen ad !----------type:Type_Battery_Connect
E/rcmdlog (28945): screen version no need to check time limit! pre version is:51082402
E/zyb libadimgcache(28945): ScreenSaverAdManager getAD & return the cacheInfo now cacheableAdInfo :Chữa trị bệnh trĩ an toàn
D/rcmdlog (28945): show ad view *************
E/rcmdlog (28945): screen ad seed message!
E/fjdada  (28945): screen ad seed message!
D/SSRMv2:Monitor( 2379): SIOP:: AP = 360 (read only)
V/zyb     (28945): KPlaceIdGenerate msgADId : 2 sysADId: 5 Interval: 0
E/infoc   (28945): table: cm_charge_ads  resorce=1&placementid=3&info_num=0&ad_state=1&ad_type=2&uptime2=1444027606395
W/Settings(28945): Setting android_id has moved from android.provider.Settings.System to android.provider.Settings.Secure, returning read-only value.
D/TMSERVER/TMNetworkReceiver( 1534): TMNetworkReceiver.onReceive() usb file content is  major 0 minor 0 vendor 0
D/TMSERVER/TMNetworkReceiver( 1534): TMNetworkReceiver.onReceive() Major Version is: 0
D/TMSERVER/TMNetworkReceiver( 1534): TMNetworkReceiver.onReceive() Minor Version equal to 0
D/TMSERVER/TMNetworkReceiver( 1534): TMNetworkReceiver.onReceive() Retry reading the file..Sysfs might be updated after the Connected signal. counter -1
E/infoc   (28945): table: cm_act_26  resorce=1&f=10&notice_service=2&ad_type=2&s=0&uptime2=1444027606453&p=4
E/infoc   (28945): table: cm_charge_userclick  show_locker=0&resorce=1&show_ad=0&uptime2=1444027606453&homeclick=1
D/dalvikvm( 2872): GC_CONCURRENT freed 2077K, 28% free 18486K/25544K, paused 4ms+4ms, total 65ms
D/dalvikvm(25332): GC_CONCURRENT freed 449K, 42% free 10479K/18044K, paused 1ms+3ms, total 26ms
W/Settings(28945): Setting lock_pattern_autolock has moved from android.provider.Settings.System to android.provider.Settings.Secure, returning read-only value.
E/infoc   (28945): table: cm_charge_set  auto_light_time=55&notice_service=2&message_reminder=2&light_time=126&uptime2=1444027606507&boost_charge=1&auto_wake_screen=1&sys_lock=7&app_selection=0
E/zyb libadimgcache(28945): ScreenSaverAdManager check should updateOneNewCacheAd sourcePlace:5  hasNew:true  isExperid:false   adListCacher.updatedIndex:0   force:false
E/zyb libadimgcache(28945): ScreenSaverAdManager check should updateOneNewCacheAd sourcePlace result:5  showCache:false  force:false
E/zyb libadimgcache(28945): ScreenSaverAdManager check should updateOneNewCacheAd sourcePlace:4  hasNew:true  isExperid:false   adListCacher.updatedIndex:0   force:false
E/zyb libadimgcache(28945): ScreenSaverAdManager check should updateOneNewCacheAd sourcePlace result:4  showCache:false  force:false
E/rcmdlog (28945): weather contoll datas : 1
E/rcmdlog (28945): weather contoll datas type : 14
E/rcmdlog (28945): weather throuth controll to load fb
E/rcmdlog (28945): weather will begin load ads's num is 3,cacheNum: 0,requestNum: 0
E/TopActivity(28945): -com.cleanmaster.mguard
E/rcmdlog (28945): weather throuth controll to clear picks: 0
E/zyb libadimgcache(28945): ScreenSaverAdManager check should updateOneNewCacheAd sourcePlace:3  hasNew:false  isExperid:false   adListCacher.updatedIndex:0   force:false
E/zyb libadimgcache(28945): ScreenSaverAdManager check should updateOneNewCacheAd sourcePlace result:3  showCache:true  force:false
D/AutostartService( 2872): set fg pkgname:com.cleanmaster.mguard
E/cpu_temp( 2872): startWatchForCurrentTemperature()
E/cpu_temp( 2872): MSG_ON_WATCH_CURRENT
E/rcmdlog (28945): reload data
I/cm.log.servpro( 2872): [Privacy]/ com.gau.go.launcherex is not in contact list
D/FacebookAdsSDK(28945): {APPVERS=5.10.8, TEMPLATE_ID=200, SDK=android, IDFA=d0496180-ace7-4b95-b6d0-440a70db1e61, BUNDLE=com.cleanmaster.mguard, MAKE=samsung, SDK_CAPABILITY=[3,4,5,7,11], CARRIER=VN VINAPHONE, DENSITY=2.0, REQUEST_TYPE=0, NUM_ADS_REQUESTED=1, PLACEMENT_TYPE=native, SDK_VERSION=4.1.2, ATTRIBUTION_ID=a64ca3db-fe3d-4fbe-8c3e-1ce07f30ac68, VIEWABLE=1, SCHEMA=json, ADAPTERS=AN, OS=Android, APPBUILD=51082472, OSVERS=4.3, PLACEMENT_ID=500847713340465_843185312440035, LOCALE=vi_VN, MODEL=GT-N7100, IDFA_FLAG=1, SCREEN_WIDTH=360, COPPA=false, SCREEN_HEIGHT=640, APPNAME=Clean Master, CLIENT_EVENTS=}
D/FacebookAdsSDK(28945): Facebook Ads SDK req start delay=39ms
D/FacebookAdsSDK(28945): {APPVERS=5.10.8, TEMPLATE_ID=200, SDK=android, IDFA=d0496180-ace7-4b95-b6d0-440a70db1e61, BUNDLE=com.cleanmaster.mguard, MAKE=samsung, SDK_CAPABILITY=[3,4,5,7,11], CARRIER=VN VINAPHONE, DENSITY=2.0, REQUEST_TYPE=0, NUM_ADS_REQUESTED=1, PLACEMENT_TYPE=native, SDK_VERSION=4.1.2, ATTRIBUTION_ID=a64ca3db-fe3d-4fbe-8c3e-1ce07f30ac68, VIEWABLE=1, SCHEMA=json, ADAPTERS=AN, OS=Android, APPBUILD=51082472, OSVERS=4.3, PLACEMENT_ID=500847713340465_843185402440026, LOCALE=vi_VN, MODEL=GT-N7100, IDFA_FLAG=1, SCREEN_WIDTH=360, COPPA=false, SCREEN_HEIGHT=640, APPNAME=Clean Master, CLIENT_EVENTS=}
D/TextLayoutCache(28945): Enable myanmar Zawgyi converter
D/TextLayoutCache(28945): Enable myanmar Zawgyi converter
D/TextLayoutCache(28945): Enable myanmar Zawgyi converter
D/TextLayoutCache(28945): Enable myanmar Zawgyi converter
D/TextLayoutCache(28945): Enable myanmar Zawgyi converter
D/TextLayoutCache(28945): Enable myanmar Zawgyi converter
D/TextLayoutCache(28945): Enable myanmar Zawgyi converter
D/TextLayoutCache(28945): Enable myanmar Zawgyi converter
D/FacebookAdsSDK(28945): Facebook Ads SDK req start delay=100ms
D/FacebookAdsSDK(28945): {APPVERS=5.10.8, TEMPLATE_ID=200, SDK=android, IDFA=d0496180-ace7-4b95-b6d0-440a70db1e61, BUNDLE=com.cleanmaster.mguard, MAKE=samsung, SDK_CAPABILITY=[3,4,5,7,11], CARRIER=VN VINAPHONE, DENSITY=2.0, REQUEST_TYPE=0, NUM_ADS_REQUESTED=1, PLACEMENT_TYPE=native, SDK_VERSION=4.1.2, ATTRIBUTION_ID=a64ca3db-fe3d-4fbe-8c3e-1ce07f30ac68, VIEWABLE=1, SCHEMA=json, ADAPTERS=AN, OS=Android, APPBUILD=51082472, OSVERS=4.3, PLACEMENT_ID=500847713340465_843185442440022, LOCALE=vi_VN, MODEL=GT-N7100, IDFA_FLAG=1, SCREEN_WIDTH=360, COPPA=false, SCREEN_HEIGHT=640, APPNAME=Clean Master, CLIENT_EVENTS=}
D/FacebookAdsSDK(28945): Facebook Ads SDK req start delay=120ms
E/rcmdlog (28945): com.cmplay.tiles2 show time:0 cloud num:0
D/TextLayoutCache(28945): Enable myanmar Zawgyi converter
D/TMSERVER/TMNetworkReceiver( 1534): TMNetworkReceiver.onReceive() usb file content is  major 0 minor 0 vendor 0
D/TMSERVER/TMNetworkReceiver( 1534): TMNetworkReceiver.onReceive() Major Version is: 0
D/TMSERVER/TMNetworkReceiver( 1534): TMNetworkReceiver.onReceive() Minor Version equal to 0
D/TMSERVER/TMNetworkReceiver( 1534): TMNetworkReceiver.onReceive() Retry reading the file..Sysfs might be updated after the Connected signal. counter -2
E/rcmdlog (28945): com.mopub.banner show time:0 cloud num:0
D/TextLayoutCache(28945): Enable myanmar Zawgyi converter
V/RealCellState( 2747): telephonyManager network type is 8
I/FacebookAdsSDK(28945): Facebook Ads SDK req complete 450ms 
I/FacebookAdsSDK(28945): AdProvider completed in 451ms
I/SurfaceFlinger( 1949): id=4642 createSurf (1x1),1 flag=4, TcreenSaver
D/SPenGesture( 2379): SpenGestureView: setFocusedWindow
D/STATUSBAR-StatusBarManagerService( 2379): manageDisableList what=0x0 pkg=WindowManager.LayoutParams
D/PointerIcon( 2379): setHoveringSpenIconStyle1 pointerType: 10001iconType:1 flag:0
D/PointerIcon( 2379): setHoveringSpenCustomIcon IconType is same.1
D/libEGL  (28945): loaded /system/lib/egl/libEGL_mali.so
D/libEGL  (28945): loaded /system/lib/egl/libGLESv1_CM_mali.so
D/libEGL  (28945): loaded /system/lib/egl/libGLESv2_mali.so
D/TMSERVER/TMNetworkReceiver( 1534): TMNetworkReceiver.onReceive() Exit 
D/TMSERVER/TMNetworkReceiver( 1534): TMNetworkReceiver.handleMessage - enter1 main
D/TMSERVER/TMNetworkReceiver( 1534): TMNetworkReceiver.handleMessage - enter action = 0
D/TMSERVER/TMNetworkReceiver( 1534): TMNetworkReceiver.handleMessage - finsihed case 0 mIsSCMInstalled = false
D/TMSERVER/TMNetworkReceiver( 1534): TMNetworkReceiver.handleMessage - exit
E/        (28945): Device driver API match
E/        (28945): Device driver API version: 23
E/        (28945): User space API version: 23 
E/        (28945): mali: REVISION=Linux-r3p2-01rel3 BUILD_DATE=Fri Nov 29 14:18:37 KST 2013 
D/TMSERVER/TMLogRemovalReceiver( 1534): TMLogRemovalReceiver.onReceive() Enter isCalled =true
D/TMSERVER/TMLogRemovalReceiver( 1534): TMLogRemovalReceiver.onReceive() Exit
D/STATUSBAR-NetworkController( 2645): refreshSignalCluster: data=0 bt=false
D/AT_Distributor( 1969): Send Msg [UART > ATD] 1 bytes <>
D/OpenGLRenderer(28945): Enabling debug mode 0
I/FacebookAdsSDK(28945): Facebook Ads SDK req complete 547ms 
I/FacebookAdsSDK(28945): AdProvider completed in 549ms
I/FacebookAdsSDK(28945): Facebook Ads SDK req complete 593ms 
I/FacebookAdsSDK(28945): AdProvider completed in 597ms
E/rcmdlog (28945): on result, item count = 3
E/rcmdlog (28945): is screen locked false
E/rcmdlog (28945): loadMopub
D/dalvikvm( 2379): GC_EXPLICIT freed 1032K, 22% free 48301K/61168K, paused 4ms+17ms, total 214ms
D/LocationManagerService( 2379): getLastLocation: Request[ACCURACY_FINE gps requested=0 fastest=0 num=1]
D/MoPub   (28945): Failed to retrieve GPS location: access appears to be disabled.
D/LocationManagerService( 2379): getLastLocation: Request[POWER_LOW network requested=0 fastest=0 num=1]
D/MoPub   (28945): Failed to retrieve network location: access appears to be disabled.
D/MoPub   (28945): Loading ad from: http://ads.mopub.com/m/ad?id=d7701c27bdb14a4bb515ec59c2a14392&nsv=3.7.0&dn=samsung%2CGT-N7100%2Ct03gxx&bundle=com.cleanmaster.mguard&z=%2B0700&o=p&w=720&h=1280&sc_a=2.0&mcc=452&mnc=02&iso=vn&cn=VN%20VINAPHONE&ct=2&av=5.10.8&udid=mp_tmpl_advertising_id&dnt=mp_tmpl_do_not_track
E/rcmdlog (28945): is screen locked false
E/rcmdlog (28945): is screen locked false
D/rcmdlog (28945): is picks ad
E/rcmdlog (28945): is fb ad
D/MoPub   (28945): Unable to obtain Google AdvertisingIdClient.Info via reflection.
W/Settings(28945): Setting android_id has moved from android.provider.Settings.System to android.provider.Settings.Secure, returning read-only value.
E/MTPJNIInterface( 2128): Status for mount/Unmount :removed
E/MTPJNIInterface( 2128): SDcard is not avail